Archive member included to satisfy reference by file (symbol)

../sodium/sodium-1.0.15/lib/libsodium.a(libsodium_la-crypto_secretbox_easy.o)
                              build/main.o (crypto_secretbox_easy)
../sodium/sodium-1.0.15/lib/libsodium.a(libsodium_la-stream_salsa20.o)
                              ../sodium/sodium-1.0.15/lib/libsodium.a(libsodium_la-crypto_secretbox_easy.o) (crypto_stream_salsa20)
../sodium/sodium-1.0.15/lib/libsodium.a(libsodium_la-randombytes.o)
                              ../sodium/sodium-1.0.15/lib/libsodium.a(libsodium_la-stream_salsa20.o) (randombytes_buf)
../sodium/sodium-1.0.15/lib/libsodium.a(libsodium_la-core.o)
                              build/main.o (sodium_init)
../sodium/sodium-1.0.15/lib/libsodium.a(libsodium_la-runtime.o)
                              ../sodium/sodium-1.0.15/lib/libsodium.a(libsodium_la-core.o) (_sodium_runtime_get_cpu_features)
../sodium/sodium-1.0.15/lib/libsodium.a(libsodium_la-utils.o)
                              ../sodium/sodium-1.0.15/lib/libsodium.a(libsodium_la-crypto_secretbox_easy.o) (sodium_memzero)
../sodium/sodium-1.0.15/lib/libsodium.a(libsodium_la-randombytes_sysrandom.o)
                              ../sodium/sodium-1.0.15/lib/libsodium.a(libsodium_la-randombytes.o) (randombytes_sysrandom_implementation)
../sodium/sodium-1.0.15/lib/libsodium.a(libsodium_la-salsa20_ref.o)
                              ../sodium/sodium-1.0.15/lib/libsodium.a(libsodium_la-stream_salsa20.o) (crypto_stream_salsa20_ref_implementation)
../sodium/sodium-1.0.15/lib/libsodium.a(libsodium_la-core_hsalsa20_ref2.o)
                              ../sodium/sodium-1.0.15/lib/libsodium.a(libsodium_la-crypto_secretbox_easy.o) (crypto_core_hsalsa20)
../sodium/sodium-1.0.15/lib/libsodium.a(libsodium_la-core_salsa_ref.o)
                              ../sodium/sodium-1.0.15/lib/libsodium.a(libsodium_la-salsa20_ref.o) (crypto_core_salsa20)
../sodium/sodium-1.0.15/lib/libsodium.a(libsodium_la-onetimeauth_poly1305.o)
                              ../sodium/sodium-1.0.15/lib/libsodium.a(libsodium_la-crypto_secretbox_easy.o) (crypto_onetimeauth_poly1305_verify)
../sodium/sodium-1.0.15/lib/libsodium.a(libsodium_la-poly1305_donna.o)
                              ../sodium/sodium-1.0.15/lib/libsodium.a(libsodium_la-onetimeauth_poly1305.o) (crypto_onetimeauth_poly1305_donna_implementation)
../sodium/sodium-1.0.15/lib/libsodium.a(libsodium_la-stream_chacha20.o)
                              ../sodium/sodium-1.0.15/lib/libsodium.a(libsodium_la-randombytes.o) (crypto_stream_chacha20_ietf)
../sodium/sodium-1.0.15/lib/libsodium.a(libsodium_la-chacha20_ref.o)
                              ../sodium/sodium-1.0.15/lib/libsodium.a(libsodium_la-stream_chacha20.o) (crypto_stream_chacha20_ref_implementation)
../sodium/sodium-1.0.15/lib/libsodium.a(libsodium_la-verify.o)
                              ../sodium/sodium-1.0.15/lib/libsodium.a(libsodium_la-poly1305_donna.o) (crypto_verify_16)
/usr/lib/gcc/arm-none-eabi/13.2.1/../../../arm-none-eabi/lib/thumb/v7e-m/nofp/libg.a(libc_a-rand.o)
                              build/main.o (rand)
/usr/lib/gcc/arm-none-eabi/13.2.1/../../../arm-none-eabi/lib/thumb/v7e-m/nofp/libg.a(libc_a-strlen.o)
                              lib_build/CDCClassDevice.o (strlen)
/usr/lib/gcc/arm-none-eabi/13.2.1/../../../arm-none-eabi/lib/thumb/v7e-m/nofp/libg.a(libc_a-memset.o)
                              build/packetizer.o (memset)
/usr/lib/gcc/arm-none-eabi/13.2.1/../../../arm-none-eabi/lib/thumb/v7e-m/nofp/libg.a(libc_a-assert.o)
                              ../sodium/sodium-1.0.15/lib/libsodium.a(libsodium_la-randombytes.o) (__assert_func)
/usr/lib/gcc/arm-none-eabi/13.2.1/../../../arm-none-eabi/lib/thumb/v7e-m/nofp/libg.a(libc_a-explicit_bzero.o)
                              ../sodium/sodium-1.0.15/lib/libsodium.a(libsodium_la-utils.o) (explicit_bzero)
/usr/lib/gcc/arm-none-eabi/13.2.1/../../../arm-none-eabi/lib/thumb/v7e-m/nofp/libg.a(libc_a-sysclose.o)
                              ../sodium/sodium-1.0.15/lib/libsodium.a(libsodium_la-randombytes_sysrandom.o) (close)
/usr/lib/gcc/arm-none-eabi/13.2.1/../../../arm-none-eabi/lib/thumb/v7e-m/nofp/libg.a(libc_a-memmove.o)
                              ../sodium/sodium-1.0.15/lib/libsodium.a(libsodium_la-crypto_secretbox_easy.o) (memmove)
/usr/lib/gcc/arm-none-eabi/13.2.1/../../../arm-none-eabi/lib/thumb/v7e-m/nofp/libg.a(libc_a-calloc.o)
                              build/packetizer.o (calloc)
/usr/lib/gcc/arm-none-eabi/13.2.1/../../../arm-none-eabi/lib/thumb/v7e-m/nofp/libg.a(libc_a-errno.o)
                              lib_build/syscalls.o (__errno)
/usr/lib/gcc/arm-none-eabi/13.2.1/../../../arm-none-eabi/lib/thumb/v7e-m/nofp/libg.a(libc_a-impure.o)
                              /usr/lib/gcc/arm-none-eabi/13.2.1/../../../arm-none-eabi/lib/thumb/v7e-m/nofp/libg.a(libc_a-rand.o) (_impure_ptr)
/usr/lib/gcc/arm-none-eabi/13.2.1/../../../arm-none-eabi/lib/thumb/v7e-m/nofp/libg.a(libc_a-abort.o)
[...]
Memory Configuration

Name             Origin             Length             Attributes
FLASH_1_cached   0x08000000         0x00100000         xr
FLASH_1_uncached 0x0c000000         0x00100000         xr
PSRAM_1          0x10000000         0x00010000         !xr
DSRAM_1_system   0x20000000         0x00010000         !xr
DSRAM_2_comm     0x30000000         0x00008000         !xr
*default*        0x00000000         0xffffffff

Linker script and memory map

LOAD build/main.o
LOAD build/clockSetup.o
LOAD build/VirtualSerial.o
LOAD build/Descriptors.o
LOAD build/packetizer.o
LOAD build/crypto.o
LOAD build/base64url.o
LOAD build/MPUeasy.o
LOAD build/stack_protector.o
LOAD lib_build/USBController_XMC4000.o
LOAD lib_build/xmc_usbd.o
LOAD lib_build/CDCClassDevice.o
LOAD lib_build/USBTask.o
LOAD lib_build/Endpoint_XMC4000.o
LOAD lib_build/xmc4_scu.o
LOAD lib_build/EndpointStream_XMC4000.o
LOAD lib_build/memcpy.o
LOAD lib_build/xmc_gpio.o
LOAD lib_build/xmc4_gpio.o
LOAD lib_build/xmc_ccu4.o
LOAD lib_build/startup_XMC4500.o
LOAD lib_build/system_XMC4500.o
LOAD lib_build/syscalls.o
LOAD ../sodium/sodium-1.0.15/lib/libsodium.a
START GROUP
LOAD /usr/lib/gcc/arm-none-eabi/13.2.1/thumb/v7e-m/nofp/libgcc.a
LOAD /usr/lib/gcc/arm-none-eabi/13.2.1/../../../arm-none-eabi/lib/thumb/v7e-m/nofp/libg.a
LOAD /usr/lib/gcc/arm-none-eabi/13.2.1/../../../arm-none-eabi/lib/thumb/v7e-m/nofp/libc.a
END GROUP
START GROUP
LOAD /usr/lib/gcc/arm-none-eabi/13.2.1/thumb/v7e-m/nofp/libgcc.a
LOAD /usr/lib/gcc/arm-none-eabi/13.2.1/../../../arm-none-eabi/lib/thumb/v7e-m/nofp/libc.a
LOAD /usr/lib/gcc/arm-none-eabi/13.2.1/../../../arm-none-eabi/lib/thumb/v7e-m/nofp/libnosys.a
END GROUP
                0x00000800                        stack_size = DEFINED (stack_size)?stack_size:0x800
                0x00000040                        no_init_size = 0x40

.text           0x08000000     0x9278 load address 0x0c000000
                0x08000000                        sText = .
 *(.reset)
 .reset         0x08000000      0x2b2 lib_build/startup_XMC4500.o
                0x08000000                __Vectors
                0x08000200                Reset_Handler
                0x080002b0                VADC0_C0_3_IRQHandler
                0x080002b0                DSD0_7_IRQHandler
                0x080002b0                DebugMon_Handler
                0x080002b0                VADC0_C0_0_IRQHandler
                0x080002b0                CAN0_4_IRQHandler
                0x080002b0                VADC0_G2_0_IRQHandler
                0x080002b0                USIC0_5_IRQHandler
                0x080002b0                POSIF0_0_IRQHandler
                0x080002b0                POSIF1_0_IRQHandler
                0x080002b0                VADC0_G1_1_IRQHandler
                0x080002b0                SysTick_Handler
                0x080002b0                PendSV_Handler
                0x080002b0                NMI_Handler
                0x080002b0                USIC1_3_IRQHandler
                0x080002b0                CCU40_2_IRQHandler
                0x080002b0                SCU_0_IRQHandler
                0x080002b0                ERU0_0_IRQHandler
                0x080002b0                CCU41_0_IRQHandler
                0x080002b0                USIC1_5_IRQHandler
                0x080002b0                DSD0_4_IRQHandler
                0x080002b0                CCU80_1_IRQHandler
                0x080002b0                CCU81_0_IRQHandler
                0x080002b0                USIC0_0_IRQHandler
                0x080002b0                POSIF1_1_IRQHandler
                0x080002b0                ERU0_2_IRQHandler
                0x080002b0                CCU81_1_IRQHandler
                0x080002b0                ERU1_1_IRQHandler
                0x080002b0                VADC0_G2_3_IRQHandler
                0x080002b0                VADC0_G2_2_IRQHandler
                0x080002b0                CCU42_3_IRQHandler
                0x080002b0                ERU0_3_IRQHandler
                0x080002b0                DSD0_5_IRQHandler
                0x080002b0                CAN0_6_IRQHandler
                0x080002b0                CCU43_0_IRQHandler
                0x080002b0                VADC0_G0_1_IRQHandler
                0x080002b0                CCU81_2_IRQHandler
                0x080002b0                USIC2_4_IRQHandler
                0x080002b0                CCU81_3_IRQHandler
                0x080002b0                CCU42_1_IRQHandler
                0x080002b0                USIC1_1_IRQHandler
                0x080002b0                USIC2_5_IRQHandler
                0x080002b0                CCU40_0_IRQHandler
                0x080002b0                CAN0_0_IRQHandler
                0x080002b0                ERU1_0_IRQHandler
                0x080002b0                CCU42_2_IRQHandler
                0x080002b0                Default_Handler
                0x080002b0                USIC1_4_IRQHandler
                0x080002b0                ERU1_3_IRQHandler
                0x080002b0                USIC1_0_IRQHandler
                0x080002b0                POSIF0_1_IRQHandler
                0x080002b0                VADC0_G0_0_IRQHandler
                0x080002b0                DSD0_2_IRQHandler
                0x080002b0                CCU80_3_IRQHandler
                0x080002b0                CCU41_3_IRQHandler
                0x080002b0                CCU80_2_IRQHandler
                0x080002b0                VADC0_G1_3_IRQHandler
                0x080002b0                VADC0_G0_3_IRQHandler
                0x080002b0                GPDMA0_0_IRQHandler
                0x080002b0                PMU0_0_IRQHandler
                0x080002b0                CAN0_7_IRQHandler
                0x080002b0                DSD0_1_IRQHandler
                0x080002b0                CCU41_2_IRQHandler
                0x080002b0                VADC0_C0_1_IRQHandler
                0x080002b0                CCU43_2_IRQHandler
                0x080002b0                USIC2_2_IRQHandler
                0x080002b0                VADC0_G3_1_IRQHandler
                0x080002b0                DAC0_0_IRQHandler
                0x080002b0                SVC_Handler
                0x080002b0                VADC0_G3_3_IRQHandler
                0x080002b0                ERU1_2_IRQHandler
                0x080002b0                CCU41_1_IRQHandler
                0x080002b0                DSD0_6_IRQHandler
                0x080002b0                CCU43_1_IRQHandler
                0x080002b0                VADC0_G1_2_IRQHandler
                0x080002b0                USIC2_3_IRQHandler
                0x080002b0                CAN0_2_IRQHandler
                0x080002b0                USIC2_0_IRQHandler
                0x080002b0                VADC0_G0_2_IRQHandler
                0x080002b0                VADC0_G2_1_IRQHandler
                0x080002b0                CAN0_3_IRQHandler
                0x080002b0                ETH0_0_IRQHandler
                0x080002b0                USIC0_3_IRQHandler
                0x080002b0                DSD0_0_IRQHandler
                0x080002b0                VADC0_C0_2_IRQHandler
                0x080002b0                CCU42_0_IRQHandler
                0x080002b0                FCE0_0_IRQHandler
                0x080002b0                VADC0_G1_0_IRQHandler
                0x080002b0                CAN0_5_IRQHandler
                0x080002b0                CCU80_0_IRQHandler
                0x080002b0                CCU40_1_IRQHandler
                0x080002b0                USIC2_1_IRQHandler
                0x080002b0                USIC0_1_IRQHandler
                0x080002b0                VADC0_G3_2_IRQHandler
                0x080002b0                CCU40_3_IRQHandler
                0x080002b0                LEDTS0_0_IRQHandler
                0x080002b0                USIC0_4_IRQHandler
                0x080002b0                CCU43_3_IRQHandler
                0x080002b0                ERU0_1_IRQHandler
                0x080002b0                VADC0_G3_0_IRQHandler
                0x080002b0                USIC1_2_IRQHandler
                0x080002b0                DSD0_3_IRQHandler
                0x080002b0                SDMMC0_0_IRQHandler
                0x080002b0                CAN0_1_IRQHandler
                0x080002b0                USIC0_2_IRQHandler
                0x080002b0                DAC0_1_IRQHandler
                0x080002b0                GPDMA1_0_IRQHandler
 *(.text .text.* .gnu.linkonce.t.*)
 .text          0x080002b2        0x0 build/main.o
 *fill*         0x080002b2        0x2 
 .text.main     0x080002b4       0xb0 build/main.o
                0x080002b4                main
 .text          0x08000364        0x0 build/clockSetup.o
 .text.SystemCoreClockSetup
                0x08000364       0x94 build/clockSetup.o
                0x08000364                SystemCoreClockSetup
 .text.HardFault_Handler
                0x080003f8        0x2 build/clockSetup.o
                0x080003f8                HardFault_Handler
 .text.BusFault_Handler
                0x080003fa        0x2 build/clockSetup.o
                0x080003fa                BusFault_Handler
 .text.UsageFault_Handler
                0x080003fc        0x2 build/clockSetup.o
                0x080003fc                UsageFault_Handler
 .text          0x080003fe        0x0 build/VirtualSerial.o
 *fill*         0x080003fe        0x2 
 .text.USB0_0_IRQHandler
                0x08000400       0x10 build/VirtualSerial.o
                0x08000400                USB0_0_IRQHandler
 .text.USB_Init
                0x08000410       0x6c build/VirtualSerial.o
                0x08000410                USB_Init
 .text.EVENT_USB_Device_Connect
                0x0800047c        0x2 build/VirtualSerial.o
                0x0800047c                EVENT_USB_Device_Connect
 .text.EVENT_USB_Device_Disconnect
                0x0800047e        0x2 build/VirtualSerial.o
                0x0800047e                EVENT_USB_Device_Disconnect
 .text.EVENT_USB_Device_Reset
                0x08000480       0x28 build/VirtualSerial.o
                0x08000480                EVENT_USB_Device_Reset
 .text.EVENT_USB_Device_ConfigurationChanged
                0x080004a8       0x48 build/VirtualSerial.o
                0x080004a8                EVENT_USB_Device_ConfigurationChanged
 .text.EVENT_USB_Device_ControlRequest
                0x080004f0       0x10 build/VirtualSerial.o
                0x080004f0                EVENT_USB_Device_ControlRequest
 .text.EVENT_USB_Device_StartOfFrame
                0x08000500        0x2 build/VirtualSerial.o
                0x08000500                EVENT_USB_Device_StartOfFrame
 .text.EVENT_USB_Device_WakeUp
                0x08000502        0x2 build/VirtualSerial.o
                0x08000502                EVENT_USB_Device_WakeUp
 .text.EVENT_USB_Device_Suspend
                0x08000504        0x2 build/VirtualSerial.o
                0x08000504                EVENT_USB_Device_Suspend
 .text          0x08000506        0x0 build/Descriptors.o
 *fill*         0x08000506        0x2 
 .text.CALLBACK_USB_GetDescriptor
                0x08000508       0x5c build/Descriptors.o
                0x08000508                CALLBACK_USB_GetDescriptor
 .text          0x08000564        0x0 build/packetizer.o
 .text.packetizerReceiveByteBlocking
                0x08000564       0x24 build/packetizer.o
                0x08000564                packetizerReceiveByteBlocking
 .text.packetizerReadHeader
                0x08000588       0xf0 build/packetizer.o
                0x08000588                packetizerReadHeader
 .text.packetizerReadText
                0x08000678       0x98 build/packetizer.o
                0x08000678                packetizerReadText
 .text.packetizerReceive
                0x08000710       0x1e build/packetizer.o
                0x08000710                packetizerReceive
 *fill*         0x0800072e        0x2 
 .text.packetizerSend
                0x08000730       0x54 build/packetizer.o
                0x08000730                packetizerSend
 .text          0x08000784        0x0 build/crypto.o
 .text.encrypt  0x08000784       0x68 build/crypto.o
                0x08000784                encrypt
 .text.getCiphertextLength
                0x080007ec        0x2 build/crypto.o
                0x080007ec                getCiphertextLength
 .text          0x080007ee        0x0 build/base64url.o
 *fill*         0x080007ee        0x2 
 .text.base64_encode
                0x080007f0       0xdc build/base64url.o
                0x080007f0                base64_encode
 .text.base64_encode_alloc
                0x080008cc       0x48 build/base64url.o
                0x080008cc                base64_encode_alloc
 .text.isbase64
                0x08000914       0x14 build/base64url.o
                0x08000914                isbase64
 .text.base64_decode
                0x08000928       0xb8 build/base64url.o
                0x08000928                base64_decode
 .text.base64_decode_alloc
                0x080009e0       0x4e build/base64url.o
                0x080009e0                base64_decode_alloc
 .text          0x08000a2e        0x0 build/MPUeasy.o
 .text.enableMPU
                0x08000a2e       0x2c build/MPUeasy.o
                0x08000a2e                enableMPU
 .text.disableMPU
                0x08000a5a       0x1c build/MPUeasy.o
                0x08000a5a                disableMPU
 .text.configMPU
                0x08000a76       0x98 build/MPUeasy.o
                0x08000a76                configMPU
 .text.MemManage_Handler
                0x08000b0e       0x18 build/MPUeasy.o
                0x08000b0e                MemManage_Handler
 .text          0x08000b26        0x0 build/stack_protector.o
 *fill*         0x08000b26        0x2 
 .text.__NVIC_SystemReset
                0x08000b28       0x24 build/stack_protector.o
                0x08000b28                __stack_chk_fail
 .text          0x08000b4c        0x0 lib_build/USBController_XMC4000.o
 .text.USBD_HandleEP0_Stall
                0x08000b4c       0x24 lib_build/USBController_XMC4000.o
                0x08000b4c                USBD_HandleEP0_Stall
 .text.USB_Device_ProcessControlRequest
                0x08000b70      0x324 lib_build/USBController_XMC4000.o
                0x08000b70                USB_Device_ProcessControlRequest
 .text.USBD_HandleEP0_IN
                0x08000e94       0x3c lib_build/USBController_XMC4000.o
                0x08000e94                USBD_HandleEP0_IN
 .text.USBD_HandleEP0_OUT
                0x08000ed0       0x44 lib_build/USBController_XMC4000.o
                0x08000ed0                USBD_HandleEP0_OUT
 .text.USBD_HandleEP0_SETUP
                0x08000f14       0x70 lib_build/USBController_XMC4000.o
                0x08000f14                USBD_HandleEP0_SETUP
 .text.USBD_SignalDeviceEventHandler
                0x08000f84      0x13c lib_build/USBController_XMC4000.o
                0x08000f84                USBD_SignalDeviceEventHandler
 .text.USBD_SignalEndpointEvent_Handler
                0x080010c0      0x134 lib_build/USBController_XMC4000.o
                0x080010c0                USBD_SignalEndpointEvent_Handler
 .text.USBD_Initialize
                0x080011f4       0x70 lib_build/USBController_XMC4000.o
                0x080011f4                USBD_Initialize
 .text.USB_IsEnumDone
                0x08001264       0x18 lib_build/USBController_XMC4000.o
                0x08001264                USB_IsEnumDone
 .text.USBD_SetEndpointBuffer
                0x0800127c       0x24 lib_build/USBController_XMC4000.o
                0x0800127c                USBD_SetEndpointBuffer
 .text          0x080012a0        0x0 lib_build/xmc_usbd.o
 .text.XMC_USBD_lReadFifo
                0x080012a0       0xb4 lib_build/xmc_usbd.o
 .text.XMC_USBD_lFlushTXFifo
                0x08001354       0x4c lib_build/xmc_usbd.o
 .text.XMC_USBD_lFlushRXFifo
                0x080013a0       0x40 lib_build/xmc_usbd.o
 .text.XMC_USBD_lStartReadXfer
                0x080013e0       0xa8 lib_build/xmc_usbd.o
 .text.XMC_USBD_lStartWriteXfer
                0x08001488       0xcc lib_build/xmc_usbd.o
 .text.XMC_USBD_GetCapabilities
                0x08001554        0x6 lib_build/xmc_usbd.o
                0x08001554                XMC_USBD_GetCapabilities
 *fill*         0x0800155a        0x2 
 .text.XMC_USBD_DeviceConnect
                0x0800155c       0x18 lib_build/xmc_usbd.o
                0x0800155c                XMC_USBD_DeviceConnect
 .text.XMC_USBD_DeviceDisconnect
                0x08001574       0x18 lib_build/xmc_usbd.o
                0x08001574                XMC_USBD_DeviceDisconnect
 .text.XMC_USBD_EndpointReadStart
                0x0800158c       0x5c lib_build/xmc_usbd.o
                0x0800158c                XMC_USBD_EndpointReadStart
 .text.XMC_USBD_DeviceSetAddress
                0x080015e8       0x18 lib_build/xmc_usbd.o
                0x080015e8                XMC_USBD_DeviceSetAddress
 .text.XMC_USBD_EndpointStall
                0x08001600       0xb0 lib_build/xmc_usbd.o
                0x08001600                XMC_USBD_EndpointStall
 .text.XMC_USBD_EndpointAbort
                0x080016b0       0x58 lib_build/xmc_usbd.o
                0x080016b0                XMC_USBD_EndpointAbort
 .text.XMC_USBD_EndpointUnconfigure
                0x08001708      0x10c lib_build/xmc_usbd.o
                0x08001708                XMC_USBD_EndpointUnconfigure
 .text.XMC_USBD_GetFrameNumber
                0x08001814       0x14 lib_build/xmc_usbd.o
                0x08001814                XMC_USBD_GetFrameNumber
 .text.XMC_USBD_IsEnumDone
                0x08001828       0x18 lib_build/xmc_usbd.o
                0x08001828                XMC_USBD_IsEnumDone
 .text.XMC_USBD_Uninitialize
                0x08001840       0x24 lib_build/xmc_usbd.o
                0x08001840                XMC_USBD_Uninitialize
 .text.XMC_USBD_EndpointConfigure
                0x08001864      0x278 lib_build/xmc_usbd.o
                0x08001864                XMC_USBD_EndpointConfigure
 .text.XMC_USBD_EndpointRead
                0x08001adc       0x40 lib_build/xmc_usbd.o
                0x08001adc                XMC_USBD_EndpointRead
 .text.XMC_USBD_EndpointWrite
                0x08001b1c       0x68 lib_build/xmc_usbd.o
                0x08001b1c                XMC_USBD_EndpointWrite
 .text.XMC_USBD_lDeviceActive
                0x08001b84       0x44 lib_build/xmc_usbd.o
                0x08001b84                XMC_USBD_lDeviceActive
 .text.XMC_USBD_DeviceGetState
                0x08001bc8       0x34 lib_build/xmc_usbd.o
                0x08001bc8                XMC_USBD_DeviceGetState
 .text.XMC_USBD_Enable
                0x08001bfc       0x14 lib_build/xmc_usbd.o
                0x08001bfc                XMC_USBD_Enable
 .text.XMC_USBD_Init
                0x08001c10      0x11c lib_build/xmc_usbd.o
                0x08001c10                XMC_USBD_Init
 .text.XMC_USBD_Disable
                0x08001d2c       0x14 lib_build/xmc_usbd.o
                0x08001d2c                XMC_USBD_Disable
 .text.XMC_USBD_ClearEvent
                0x08001d40       0x58 lib_build/xmc_usbd.o
                0x08001d40                XMC_USBD_ClearEvent
 .text.XMC_USBD_ClearEventINEP
                0x08001d98       0x10 lib_build/xmc_usbd.o
                0x08001d98                XMC_USBD_ClearEventINEP
 .text.XMC_USBD_ClearEventOUTEP
                0x08001da8       0x14 lib_build/xmc_usbd.o
                0x08001da8                XMC_USBD_ClearEventOUTEP
 .text.XMC_USBD_EnableEventOUTEP
                0x08001dbc       0x14 lib_build/xmc_usbd.o
                0x08001dbc                XMC_USBD_EnableEventOUTEP
 .text.XMC_USBD_EnableEventINEP
                0x08001dd0       0x14 lib_build/xmc_usbd.o
                0x08001dd0                XMC_USBD_EnableEventINEP
 .text.XMC_USBD_IRQHandler
                0x08001de4      0x528 lib_build/xmc_usbd.o
                0x08001de4                XMC_USBD_IRQHandler
 .text          0x0800230c        0x0 lib_build/CDCClassDevice.o
 .text.CDC_Device_ConfigureEndpoints
                0x0800230c       0x44 lib_build/CDCClassDevice.o
                0x0800230c                CDC_Device_ConfigureEndpoints
 .text.CDC_Device_SendString
                0x08002350       0x48 lib_build/CDCClassDevice.o
                0x08002350                CDC_Device_SendString
 .text.CDC_Device_SendData
                0x08002398       0x48 lib_build/CDCClassDevice.o
                0x08002398                CDC_Device_SendData
 .text.CDC_Device_SendByte
                0x080023e0       0x50 lib_build/CDCClassDevice.o
                0x080023e0                CDC_Device_SendByte
 .text.CDC_Device_Flush
                0x08002430       0x7c lib_build/CDCClassDevice.o
                0x08002430                CDC_Device_Flush
 .text.CDC_Device_USBTask
                0x080024ac       0x50 lib_build/CDCClassDevice.o
                0x080024ac                CDC_Device_USBTask
 .text.CDC_Device_BytesReceived
                0x080024fc       0x74 lib_build/CDCClassDevice.o
                0x080024fc                CDC_Device_BytesReceived
 .text.CDC_Device_ReceiveByte
                0x08002570       0xbc lib_build/CDCClassDevice.o
                0x08002570                CDC_Device_ReceiveByte
 .text.CDC_Device_SendControlLineStateChange
                0x0800262c       0x64 lib_build/CDCClassDevice.o
                0x0800262c                CDC_Device_SendControlLineStateChange
 .text.EVENT_CDC_Device_LineEncodingChanged
                0x08002690        0x2 lib_build/CDCClassDevice.o
                0x08002690                EVENT_CDC_Device_LineEncodingChanged
 .text.EVENT_CDC_Device_ControLineStateChanged
                0x08002692        0x2 lib_build/CDCClassDevice.o
                0x08002692                EVENT_CDC_Device_ControLineStateChanged
 .text.EVENT_CDC_Device_BreakSent
                0x08002694        0x2 lib_build/CDCClassDevice.o
                0x08002694                EVENT_CDC_Device_BreakSent
 *fill*         0x08002696        0x2 
 .text.CDC_Device_ProcessControlRequest
                0x08002698      0x12c lib_build/CDCClassDevice.o
                0x08002698                CDC_Device_ProcessControlRequest
 .text          0x080027c4        0x0 lib_build/USBTask.o
 .text.USB_USBTask
                0x080027c4       0x4c lib_build/USBTask.o
                0x080027c4                USB_USBTask
 .text          0x08002810        0x0 lib_build/Endpoint_XMC4000.o
 .text.Endpoint_WaitUntilReady
                0x08002810       0xa0 lib_build/Endpoint_XMC4000.o
                0x08002810                Endpoint_WaitUntilReady
 .text.Endpoint_ClearOUT
                0x080028b0       0x5c lib_build/Endpoint_XMC4000.o
                0x080028b0                Endpoint_ClearOUT
 .text.Endpoint_ClearIN
                0x0800290c       0xb8 lib_build/Endpoint_XMC4000.o
                0x0800290c                Endpoint_ClearIN
 .text.Endpoint_IsReadWriteAllowed
                0x080029c4       0x40 lib_build/Endpoint_XMC4000.o
                0x080029c4                Endpoint_IsReadWriteAllowed
 .text.Endpoint_Write_8
                0x08002a04       0x2c lib_build/Endpoint_XMC4000.o
                0x08002a04                Endpoint_Write_8
 .text.Endpoint_Read_8
                0x08002a30       0x30 lib_build/Endpoint_XMC4000.o
                0x08002a30                Endpoint_Read_8
 .text.Endpoint_Write_32_LE
                0x08002a60       0x30 lib_build/Endpoint_XMC4000.o
                0x08002a60                Endpoint_Write_32_LE
 .text.Endpoint_Read_32_LE
                0x08002a90       0x30 lib_build/Endpoint_XMC4000.o
                0x08002a90                Endpoint_Read_32_LE
 .text.Endpoint_ConfigureEndpointTable
                0x08002ac0       0x6c lib_build/Endpoint_XMC4000.o
                0x08002ac0                Endpoint_ConfigureEndpointTable
 .text          0x08002b2c        0x0 lib_build/xmc4_scu.o
 .text.XMC_SCU_lDelay
                0x08002b2c       0x30 lib_build/xmc4_scu.o
 .text.XMC_SCU_INTERRUPT_EnableEvent
                0x08002b5c       0x10 lib_build/xmc4_scu.o
                0x08002b5c                XMC_SCU_INTERRUPT_EnableEvent
 .text.XMC_SCU_INTERRUPT_DisableEvent
                0x08002b6c       0x10 lib_build/xmc4_scu.o
                0x08002b6c                XMC_SCU_INTERRUPT_DisableEvent
 .text.XMC_SCU_INTERRUPT_TriggerEvent
                0x08002b7c       0x14 lib_build/xmc4_scu.o
                0x08002b7c                XMC_SCU_INTERRUPT_TriggerEvent
 .text.XMC_SCU_INTERUPT_GetEventStatus
                0x08002b90        0xc lib_build/xmc4_scu.o
                0x08002b90                XMC_SCU_INTERUPT_GetEventStatus
 .text.XMC_SCU_INTERRUPT_ClearEventStatus
                0x08002b9c        0xc lib_build/xmc4_scu.o
                0x08002b9c                XMC_SCU_INTERRUPT_ClearEventStatus
 .text.XMC_SCU_GetBootMode
                0x08002ba8       0x10 lib_build/xmc4_scu.o
                0x08002ba8                XMC_SCU_GetBootMode
 .text.XMC_SCU_SetBootMode
                0x08002bb8        0xc lib_build/xmc4_scu.o
                0x08002bb8                XMC_SCU_SetBootMode
 .text.XMC_SCU_ReadGPR
                0x08002bc4        0xc lib_build/xmc4_scu.o
                0x08002bc4                XMC_SCU_ReadGPR
 .text.XMC_SCU_WriteGPR
                0x08002bd0        0xc lib_build/xmc4_scu.o
                0x08002bd0                XMC_SCU_WriteGPR
 .text.XMC_SCU_EnableOutOfRangeComparator
                0x08002bdc       0x1a lib_build/xmc4_scu.o
                0x08002bdc                XMC_SCU_EnableOutOfRangeComparator
 .text.XMC_SCU_DisableOutOfRangeComparator
                0x08002bf6       0x1c lib_build/xmc4_scu.o
                0x08002bf6                XMC_SCU_DisableOutOfRangeComparator
 *fill*         0x08002c12        0x2 
 .text.XMC_SCU_CalibrateTemperatureSensor
                0x08002c14       0x18 lib_build/xmc4_scu.o
                0x08002c14                XMC_SCU_CalibrateTemperatureSensor
 .text.XMC_SCU_EnableTemperatureSensor
                0x08002c2c       0x14 lib_build/xmc4_scu.o
                0x08002c2c                XMC_SCU_EnableTemperatureSensor
 .text.XMC_SCU_DisableTemperatureSensor
                0x08002c40       0x14 lib_build/xmc4_scu.o
                0x08002c40                XMC_SCU_DisableTemperatureSensor
 .text.XMC_SCU_IsTemperatureSensorEnabled
                0x08002c54       0x14 lib_build/xmc4_scu.o
                0x08002c54                XMC_SCU_IsTemperatureSensorEnabled
 .text.XMC_SCU_IsTemperatureSensorReady
                0x08002c68       0x10 lib_build/xmc4_scu.o
                0x08002c68                XMC_SCU_IsTemperatureSensorReady
 .text.XMC_SCU_GetTemperatureMeasurement
                0x08002c78       0x20 lib_build/xmc4_scu.o
                0x08002c78                XMC_SCU_GetTemperatureMeasurement
 .text.XMC_SCU_IsTemperatureSensorBusy
                0x08002c98       0x10 lib_build/xmc4_scu.o
                0x08002c98                XMC_SCU_IsTemperatureSensorBusy
 .text.XMC_SCU_StartTemperatureMeasurement
                0x08002ca8       0x2c lib_build/xmc4_scu.o
                0x08002ca8                XMC_SCU_StartTemperatureMeasurement
 .text.XMC_SCU_WriteToRetentionMemory
                0x08002cd4       0x28 lib_build/xmc4_scu.o
                0x08002cd4                XMC_SCU_WriteToRetentionMemory
 .text.XMC_SCU_ReadFromRetentionMemory
                0x08002cfc       0x24 lib_build/xmc4_scu.o
                0x08002cfc                XMC_SCU_ReadFromRetentionMemory
 .text.XMC_SCU_TRAP_Enable
                0x08002d20       0x10 lib_build/xmc4_scu.o
                0x08002d20                XMC_SCU_TRAP_Enable
 .text.XMC_SCU_TRAP_Disable
                0x08002d30       0x10 lib_build/xmc4_scu.o
                0x08002d30                XMC_SCU_TRAP_Disable
 .text.XMC_SCU_TRAP_GetStatus
                0x08002d40        0xc lib_build/xmc4_scu.o
                0x08002d40                XMC_SCU_TRAP_GetStatus
 .text.XMC_SCU_TRAP_Trigger
                0x08002d4c        0xc lib_build/xmc4_scu.o
                0x08002d4c                XMC_SCU_TRAP_Trigger
 .text.XMC_SCU_TRAP_ClearStatus
                0x08002d58        0xc lib_build/xmc4_scu.o
                0x08002d58                XMC_SCU_TRAP_ClearStatus
 .text.XMC_SCU_PARITY_ClearStatus
                0x08002d64       0x10 lib_build/xmc4_scu.o
                0x08002d64                XMC_SCU_PARITY_ClearStatus
 .text.XMC_SCU_PARITY_GetStatus
                0x08002d74        0xc lib_build/xmc4_scu.o
                0x08002d74                XMC_SCU_PARITY_GetStatus
 .text.XMC_SCU_PARITY_Enable
                0x08002d80       0x10 lib_build/xmc4_scu.o
                0x08002d80                XMC_SCU_PARITY_Enable
 .text.XMC_SCU_PARITY_Disable
                0x08002d90       0x10 lib_build/xmc4_scu.o
                0x08002d90                XMC_SCU_PARITY_Disable
 .text.XMC_SCU_PARITY_EnableTrapGeneration
                0x08002da0       0x10 lib_build/xmc4_scu.o
                0x08002da0                XMC_SCU_PARITY_EnableTrapGeneration
 .text.XMC_SCU_PARITY_DisableTrapGeneration
                0x08002db0       0x10 lib_build/xmc4_scu.o
                0x08002db0                XMC_SCU_PARITY_DisableTrapGeneration
 .text.XMC_SCU_INTERRUPT_EnableNmiRequest
                0x08002dc0       0x14 lib_build/xmc4_scu.o
                0x08002dc0                XMC_SCU_INTERRUPT_EnableNmiRequest
 .text.XMC_SCU_INTERRUPT_DisableNmiRequest
                0x08002dd4       0x14 lib_build/xmc4_scu.o
                0x08002dd4                XMC_SCU_INTERRUPT_DisableNmiRequest
 .text.XMC_SCU_RESET_AssertPeripheralReset
                0x08002de8       0x18 lib_build/xmc4_scu.o
                0x08002de8                XMC_SCU_RESET_AssertPeripheralReset
 .text.XMC_SCU_RESET_DeassertPeripheralReset
                0x08002e00       0x18 lib_build/xmc4_scu.o
                0x08002e00                XMC_SCU_RESET_DeassertPeripheralReset
 .text.XMC_SCU_RESET_IsPeripheralResetAsserted
                0x08002e18       0x20 lib_build/xmc4_scu.o
                0x08002e18                XMC_SCU_RESET_IsPeripheralResetAsserted
 .text.XMC_SCU_CLOCK_GetSystemPllClockSourceFrequency
                0x08002e38       0x20 lib_build/xmc4_scu.o
                0x08002e38                XMC_SCU_CLOCK_GetSystemPllClockSourceFrequency
 .text.XMC_SCU_CLOCK_GetSystemPllClockFrequency
                0x08002e58       0x48 lib_build/xmc4_scu.o
                0x08002e58                XMC_SCU_CLOCK_GetSystemPllClockFrequency
 .text.XMC_SCU_CLOCK_GetUsbPllClockFrequency
                0x08002ea0       0x30 lib_build/xmc4_scu.o
                0x08002ea0                XMC_SCU_CLOCK_GetUsbPllClockFrequency
 .text.XMC_SCU_CLOCK_GetCcuClockFrequency
                0x08002ed0       0x20 lib_build/xmc4_scu.o
                0x08002ed0                XMC_SCU_CLOCK_GetCcuClockFrequency
 .text.XMC_SCU_CLOCK_GetUsbClockFrequency
                0x08002ef0       0x2c lib_build/xmc4_scu.o
                0x08002ef0                XMC_SCU_CLOCK_GetUsbClockFrequency
 .text.XMC_SCU_CLOCK_GetEbuClockFrequency
                0x08002f1c       0x1c lib_build/xmc4_scu.o
                0x08002f1c                XMC_SCU_CLOCK_GetEbuClockFrequency
 .text.XMC_SCU_CLOCK_GetWdtClockFrequency
                0x08002f38       0x40 lib_build/xmc4_scu.o
                0x08002f38                XMC_SCU_CLOCK_GetWdtClockFrequency
 .text.XMC_SCU_CLOCK_GetExternalOutputClockFrequency
                0x08002f78       0x58 lib_build/xmc4_scu.o
                0x08002f78                XMC_SCU_CLOCK_GetExternalOutputClockFrequency
 .text.XMC_SCU_CLOCK_GetPeripheralClockFrequency
                0x08002fd0       0x18 lib_build/xmc4_scu.o
                0x08002fd0                XMC_SCU_CLOCK_GetPeripheralClockFrequency
 .text.XMC_SCU_CLOCK_SetSystemClockSource
                0x08002fe8       0x14 lib_build/xmc4_scu.o
                0x08002fe8                XMC_SCU_CLOCK_SetSystemClockSource
 .text.XMC_SCU_CLOCK_SetUsbClockSource
                0x08002ffc       0x14 lib_build/xmc4_scu.o
                0x08002ffc                XMC_SCU_CLOCK_SetUsbClockSource
 .text.XMC_SCU_CLOCK_SetWdtClockSource
                0x08003010       0x14 lib_build/xmc4_scu.o
                0x08003010                XMC_SCU_CLOCK_SetWdtClockSource
 .text.XMC_SCU_CLOCK_SetExternalOutputClockSource
                0x08003024       0x14 lib_build/xmc4_scu.o
                0x08003024                XMC_SCU_CLOCK_SetExternalOutputClockSource
 .text.XMC_SCU_CLOCK_SetSystemPllClockSource
                0x08003038       0x28 lib_build/xmc4_scu.o
                0x08003038                XMC_SCU_CLOCK_SetSystemPllClockSource
 .text.XMC_SCU_HIB_SetRtcClockSource
                0x08003060       0x24 lib_build/xmc4_scu.o
                0x08003060                XMC_SCU_HIB_SetRtcClockSource
 .text.XMC_SCU_HIB_SetStandbyClockSource
                0x08003084       0x24 lib_build/xmc4_scu.o
                0x08003084                XMC_SCU_HIB_SetStandbyClockSource
 .text.XMC_SCU_CLOCK_SetSystemClockDivider
                0x080030a8       0x14 lib_build/xmc4_scu.o
                0x080030a8                XMC_SCU_CLOCK_SetSystemClockDivider
 .text.XMC_SCU_CLOCK_SetCcuClockDivider
                0x080030bc       0x14 lib_build/xmc4_scu.o
                0x080030bc                XMC_SCU_CLOCK_SetCcuClockDivider
 .text.XMC_SCU_CLOCK_SetCpuClockDivider
                0x080030d0       0x14 lib_build/xmc4_scu.o
                0x080030d0                XMC_SCU_CLOCK_SetCpuClockDivider
 .text.XMC_SCU_CLOCK_SetPeripheralClockDivider
                0x080030e4       0x14 lib_build/xmc4_scu.o
                0x080030e4                XMC_SCU_CLOCK_SetPeripheralClockDivider
 .text.XMC_SCU_CLOCK_SetUsbClockDivider
                0x080030f8       0x14 lib_build/xmc4_scu.o
                0x080030f8                XMC_SCU_CLOCK_SetUsbClockDivider
 .text.XMC_SCU_CLOCK_SetEbuClockDivider
                0x0800310c       0x14 lib_build/xmc4_scu.o
                0x0800310c                XMC_SCU_CLOCK_SetEbuClockDivider
 .text.XMC_SCU_CLOCK_SetWdtClockDivider
                0x08003120       0x14 lib_build/xmc4_scu.o
                0x08003120                XMC_SCU_CLOCK_SetWdtClockDivider
 .text.XMC_SCU_CLOCK_SetExternalOutputClockDivider
                0x08003134       0x18 lib_build/xmc4_scu.o
                0x08003134                XMC_SCU_CLOCK_SetExternalOutputClockDivider
 .text.XMC_SCU_CLOCK_EnableClock
                0x0800314c        0xc lib_build/xmc4_scu.o
                0x0800314c                XMC_SCU_CLOCK_EnableClock
 .text.XMC_SCU_CLOCK_DisableClock
                0x08003158        0xc lib_build/xmc4_scu.o
                0x08003158                XMC_SCU_CLOCK_DisableClock
 .text.XMC_SCU_CLOCK_IsClockEnabled
                0x08003164       0x14 lib_build/xmc4_scu.o
                0x08003164                XMC_SCU_CLOCK_IsClockEnabled
 .text.XMC_SCU_POWER_GetEVR13Voltage
                0x08003178       0x24 lib_build/xmc4_scu.o
                0x08003178                XMC_SCU_POWER_GetEVR13Voltage
 .text.XMC_SCU_POWER_GetEVR33Voltage
                0x0800319c       0x28 lib_build/xmc4_scu.o
                0x0800319c                XMC_SCU_POWER_GetEVR33Voltage
 .text.XMC_SCU_CLOCK_EnableUsbPll
                0x080031c4       0x14 lib_build/xmc4_scu.o
                0x080031c4                XMC_SCU_CLOCK_EnableUsbPll
 .text.XMC_SCU_CLOCK_DisableUsbPll
                0x080031d8       0x14 lib_build/xmc4_scu.o
                0x080031d8                XMC_SCU_CLOCK_DisableUsbPll
 .text.XMC_SCU_CLOCK_StartUsbPll
                0x080031ec       0x48 lib_build/xmc4_scu.o
                0x080031ec                XMC_SCU_CLOCK_StartUsbPll
 .text.XMC_SCU_CLOCK_StopUsbPll
                0x08003234       0x10 lib_build/xmc4_scu.o
                0x08003234                XMC_SCU_CLOCK_StopUsbPll
 .text.XMC_SCU_CLOCK_SetBackupClockCalibrationMode
                0x08003244       0x38 lib_build/xmc4_scu.o
                0x08003244                XMC_SCU_CLOCK_SetBackupClockCalibrationMode
 .text.XMC_SCU_POWER_EnableUsb
                0x0800327c       0x10 lib_build/xmc4_scu.o
                0x0800327c                XMC_SCU_POWER_EnableUsb
 .text.XMC_SCU_POWER_DisableUsb
                0x0800328c       0x10 lib_build/xmc4_scu.o
                0x0800328c                XMC_SCU_POWER_DisableUsb
 .text.XMC_SCU_CLOCK_IsUsbPllLocked
                0x0800329c       0x10 lib_build/xmc4_scu.o
                0x0800329c                XMC_SCU_CLOCK_IsUsbPllLocked
 .text.XMC_SCU_HIB_EnableHibernateDomain
                0x080032ac       0x40 lib_build/xmc4_scu.o
                0x080032ac                XMC_SCU_HIB_EnableHibernateDomain
 .text.XMC_SCU_HIB_DisableHibernateDomain
                0x080032ec       0x18 lib_build/xmc4_scu.o
                0x080032ec                XMC_SCU_HIB_DisableHibernateDomain
 .text.XMC_SCU_HIB_IsHibernateDomainEnabled
                0x08003304       0x24 lib_build/xmc4_scu.o
                0x08003304                XMC_SCU_HIB_IsHibernateDomainEnabled
 .text.XMC_SCU_HIB_EnableInternalSlowClock
                0x08003328       0x20 lib_build/xmc4_scu.o
                0x08003328                XMC_SCU_HIB_EnableInternalSlowClock
 .text.XMC_SCU_HIB_DisableInternalSlowClock
                0x08003348       0x20 lib_build/xmc4_scu.o
                0x08003348                XMC_SCU_HIB_DisableInternalSlowClock
 .text.XMC_SCU_HIB_ClearEventStatus
                0x08003368       0x1c lib_build/xmc4_scu.o
                0x08003368                XMC_SCU_HIB_ClearEventStatus
 .text.XMC_SCU_HIB_TriggerEvent
                0x08003384       0x1c lib_build/xmc4_scu.o
                0x08003384                XMC_SCU_HIB_TriggerEvent
 .text.XMC_SCU_HIB_EnableEvent
                0x080033a0       0x20 lib_build/xmc4_scu.o
                0x080033a0                XMC_SCU_HIB_EnableEvent
 .text.XMC_SCU_HIB_DisableEvent
                0x080033c0       0x20 lib_build/xmc4_scu.o
                0x080033c0                XMC_SCU_HIB_DisableEvent
 .text.XMC_SCU_HIB_EnterHibernateState
                0x080033e0       0x20 lib_build/xmc4_scu.o
                0x080033e0                XMC_SCU_HIB_EnterHibernateState
 .text.XMC_SCU_HIB_EnterHibernateStateEx
                0x08003400        0xc lib_build/xmc4_scu.o
                0x08003400                XMC_SCU_HIB_EnterHibernateStateEx
 .text.XMC_SCU_HIB_SetWakeupTriggerInput
                0x0800340c       0x30 lib_build/xmc4_scu.o
                0x0800340c                XMC_SCU_HIB_SetWakeupTriggerInput
 .text.XMC_SCU_HIB_SetPinMode
                0x0800343c       0x34 lib_build/xmc4_scu.o
                0x0800343c                XMC_SCU_HIB_SetPinMode
 .text.XMC_SCU_HIB_SetPinOutputLevel
                0x08003470       0x30 lib_build/xmc4_scu.o
                0x08003470                XMC_SCU_HIB_SetPinOutputLevel
 .text.XMC_SCU_HIB_SetInput0
                0x080034a0       0x30 lib_build/xmc4_scu.o
                0x080034a0                XMC_SCU_HIB_SetInput0
 .text.XMC_SCU_HIB_SetSR0Input
                0x080034d0       0x24 lib_build/xmc4_scu.o
                0x080034d0                XMC_SCU_HIB_SetSR0Input
 .text.XMC_SCU_CLOCK_IsLowPowerOscillatorStable
                0x080034f4       0x14 lib_build/xmc4_scu.o
                0x080034f4                XMC_SCU_CLOCK_IsLowPowerOscillatorStable
 .text.XMC_SCU_CLOCK_EnableLowPowerOscillator
                0x08003508       0x58 lib_build/xmc4_scu.o
                0x08003508                XMC_SCU_CLOCK_EnableLowPowerOscillator
 .text.XMC_SCU_CLOCK_DisableLowPowerOscillator
                0x08003560       0x20 lib_build/xmc4_scu.o
                0x08003560                XMC_SCU_CLOCK_DisableLowPowerOscillator
 .text.XMC_SCU_CLOCK_EnableLowPowerOscillatorGeneralPurposeInput
                0x08003580       0x20 lib_build/xmc4_scu.o
                0x08003580                XMC_SCU_CLOCK_EnableLowPowerOscillatorGeneralPurposeInput
 .text.XMC_SCU_CLOCK_DisableLowPowerOscillatorGeneralPurposeInput
                0x080035a0       0x24 lib_build/xmc4_scu.o
                0x080035a0                XMC_SCU_CLOCK_DisableLowPowerOscillatorGeneralPurposeInput
 .text.XMC_SCU_CLOCK_GetLowPowerOscillatorGeneralPurposeInputStatus
                0x080035c4       0x10 lib_build/xmc4_scu.o
                0x080035c4                XMC_SCU_CLOCK_GetLowPowerOscillatorGeneralPurposeInputStatus
 .text.XMC_SCU_CLOCK_EnableHighPerformanceOscillator
                0x080035d4       0x3c lib_build/xmc4_scu.o
                0x080035d4                XMC_SCU_CLOCK_EnableHighPerformanceOscillator
 .text.XMC_SCU_CLOCK_IsHighPerformanceOscillatorStable
                0x08003610       0x18 lib_build/xmc4_scu.o
                0x08003610                XMC_SCU_CLOCK_IsHighPerformanceOscillatorStable
 .text.XMC_SCU_CLOCK_DisableHighPerformanceOscillator
                0x08003628       0x10 lib_build/xmc4_scu.o
                0x08003628                XMC_SCU_CLOCK_DisableHighPerformanceOscillator
 .text.XMC_SCU_CLOCK_EnableHighPerformanceOscillatorGeneralPurposeInput
                0x08003638       0x10 lib_build/xmc4_scu.o
                0x08003638                XMC_SCU_CLOCK_EnableHighPerformanceOscillatorGeneralPurposeInput
 .text.XMC_SCU_CLOCK_DisableHighPerformanceOscillatorGeneralPurposeInput
                0x08003648       0x10 lib_build/xmc4_scu.o
                0x08003648                XMC_SCU_CLOCK_DisableHighPerformanceOscillatorGeneralPurposeInput
 .text.XMC_SCU_CLOCK_GetHighPerformanceOscillatorGeneralPurposeInputStatus
                0x08003658       0x10 lib_build/xmc4_scu.o
                0x08003658                XMC_SCU_CLOCK_GetHighPerformanceOscillatorGeneralPurposeInputStatus
 .text.XMC_SCU_CLOCK_EnableSystemPll
                0x08003668       0x14 lib_build/xmc4_scu.o
                0x08003668                XMC_SCU_CLOCK_EnableSystemPll
 .text.XMC_SCU_CLOCK_DisableSystemPll
                0x0800367c       0x14 lib_build/xmc4_scu.o
                0x0800367c                XMC_SCU_CLOCK_DisableSystemPll
 .text.XMC_SCU_CLOCK_StopSystemPll
                0x08003690       0x10 lib_build/xmc4_scu.o
                0x08003690                XMC_SCU_CLOCK_StopSystemPll
 .text.XMC_SCU_CLOCK_StepSystemPllFrequency
                0x080036a0       0x20 lib_build/xmc4_scu.o
                0x080036a0                XMC_SCU_CLOCK_StepSystemPllFrequency
 .text.XMC_SCU_CLOCK_StartSystemPll
                0x080036c0      0x10c lib_build/xmc4_scu.o
                0x080036c0                XMC_SCU_CLOCK_StartSystemPll
 .text.XMC_SCU_CLOCK_Init
                0x080037cc       0xa0 lib_build/xmc4_scu.o
                0x080037cc                XMC_SCU_CLOCK_Init
 .text.XMC_SCU_CLOCK_IsSystemPllLocked
                0x0800386c       0x10 lib_build/xmc4_scu.o
                0x0800386c                XMC_SCU_CLOCK_IsSystemPllLocked
 .text.XMC_SCU_INTERRUPT_SetEventHandler
                0x0800387c       0x34 lib_build/xmc4_scu.o
                0x0800387c                XMC_SCU_INTERRUPT_SetEventHandler
 .text.XMC_SCU_IRQHandler
                0x080038b0       0x40 lib_build/xmc4_scu.o
                0x080038b0                XMC_SCU_IRQHandler
 .text          0x080038f0        0x0 lib_build/EndpointStream_XMC4000.o
 .text.Endpoint_Write_Stream_LE
                0x080038f0       0xb4 lib_build/EndpointStream_XMC4000.o
                0x080038f0                Endpoint_Write_Stream_LE
 .text.SwapCopy
                0x080039a4       0x18 lib_build/EndpointStream_XMC4000.o
                0x080039a4                SwapCopy
 .text.Endpoint_Write_Stream_BE
                0x080039bc       0x90 lib_build/EndpointStream_XMC4000.o
                0x080039bc                Endpoint_Write_Stream_BE
 .text.Endpoint_Read_Stream_LE
                0x08003a4c       0x94 lib_build/EndpointStream_XMC4000.o
                0x08003a4c                Endpoint_Read_Stream_LE
 .text.Endpoint_Read_Stream_BE
                0x08003ae0       0x94 lib_build/EndpointStream_XMC4000.o
                0x08003ae0                Endpoint_Read_Stream_BE
 .text.Endpoint_Write_Control_Stream_LE
                0x08003b74       0x50 lib_build/EndpointStream_XMC4000.o
                0x08003b74                Endpoint_Write_Control_Stream_LE
 .text.Endpoint_Write_Control_Stream_BE
                0x08003bc4        0x8 lib_build/EndpointStream_XMC4000.o
                0x08003bc4                Endpoint_Write_Control_Stream_BE
 .text.Endpoint_Read_Control_Stream_LE
                0x08003bcc       0x44 lib_build/EndpointStream_XMC4000.o
                0x08003bcc                Endpoint_Read_Control_Stream_LE
 .text.Endpoint_Read_Control_Stream_BE
                0x08003c10        0x8 lib_build/EndpointStream_XMC4000.o
                0x08003c10                Endpoint_Read_Control_Stream_BE
 .text.Endpoint_Null_Stream
                0x08003c18       0x8c lib_build/EndpointStream_XMC4000.o
                0x08003c18                Endpoint_Null_Stream
 .text          0x08003ca4        0x0 lib_build/memcpy.o
 .text.thumb2_memcpy
                0x08003ca4       0x3c lib_build/memcpy.o
                0x08003ca4                thumb2_memcpy
 .text          0x08003ce0        0x0 lib_build/xmc_gpio.o
 .text.XMC_GPIO_SetMode
                0x08003ce0       0x26 lib_build/xmc_gpio.o
                0x08003ce0                XMC_GPIO_SetMode
 .text.XMC_GPIO_SetHardwareControl
                0x08003d06       0x1c lib_build/xmc_gpio.o
                0x08003d06                XMC_GPIO_SetHardwareControl
 .text          0x08003d22        0x0 lib_build/xmc4_gpio.o
 *fill*         0x08003d22        0x2 
 .text.XMC_GPIO_Init
                0x08003d24       0x90 lib_build/xmc4_gpio.o
                0x08003d24                XMC_GPIO_Init
 .text.XMC_GPIO_SetOutputStrength
                0x08003db4       0x26 lib_build/xmc4_gpio.o
                0x08003db4                XMC_GPIO_SetOutputStrength
 .text          0x08003dda        0x0 lib_build/xmc_ccu4.o
 *fill*         0x08003dda        0x2 
 .text.XMC_CCU4_EnableModule
                0x08003ddc       0x58 lib_build/xmc_ccu4.o
                0x08003ddc                XMC_CCU4_EnableModule
 .text.XMC_CCU4_DisableModule
                0x08003e34       0x50 lib_build/xmc_ccu4.o
                0x08003e34                XMC_CCU4_DisableModule
 .text.XMC_CCU4_Init
                0x08003e84       0x20 lib_build/xmc_ccu4.o
                0x08003e84                XMC_CCU4_Init
 .text.XMC_CCU4_SetModuleClock
                0x08003ea4        0xe lib_build/xmc_ccu4.o
                0x08003ea4                XMC_CCU4_SetModuleClock
 .text.XMC_CCU4_SetMultiChannelShadowTransferMode
                0x08003eb2        0xe lib_build/xmc_ccu4.o
                0x08003eb2                XMC_CCU4_SetMultiChannelShadowTransferMode
 .text.XMC_CCU4_SLICE_CompareInit
                0x08003ec0       0x2e lib_build/xmc_ccu4.o
                0x08003ec0                XMC_CCU4_SLICE_CompareInit
 .text.XMC_CCU4_SLICE_CaptureInit
                0x08003eee       0x1e lib_build/xmc_ccu4.o
                0x08003eee                XMC_CCU4_SLICE_CaptureInit
 .text.XMC_CCU4_SLICE_StartConfig
                0x08003f0c       0x1c lib_build/xmc_ccu4.o
                0x08003f0c                XMC_CCU4_SLICE_StartConfig
 .text.XMC_CCU4_SLICE_StopConfig
                0x08003f28       0x1a lib_build/xmc_ccu4.o
                0x08003f28                XMC_CCU4_SLICE_StopConfig
 .text.XMC_CCU4_SLICE_LoadConfig
                0x08003f42        0xe lib_build/xmc_ccu4.o
                0x08003f42                XMC_CCU4_SLICE_LoadConfig
 .text.XMC_CCU4_SLICE_ModulationConfig
                0x08003f50       0x2e lib_build/xmc_ccu4.o
                0x08003f50                XMC_CCU4_SLICE_ModulationConfig
 .text.XMC_CCU4_SLICE_CountConfig
                0x08003f7e        0xe lib_build/xmc_ccu4.o
                0x08003f7e                XMC_CCU4_SLICE_CountConfig
 .text.XMC_CCU4_SLICE_GateConfig
                0x08003f8c        0xe lib_build/xmc_ccu4.o
                0x08003f8c                XMC_CCU4_SLICE_GateConfig
 .text.XMC_CCU4_SLICE_Capture0Config
                0x08003f9a        0xe lib_build/xmc_ccu4.o
                0x08003f9a                XMC_CCU4_SLICE_Capture0Config
 .text.XMC_CCU4_SLICE_Capture1Config
                0x08003fa8        0xe lib_build/xmc_ccu4.o
                0x08003fa8                XMC_CCU4_SLICE_Capture1Config
 .text.XMC_CCU4_SLICE_DirectionConfig
                0x08003fb6        0xe lib_build/xmc_ccu4.o
                0x08003fb6                XMC_CCU4_SLICE_DirectionConfig
 .text.XMC_CCU4_SLICE_StatusBitOverrideConfig
                0x08003fc4        0xa lib_build/xmc_ccu4.o
                0x08003fc4                XMC_CCU4_SLICE_StatusBitOverrideConfig
 .text.XMC_CCU4_SLICE_TrapConfig
                0x08003fce       0x26 lib_build/xmc_ccu4.o
                0x08003fce                XMC_CCU4_SLICE_TrapConfig
 .text.XMC_CCU4_SLICE_ConfigureStatusBitOverrideEvent
                0x08003ff4       0x62 lib_build/xmc_ccu4.o
                0x08003ff4                XMC_CCU4_SLICE_ConfigureStatusBitOverrideEvent
 .text.XMC_CCU4_SLICE_ConfigureEvent
                0x08004056       0x6c lib_build/xmc_ccu4.o
                0x08004056                XMC_CCU4_SLICE_ConfigureEvent
 .text.XMC_CCU4_SLICE_SetInput
                0x080040c2       0x1c lib_build/xmc_ccu4.o
                0x080040c2                XMC_CCU4_SLICE_SetInput
 .text.XMC_CCU4_SLICE_SetTimerRepeatMode
                0x080040de       0x16 lib_build/xmc_ccu4.o
                0x080040de                XMC_CCU4_SLICE_SetTimerRepeatMode
 .text.XMC_CCU4_SLICE_SetTimerCountingMode
                0x080040f4       0x16 lib_build/xmc_ccu4.o
                0x080040f4                XMC_CCU4_SLICE_SetTimerCountingMode
 .text.XMC_CCU4_SLICE_GetCaptureRegisterValue
                0x0800410a        0xa lib_build/xmc_ccu4.o
                0x0800410a                XMC_CCU4_SLICE_GetCaptureRegisterValue
 .text.XMC_CCU4_SLICE_GetLastCapturedTimerValue
                0x08004114       0x46 lib_build/xmc_ccu4.o
                0x08004114                XMC_CCU4_SLICE_GetLastCapturedTimerValue
 .text.XMC_CCU4_GetCapturedValueFromFifo
                0x0800415a       0x10 lib_build/xmc_ccu4.o
                0x0800415a                XMC_CCU4_GetCapturedValueFromFifo
 .text.XMC_CCU4_SLICE_EnableDithering
                0x0800416a       0x22 lib_build/xmc_ccu4.o
                0x0800416a                XMC_CCU4_SLICE_EnableDithering
 .text.XMC_CCU4_SLICE_SetPrescaler
                0x0800418c       0x10 lib_build/xmc_ccu4.o
                0x0800418c                XMC_CCU4_SLICE_SetPrescaler
 .text.XMC_CCU4_SLICE_SetInterruptNode
                0x0800419c       0x4a lib_build/xmc_ccu4.o
                0x0800419c                XMC_CCU4_SLICE_SetInterruptNode
 .text.XMC_CCU4_SLICE_SetPassiveLevel
                0x080041e6        0xc lib_build/xmc_ccu4.o
                0x080041e6                XMC_CCU4_SLICE_SetPassiveLevel
 .text          0x080041f2        0x0 lib_build/startup_XMC4500.o
 .text          0x080041f2        0x0 lib_build/system_XMC4500.o
 .text.delay    0x080041f2       0x1e lib_build/system_XMC4500.o
 .text.SystemCoreSetup
                0x08004210       0x40 lib_build/system_XMC4500.o
                0x08004210                SystemCoreSetup
 .text.OSCHP_GetFrequency
                0x08004250        0x8 lib_build/system_XMC4500.o
                0x08004250                OSCHP_GetFrequency
 .text.SystemCoreClockUpdate
                0x08004258       0x8c lib_build/system_XMC4500.o
                0x08004258                SystemCoreClockUpdate
 .text.SystemCoreClockSetup
                0x080042e4      0x198 lib_build/system_XMC4500.o
 .text.SystemInit
                0x0800447c       0x1c lib_build/system_XMC4500.o
                0x0800447c                SystemInit
 .text          0x08004498        0x0 lib_build/syscalls.o
 .text._sbrk    0x08004498       0x44 lib_build/syscalls.o
                0x08004498                _sbrk
 .text._init    0x080044dc        0x2 lib_build/syscalls.o
                0x080044dc                _init
 .text          0x080044de        0x0 ../sodium/sodium-1.0.15/lib/libsodium.a(libsodium_la-crypto_secretbox_easy.o)
 .text.crypto_secretbox_detached
                0x080044de      0x15a ../sodium/sodium-1.0.15/lib/libsodium.a(libsodium_la-crypto_secretbox_easy.o)
                0x080044de                crypto_secretbox_detached
 .text.crypto_secretbox_easy
                0x08004638       0x30 ../sodium/sodium-1.0.15/lib/libsodium.a(libsodium_la-crypto_secretbox_easy.o)
                0x08004638                crypto_secretbox_easy
 .text.crypto_secretbox_open_detached
                0x08004668      0x13a ../sodium/sodium-1.0.15/lib/libsodium.a(libsodium_la-crypto_secretbox_easy.o)
                0x08004668                crypto_secretbox_open_detached
 .text.crypto_secretbox_open_easy
                0x080047a2       0x2e ../sodium/sodium-1.0.15/lib/libsodium.a(libsodium_la-crypto_secretbox_easy.o)
                0x080047a2                crypto_secretbox_open_easy
 .text          0x080047d0        0x0 ../sodium/sodium-1.0.15/lib/libsodium.a(libsodium_la-stream_salsa20.o)
 .text.crypto_stream_salsa20_keybytes
                0x080047d0        0x4 ../sodium/sodium-1.0.15/lib/libsodium.a(libsodium_la-stream_salsa20.o)
                0x080047d0                crypto_stream_salsa20_keybytes
 .text.crypto_stream_salsa20_noncebytes
                0x080047d4        0x4 ../sodium/sodium-1.0.15/lib/libsodium.a(libsodium_la-stream_salsa20.o)
                0x080047d4                crypto_stream_salsa20_noncebytes
 .text.crypto_stream_salsa20_messagebytes_max
                0x080047d8        0x6 ../sodium/sodium-1.0.15/lib/libsodium.a(libsodium_la-stream_salsa20.o)
                0x080047d8                crypto_stream_salsa20_messagebytes_max
 *fill*         0x080047de        0x2 
 .text.crypto_stream_salsa20
                0x080047e0       0x14 ../sodium/sodium-1.0.15/lib/libsodium.a(libsodium_la-stream_salsa20.o)
                0x080047e0                crypto_stream_salsa20
 .text.crypto_stream_salsa20_xor_ic
                0x080047f4       0x14 ../sodium/sodium-1.0.15/lib/libsodium.a(libsodium_la-stream_salsa20.o)
                0x080047f4                crypto_stream_salsa20_xor_ic
 .text.crypto_stream_salsa20_xor
                0x08004808       0x28 ../sodium/sodium-1.0.15/lib/libsodium.a(libsodium_la-stream_salsa20.o)
                0x08004808                crypto_stream_salsa20_xor
 .text.crypto_stream_salsa20_keygen
                0x08004830        0x6 ../sodium/sodium-1.0.15/lib/libsodium.a(libsodium_la-stream_salsa20.o)
                0x08004830                crypto_stream_salsa20_keygen
 *fill*         0x08004836        0x2 
 .text._crypto_stream_salsa20_pick_best_implementation
                0x08004838       0x20 ../sodium/sodium-1.0.15/lib/libsodium.a(libsodium_la-stream_salsa20.o)
                0x08004838                _crypto_stream_salsa20_pick_best_implementation
 .text          0x08004858        0x0 ../sodium/sodium-1.0.15/lib/libsodium.a(libsodium_la-randombytes.o)
 .text.randombytes_set_implementation
                0x08004858       0x10 ../sodium/sodium-1.0.15/lib/libsodium.a(libsodium_la-randombytes.o)
                0x08004858                randombytes_set_implementation
 .text.randombytes_stir
                0x08004868       0x1c ../sodium/sodium-1.0.15/lib/libsodium.a(libsodium_la-randombytes.o)
                0x08004868                randombytes_stir
 .text.randombytes_init_if_needed
                0x08004884       0x24 ../sodium/sodium-1.0.15/lib/libsodium.a(libsodium_la-randombytes.o)
 .text.randombytes_implementation_name
                0x080048a8       0x18 ../sodium/sodium-1.0.15/lib/libsodium.a(libsodium_la-randombytes.o)
                0x080048a8                randombytes_implementation_name
 .text.randombytes_random
                0x080048c0       0x18 ../sodium/sodium-1.0.15/lib/libsodium.a(libsodium_la-randombytes.o)
                0x080048c0                randombytes_random
 .text.randombytes_uniform
                0x080048d8       0x44 ../sodium/sodium-1.0.15/lib/libsodium.a(libsodium_la-randombytes.o)
                0x080048d8                randombytes_uniform
 .text.randombytes_buf
                0x0800491c       0x24 ../sodium/sodium-1.0.15/lib/libsodium.a(libsodium_la-randombytes.o)
                0x0800491c                randombytes_buf
 .text.randombytes_buf_deterministic
                0x08004940       0x1c ../sodium/sodium-1.0.15/lib/libsodium.a(libsodium_la-randombytes.o)
                0x08004940                randombytes_buf_deterministic
 .text.randombytes_seedbytes
                0x0800495c        0x4 ../sodium/sodium-1.0.15/lib/libsodium.a(libsodium_la-randombytes.o)
                0x0800495c                randombytes_seedbytes
 .text.randombytes_close
                0x08004960       0x18 ../sodium/sodium-1.0.15/lib/libsodium.a(libsodium_la-randombytes.o)
                0x08004960                randombytes_close
 .text.randombytes
                0x08004978       0x34 ../sodium/sodium-1.0.15/lib/libsodium.a(libsodium_la-randombytes.o)
                0x08004978                randombytes
 .text          0x080049ac        0x0 ../sodium/sodium-1.0.15/lib/libsodium.a(libsodium_la-core.o)
 .text.sodium_crit_enter
                0x080049ac       0x20 ../sodium/sodium-1.0.15/lib/libsodium.a(libsodium_la-core.o)
                0x080049ac                sodium_crit_enter
 .text.sodium_init
                0x080049cc       0x40 ../sodium/sodium-1.0.15/lib/libsodium.a(libsodium_la-core.o)
                0x080049cc                sodium_init
 .text.sodium_crit_leave
                0x08004a0c       0x14 ../sodium/sodium-1.0.15/lib/libsodium.a(libsodium_la-core.o)
                0x08004a0c                sodium_crit_leave
 .text.sodium_misuse
                0x08004a20       0x20 ../sodium/sodium-1.0.15/lib/libsodium.a(libsodium_la-core.o)
                0x08004a20                sodium_misuse
 .text.sodium_set_misuse_handler
                0x08004a40       0x24 ../sodium/sodium-1.0.15/lib/libsodium.a(libsodium_la-core.o)
                0x08004a40                sodium_set_misuse_handler
 .text          0x08004a64        0x0 ../sodium/sodium-1.0.15/lib/libsodium.a(libsodium_la-runtime.o)
 .text._sodium_runtime_get_cpu_features
                0x08004a64       0x14 ../sodium/sodium-1.0.15/lib/libsodium.a(libsodium_la-runtime.o)
                0x08004a64                _sodium_runtime_get_cpu_features
 .text.sodium_runtime_has_neon
                0x08004a78        0xc ../sodium/sodium-1.0.15/lib/libsodium.a(libsodium_la-runtime.o)
                0x08004a78                sodium_runtime_has_neon
 .text.sodium_runtime_has_sse2
                0x08004a84        0xc ../sodium/sodium-1.0.15/lib/libsodium.a(libsodium_la-runtime.o)
                0x08004a84                sodium_runtime_has_sse2
 .text.sodium_runtime_has_sse3
                0x08004a90        0xc ../sodium/sodium-1.0.15/lib/libsodium.a(libsodium_la-runtime.o)
                0x08004a90                sodium_runtime_has_sse3
 .text.sodium_runtime_has_ssse3
                0x08004a9c        0xc ../sodium/sodium-1.0.15/lib/libsodium.a(libsodium_la-runtime.o)
                0x08004a9c                sodium_runtime_has_ssse3
 .text.sodium_runtime_has_sse41
                0x08004aa8        0xc ../sodium/sodium-1.0.15/lib/libsodium.a(libsodium_la-runtime.o)
                0x08004aa8                sodium_runtime_has_sse41
 .text.sodium_runtime_has_avx
                0x08004ab4        0xc ../sodium/sodium-1.0.15/lib/libsodium.a(libsodium_la-runtime.o)
                0x08004ab4                sodium_runtime_has_avx
 .text.sodium_runtime_has_avx2
                0x08004ac0        0xc ../sodium/sodium-1.0.15/lib/libsodium.a(libsodium_la-runtime.o)
                0x08004ac0                sodium_runtime_has_avx2
 .text.sodium_runtime_has_avx512f
                0x08004acc        0xc ../sodium/sodium-1.0.15/lib/libsodium.a(libsodium_la-runtime.o)
                0x08004acc                sodium_runtime_has_avx512f
 .text.sodium_runtime_has_pclmul
                0x08004ad8        0xc ../sodium/sodium-1.0.15/lib/libsodium.a(libsodium_la-runtime.o)
                0x08004ad8                sodium_runtime_has_pclmul
 .text.sodium_runtime_has_aesni
                0x08004ae4        0xc ../sodium/sodium-1.0.15/lib/libsodium.a(libsodium_la-runtime.o)
                0x08004ae4                sodium_runtime_has_aesni
 .text          0x08004af0        0x0 ../sodium/sodium-1.0.15/lib/libsodium.a(libsodium_la-utils.o)
 .text._sodium_dummy_symbol_to_prevent_memzero_lto
                0x08004af0        0x2 ../sodium/sodium-1.0.15/lib/libsodium.a(libsodium_la-utils.o)
                0x08004af0                _sodium_dummy_symbol_to_prevent_memzero_lto
 .text.sodium_memzero
                0x08004af2        0x4 ../sodium/sodium-1.0.15/lib/libsodium.a(libsodium_la-utils.o)
                0x08004af2                sodium_memzero
 .text._sodium_dummy_symbol_to_prevent_memcmp_lto
                0x08004af6        0x2 ../sodium/sodium-1.0.15/lib/libsodium.a(libsodium_la-utils.o)
                0x08004af6                _sodium_dummy_symbol_to_prevent_memcmp_lto
 .text.sodium_memcmp
                0x08004af8       0x3a ../sodium/sodium-1.0.15/lib/libsodium.a(libsodium_la-utils.o)
                0x08004af8                sodium_memcmp
 .text._sodium_dummy_symbol_to_prevent_compare_lto
                0x08004b32        0x2 ../sodium/sodium-1.0.15/lib/libsodium.a(libsodium_la-utils.o)
                0x08004b32                _sodium_dummy_symbol_to_prevent_compare_lto
 .text.sodium_compare
                0x08004b34       0x64 ../sodium/sodium-1.0.15/lib/libsodium.a(libsodium_la-utils.o)
                0x08004b34                sodium_compare
 .text.sodium_is_zero
                0x08004b98       0x2a ../sodium/sodium-1.0.15/lib/libsodium.a(libsodium_la-utils.o)
                0x08004b98                sodium_is_zero
 .text.sodium_increment
                0x08004bc2       0x16 ../sodium/sodium-1.0.15/lib/libsodium.a(libsodium_la-utils.o)
                0x08004bc2                sodium_increment
 .text.sodium_add
                0x08004bd8       0x20 ../sodium/sodium-1.0.15/lib/libsodium.a(libsodium_la-utils.o)
                0x08004bd8                sodium_add
 .text._sodium_alloc_init
                0x08004bf8       0x14 ../sodium/sodium-1.0.15/lib/libsodium.a(libsodium_la-utils.o)
                0x08004bf8                _sodium_alloc_init
 .text.sodium_mlock
                0x08004c0c       0x10 ../sodium/sodium-1.0.15/lib/libsodium.a(libsodium_la-utils.o)
                0x08004c0c                sodium_mlock
 .text.sodium_munlock
                0x08004c1c       0x14 ../sodium/sodium-1.0.15/lib/libsodium.a(libsodium_la-utils.o)
                0x08004c1c                sodium_munlock
 .text.sodium_malloc
                0x08004c30       0x1e ../sodium/sodium-1.0.15/lib/libsodium.a(libsodium_la-utils.o)
                0x08004c30                sodium_malloc
 .text.sodium_allocarray
                0x08004c4e       0x26 ../sodium/sodium-1.0.15/lib/libsodium.a(libsodium_la-utils.o)
                0x08004c4e                sodium_allocarray
 .text.sodium_free
                0x08004c74        0x4 ../sodium/sodium-1.0.15/lib/libsodium.a(libsodium_la-utils.o)
                0x08004c74                sodium_free
 .text.sodium_mprotect_noaccess
                0x08004c78       0x10 ../sodium/sodium-1.0.15/lib/libsodium.a(libsodium_la-utils.o)
                0x08004c78                sodium_mprotect_noaccess
 .text.sodium_mprotect_readonly
                0x08004c88       0x10 ../sodium/sodium-1.0.15/lib/libsodium.a(libsodium_la-utils.o)
                0x08004c88                sodium_mprotect_readonly
 .text.sodium_mprotect_readwrite
                0x08004c98       0x10 ../sodium/sodium-1.0.15/lib/libsodium.a(libsodium_la-utils.o)
                0x08004c98                sodium_mprotect_readwrite
 .text.sodium_pad
                0x08004ca8       0x70 ../sodium/sodium-1.0.15/lib/libsodium.a(libsodium_la-utils.o)
                0x08004ca8                sodium_pad
 .text.sodium_unpad
                0x08004d18       0x5e ../sodium/sodium-1.0.15/lib/libsodium.a(libsodium_la-utils.o)
                0x08004d18                sodium_unpad
 .text          0x08004d76        0x0 ../sodium/sodium-1.0.15/lib/libsodium.a(libsodium_la-randombytes_sysrandom.o)
 *fill*         0x08004d76        0x2 
 .text.randombytes_sysrandom_implementation_name
                0x08004d78        0xc ../sodium/sodium-1.0.15/lib/libsodium.a(libsodium_la-randombytes_sysrandom.o)
 .text.randombytes_sysrandom_close
                0x08004d84       0x28 ../sodium/sodium-1.0.15/lib/libsodium.a(libsodium_la-randombytes_sysrandom.o)
 .text.randombytes_sysrandom_stir
                0x08004dac       0xa0 ../sodium/sodium-1.0.15/lib/libsodium.a(libsodium_la-randombytes_sysrandom.o)
 .text.randombytes_sysrandom_buf
                0x08004e4c       0xb0 ../sodium/sodium-1.0.15/lib/libsodium.a(libsodium_la-randombytes_sysrandom.o)
 .text.randombytes_sysrandom
                0x08004efc       0x14 ../sodium/sodium-1.0.15/lib/libsodium.a(libsodium_la-randombytes_sysrandom.o)
 .text          0x08004f10        0x0 ../sodium/sodium-1.0.15/lib/libsodium.a(libsodium_la-salsa20_ref.o)
 .text.stream_ref_xor_ic
                0x08004f10      0x112 ../sodium/sodium-1.0.15/lib/libsodium.a(libsodium_la-salsa20_ref.o)
 .text.stream_ref
                0x08005022       0xda ../sodium/sodium-1.0.15/lib/libsodium.a(libsodium_la-salsa20_ref.o)
 .text          0x080050fc        0x0 ../sodium/sodium-1.0.15/lib/libsodium.a(libsodium_la-core_hsalsa20_ref2.o)
 .text.crypto_core_hsalsa20
                0x080050fc      0x1a8 ../sodium/sodium-1.0.15/lib/libsodium.a(libsodium_la-core_hsalsa20_ref2.o)
                0x080050fc                crypto_core_hsalsa20
 .text          0x080052a4        0x0 ../sodium/sodium-1.0.15/lib/libsodium.a(libsodium_la-core_salsa_ref.o)
 .text.crypto_core_salsa
                0x080052a4      0x254 ../sodium/sodium-1.0.15/lib/libsodium.a(libsodium_la-core_salsa_ref.o)
 .text.crypto_core_salsa20
                0x080054f8       0x10 ../sodium/sodium-1.0.15/lib/libsodium.a(libsodium_la-core_salsa_ref.o)
                0x080054f8                crypto_core_salsa20
 .text.crypto_core_salsa20_outputbytes
                0x08005508        0x4 ../sodium/sodium-1.0.15/lib/libsodium.a(libsodium_la-core_salsa_ref.o)
                0x08005508                crypto_core_salsa20_outputbytes
 .text.crypto_core_salsa20_inputbytes
                0x0800550c        0x4 ../sodium/sodium-1.0.15/lib/libsodium.a(libsodium_la-core_salsa_ref.o)
                0x0800550c                crypto_core_salsa20_inputbytes
 .text.crypto_core_salsa20_keybytes
                0x08005510        0x4 ../sodium/sodium-1.0.15/lib/libsodium.a(libsodium_la-core_salsa_ref.o)
                0x08005510                crypto_core_salsa20_keybytes
 .text.crypto_core_salsa20_constbytes
                0x08005514        0x4 ../sodium/sodium-1.0.15/lib/libsodium.a(libsodium_la-core_salsa_ref.o)
                0x08005514                crypto_core_salsa20_constbytes
 .text.crypto_core_salsa2012
                0x08005518       0x10 ../sodium/sodium-1.0.15/lib/libsodium.a(libsodium_la-core_salsa_ref.o)
                0x08005518                crypto_core_salsa2012
 .text.crypto_core_salsa2012_outputbytes
                0x08005528        0x4 ../sodium/sodium-1.0.15/lib/libsodium.a(libsodium_la-core_salsa_ref.o)
                0x08005528                crypto_core_salsa2012_outputbytes
 .text.crypto_core_salsa2012_inputbytes
                0x0800552c        0x4 ../sodium/sodium-1.0.15/lib/libsodium.a(libsodium_la-core_salsa_ref.o)
                0x0800552c                crypto_core_salsa2012_inputbytes
 .text.crypto_core_salsa2012_keybytes
                0x08005530        0x4 ../sodium/sodium-1.0.15/lib/libsodium.a(libsodium_la-core_salsa_ref.o)
                0x08005530                crypto_core_salsa2012_keybytes
 .text.crypto_core_salsa2012_constbytes
                0x08005534        0x4 ../sodium/sodium-1.0.15/lib/libsodium.a(libsodium_la-core_salsa_ref.o)
                0x08005534                crypto_core_salsa2012_constbytes
 .text.crypto_core_salsa208
                0x08005538       0x10 ../sodium/sodium-1.0.15/lib/libsodium.a(libsodium_la-core_salsa_ref.o)
                0x08005538                crypto_core_salsa208
 .text.crypto_core_salsa208_outputbytes
                0x08005548        0x4 ../sodium/sodium-1.0.15/lib/libsodium.a(libsodium_la-core_salsa_ref.o)
                0x08005548                crypto_core_salsa208_outputbytes
 .text.crypto_core_salsa208_inputbytes
                0x0800554c        0x4 ../sodium/sodium-1.0.15/lib/libsodium.a(libsodium_la-core_salsa_ref.o)
                0x0800554c                crypto_core_salsa208_inputbytes
 .text.crypto_core_salsa208_keybytes
                0x08005550        0x4 ../sodium/sodium-1.0.15/lib/libsodium.a(libsodium_la-core_salsa_ref.o)
                0x08005550                crypto_core_salsa208_keybytes
 .text.crypto_core_salsa208_constbytes
                0x08005554        0x4 ../sodium/sodium-1.0.15/lib/libsodium.a(libsodium_la-core_salsa_ref.o)
                0x08005554                crypto_core_salsa208_constbytes
 .text          0x08005558        0x0 ../sodium/sodium-1.0.15/lib/libsodium.a(libsodium_la-onetimeauth_poly1305.o)
 .text.crypto_onetimeauth_poly1305
                0x08005558       0x18 ../sodium/sodium-1.0.15/lib/libsodium.a(libsodium_la-onetimeauth_poly1305.o)
                0x08005558                crypto_onetimeauth_poly1305
 .text.crypto_onetimeauth_poly1305_verify
                0x08005570       0x18 ../sodium/sodium-1.0.15/lib/libsodium.a(libsodium_la-onetimeauth_poly1305.o)
                0x08005570                crypto_onetimeauth_poly1305_verify
 .text.crypto_onetimeauth_poly1305_init
                0x08005588       0x10 ../sodium/sodium-1.0.15/lib/libsodium.a(libsodium_la-onetimeauth_poly1305.o)
                0x08005588                crypto_onetimeauth_poly1305_init
 .text.crypto_onetimeauth_poly1305_update
                0x08005598       0x18 ../sodium/sodium-1.0.15/lib/libsodium.a(libsodium_la-onetimeauth_poly1305.o)
                0x08005598                crypto_onetimeauth_poly1305_update
 .text.crypto_onetimeauth_poly1305_final
                0x080055b0       0x10 ../sodium/sodium-1.0.15/lib/libsodium.a(libsodium_la-onetimeauth_poly1305.o)
                0x080055b0                crypto_onetimeauth_poly1305_final
 .text.crypto_onetimeauth_poly1305_bytes
                0x080055c0        0x4 ../sodium/sodium-1.0.15/lib/libsodium.a(libsodium_la-onetimeauth_poly1305.o)
                0x080055c0                crypto_onetimeauth_poly1305_bytes
 .text.crypto_onetimeauth_poly1305_keybytes
                0x080055c4        0x4 ../sodium/sodium-1.0.15/lib/libsodium.a(libsodium_la-onetimeauth_poly1305.o)
                0x080055c4                crypto_onetimeauth_poly1305_keybytes
 .text.crypto_onetimeauth_poly1305_statebytes
                0x080055c8        0x6 ../sodium/sodium-1.0.15/lib/libsodium.a(libsodium_la-onetimeauth_poly1305.o)
                0x080055c8                crypto_onetimeauth_poly1305_statebytes
 .text.crypto_onetimeauth_poly1305_keygen
                0x080055ce        0x6 ../sodium/sodium-1.0.15/lib/libsodium.a(libsodium_la-onetimeauth_poly1305.o)
                0x080055ce                crypto_onetimeauth_poly1305_keygen
 .text._crypto_onetimeauth_poly1305_pick_best_implementation
                0x080055d4       0x20 ../sodium/sodium-1.0.15/lib/libsodium.a(libsodium_la-onetimeauth_poly1305.o)
                0x080055d4                _crypto_onetimeauth_poly1305_pick_best_implementation
 .text          0x080055f4        0x0 ../sodium/sodium-1.0.15/lib/libsodium.a(libsodium_la-poly1305_donna.o)
 .text.poly1305_blocks
                0x080055f4      0x1be ../sodium/sodium-1.0.15/lib/libsodium.a(libsodium_la-poly1305_donna.o)
 .text.poly1305_update
                0x080057b2       0xdc ../sodium/sodium-1.0.15/lib/libsodium.a(libsodium_la-poly1305_donna.o)
 .text.crypto_onetimeauth_poly1305_donna_update
                0x0800588e        0xa ../sodium/sodium-1.0.15/lib/libsodium.a(libsodium_la-poly1305_donna.o)
 .text.poly1305_finish
                0x08005898      0x170 ../sodium/sodium-1.0.15/lib/libsodium.a(libsodium_la-poly1305_donna.o)
 .text.crypto_onetimeauth_poly1305_donna_final
                0x08005a08        0xa ../sodium/sodium-1.0.15/lib/libsodium.a(libsodium_la-poly1305_donna.o)
 *fill*         0x08005a12        0x2 
 .text.crypto_onetimeauth_poly1305_donna
                0x08005a14       0xa4 ../sodium/sodium-1.0.15/lib/libsodium.a(libsodium_la-poly1305_donna.o)
 .text.crypto_onetimeauth_poly1305_donna_verify
                0x08005ab8       0x1e ../sodium/sodium-1.0.15/lib/libsodium.a(libsodium_la-poly1305_donna.o)
 *fill*         0x08005ad6        0x2 
 .text.crypto_onetimeauth_poly1305_donna_init
                0x08005ad8       0x70 ../sodium/sodium-1.0.15/lib/libsodium.a(libsodium_la-poly1305_donna.o)
 .text          0x08005b48        0x0 ../sodium/sodium-1.0.15/lib/libsodium.a(libsodium_la-stream_chacha20.o)
 .text.crypto_stream_chacha20_keybytes
                0x08005b48        0x4 ../sodium/sodium-1.0.15/lib/libsodium.a(libsodium_la-stream_chacha20.o)
                0x08005b48                crypto_stream_chacha20_keybytes
 .text.crypto_stream_chacha20_noncebytes
                0x08005b4c        0x4 ../sodium/sodium-1.0.15/lib/libsodium.a(libsodium_la-stream_chacha20.o)
                0x08005b4c                crypto_stream_chacha20_noncebytes
 .text.crypto_stream_chacha20_messagebytes_max
                0x08005b50        0x6 ../sodium/sodium-1.0.15/lib/libsodium.a(libsodium_la-stream_chacha20.o)
                0x08005b50                crypto_stream_chacha20_messagebytes_max
 .text.crypto_stream_chacha20_ietf_keybytes
                0x08005b56        0x4 ../sodium/sodium-1.0.15/lib/libsodium.a(libsodium_la-stream_chacha20.o)
                0x08005b56                crypto_stream_chacha20_ietf_keybytes
 .text.crypto_stream_chacha20_ietf_noncebytes
                0x08005b5a        0x4 ../sodium/sodium-1.0.15/lib/libsodium.a(libsodium_la-stream_chacha20.o)
                0x08005b5a                crypto_stream_chacha20_ietf_noncebytes
 .text.crypto_stream_chacha20_ietf_messagebytes_max
                0x08005b5e        0x6 ../sodium/sodium-1.0.15/lib/libsodium.a(libsodium_la-stream_chacha20.o)
                0x08005b5e                crypto_stream_chacha20_ietf_messagebytes_max
 .text.crypto_stream_chacha20
                0x08005b64       0x14 ../sodium/sodium-1.0.15/lib/libsodium.a(libsodium_la-stream_chacha20.o)
                0x08005b64                crypto_stream_chacha20
 .text.crypto_stream_chacha20_ietf
                0x08005b78       0x14 ../sodium/sodium-1.0.15/lib/libsodium.a(libsodium_la-stream_chacha20.o)
                0x08005b78                crypto_stream_chacha20_ietf
 .text.crypto_stream_chacha20_xor_ic
                0x08005b8c       0x14 ../sodium/sodium-1.0.15/lib/libsodium.a(libsodium_la-stream_chacha20.o)
                0x08005b8c                crypto_stream_chacha20_xor_ic
 .text.crypto_stream_chacha20_ietf_xor_ic
                0x08005ba0       0x14 ../sodium/sodium-1.0.15/lib/libsodium.a(libsodium_la-stream_chacha20.o)
                0x08005ba0                crypto_stream_chacha20_ietf_xor_ic
 .text.crypto_stream_chacha20_xor
                0x08005bb4       0x28 ../sodium/sodium-1.0.15/lib/libsodium.a(libsodium_la-stream_chacha20.o)
                0x08005bb4                crypto_stream_chacha20_xor
 .text.crypto_stream_chacha20_ietf_xor
                0x08005bdc       0x24 ../sodium/sodium-1.0.15/lib/libsodium.a(libsodium_la-stream_chacha20.o)
                0x08005bdc                crypto_stream_chacha20_ietf_xor
 .text.crypto_stream_chacha20_keygen
                0x08005c00        0x6 ../sodium/sodium-1.0.15/lib/libsodium.a(libsodium_la-stream_chacha20.o)
                0x08005c00                crypto_stream_chacha20_keygen
 .text.crypto_stream_chacha20_ietf_keygen
                0x08005c06        0x4 ../sodium/sodium-1.0.15/lib/libsodium.a(libsodium_la-stream_chacha20.o)
                0x08005c06                crypto_stream_chacha20_ietf_keygen
 *fill*         0x08005c0a        0x2 
 .text._crypto_stream_chacha20_pick_best_implementation
                0x08005c0c       0x20 ../sodium/sodium-1.0.15/lib/libsodium.a(libsodium_la-stream_chacha20.o)
                0x08005c0c                _crypto_stream_chacha20_pick_best_implementation
 .text          0x08005c2c        0x0 ../sodium/sodium-1.0.15/lib/libsodium.a(libsodium_la-chacha20_ref.o)
 .text.chacha_keysetup
                0x08005c2c       0x48 ../sodium/sodium-1.0.15/lib/libsodium.a(libsodium_la-chacha20_ref.o)
 .text.chacha20_encrypt_bytes.part.0
                0x08005c74      0x3d0 ../sodium/sodium-1.0.15/lib/libsodium.a(libsodium_la-chacha20_ref.o)
 .text.stream_ietf_ref
                0x08006044       0x54 ../sodium/sodium-1.0.15/lib/libsodium.a(libsodium_la-chacha20_ref.o)
 .text.stream_ref_xor_ic
                0x08006098       0x56 ../sodium/sodium-1.0.15/lib/libsodium.a(libsodium_la-chacha20_ref.o)
 .text.stream_ietf_ref_xor_ic
                0x080060ee       0x4e ../sodium/sodium-1.0.15/lib/libsodium.a(libsodium_la-chacha20_ref.o)
 .text.stream_ref
                0x0800613c       0x58 ../sodium/sodium-1.0.15/lib/libsodium.a(libsodium_la-chacha20_ref.o)
 .text          0x08006194        0x0 ../sodium/sodium-1.0.15/lib/libsodium.a(libsodium_la-verify.o)
 .text.crypto_verify_n
                0x08006194       0x30 ../sodium/sodium-1.0.15/lib/libsodium.a(libsodium_la-verify.o)
 .text.crypto_verify_16_bytes
                0x080061c4        0x4 ../sodium/sodium-1.0.15/lib/libsodium.a(libsodium_la-verify.o)
                0x080061c4                crypto_verify_16_bytes
 .text.crypto_verify_32_bytes
                0x080061c8        0x4 ../sodium/sodium-1.0.15/lib/libsodium.a(libsodium_la-verify.o)
                0x080061c8                crypto_verify_32_bytes
 .text.crypto_verify_64_bytes
                0x080061cc        0x4 ../sodium/sodium-1.0.15/lib/libsodium.a(libsodium_la-verify.o)
                0x080061cc                crypto_verify_64_bytes
 .text.crypto_verify_16
                0x080061d0        0x6 ../sodium/sodium-1.0.15/lib/libsodium.a(libsodium_la-verify.o)
                0x080061d0                crypto_verify_16
 .text.crypto_verify_32
                0x080061d6        0x6 ../sodium/sodium-1.0.15/lib/libsodium.a(libsodium_la-verify.o)
                0x080061d6                crypto_verify_32
 .text.crypto_verify_64
                0x080061dc        0x6 ../sodium/sodium-1.0.15/lib/libsodium.a(libsodium_la-verify.o)
                0x080061dc                crypto_verify_64
 *fill*         0x080061e2        0x2 
 .text          0x080061e4       0x48 /usr/lib/gcc/arm-none-eabi/13.2.1/../../../arm-none-eabi/lib/thumb/v7e-m/nofp/libg.a(libc_a-rand.o)
                0x080061e4                srand
                0x080061f4                rand
 *fill*         0x0800622c       0x14 
 .text          0x08006240       0xd8 /usr/lib/gcc/arm-none-eabi/13.2.1/../../../arm-none-eabi/lib/thumb/v7e-m/nofp/libg.a(libc_a-strlen.o)
                0x08006240                strlen
 .text          0x08006318       0xa4 /usr/lib/gcc/arm-none-eabi/13.2.1/../../../arm-none-eabi/lib/thumb/v7e-m/nofp/libg.a(libc_a-memset.o)
                0x08006318                memset
 .text          0x080063bc       0x4c /usr/lib/gcc/arm-none-eabi/13.2.1/../../../arm-none-eabi/lib/thumb/v7e-m/nofp/libg.a(libc_a-assert.o)
                0x080063bc                __assert_func
                0x080063fc                __assert
 .text          0x08006408        0x4 /usr/lib/gcc/arm-none-eabi/13.2.1/../../../arm-none-eabi/lib/thumb/v7e-m/nofp/libg.a(libc_a-explicit_bzero.o)
                0x08006408                explicit_bzero
 .text          0x0800640c       0x10 /usr/lib/gcc/arm-none-eabi/13.2.1/../../../arm-none-eabi/lib/thumb/v7e-m/nofp/libg.a(libc_a-sysclose.o)
                0x0800640c                close
 .text          0x0800641c      0x100 /usr/lib/gcc/arm-none-eabi/13.2.1/../../../arm-none-eabi/lib/thumb/v7e-m/nofp/libg.a(libc_a-memmove.o)
                0x0800641c                memmove
 .text          0x0800651c       0x18 /usr/lib/gcc/arm-none-eabi/13.2.1/../../../arm-none-eabi/lib/thumb/v7e-m/nofp/libg.a(libc_a-calloc.o)
                0x0800651c                calloc
 .text          0x08006534        0xc /usr/lib/gcc/arm-none-eabi/13.2.1/../../../arm-none-eabi/lib/thumb/v7e-m/nofp/libg.a(libc_a-errno.o)
                0x08006534                __errno
 .text          0x08006540        0x0 /usr/lib/gcc/arm-none-eabi/13.2.1/../../../arm-none-eabi/lib/thumb/v7e-m/nofp/libg.a(libc_a-impure.o)
 .text          0x08006540       0x10 /usr/lib/gcc/arm-none-eabi/13.2.1/../../../arm-none-eabi/lib/thumb/v7e-m/nofp/libg.a(libc_a-abort.o)
                0x08006540                abort
 .text          0x08006550       0x6c /usr/lib/gcc/arm-none-eabi/13.2.1/../../../arm-none-eabi/lib/thumb/v7e-m/nofp/libg.a(libc_a-callocr.o)
                0x08006550                _calloc_r
 .text          0x080065bc       0x44 /usr/lib/gcc/arm-none-eabi/13.2.1/../../../arm-none-eabi/lib/thumb/v7e-m/nofp/libg.a(libc_a-fiprintf.o)
                0x080065bc                _fiprintf_r
                0x080065d8                fiprintf
 .text          0x08006600      0x55c /usr/lib/gcc/arm-none-eabi/13.2.1/../../../arm-none-eabi/lib/thumb/v7e-m/nofp/libg.a(libc_a-mallocr.o)
                0x08006600                _malloc_r
 .text          0x08006b5c      0x2b0 /usr/lib/gcc/arm-none-eabi/13.2.1/../../../arm-none-eabi/lib/thumb/v7e-m/nofp/libg.a(libc_a-freer.o)
                0x08006b5c                _malloc_trim_r
                0x08006c14                _free_r
 .text          0x08006e0c       0x10 /usr/lib/gcc/arm-none-eabi/13.2.1/../../../arm-none-eabi/lib/thumb/v7e-m/nofp/libg.a(libc_a-sysfcntl.o)
                0x08006e0c                fcntl
 .text          0x08006e1c       0x20 /usr/lib/gcc/arm-none-eabi/13.2.1/../../../arm-none-eabi/lib/thumb/v7e-m/nofp/libg.a(libc_a-malloc.o)
                0x08006e1c                malloc
                0x08006e2c                free
 .text          0x08006e3c      0x134 /usr/lib/gcc/arm-none-eabi/13.2.1/../../../arm-none-eabi/lib/thumb/v7e-m/nofp/libg.a(libc_a-memcpy.o)
                0x08006e3c                memcpy
 .text          0x08006f70       0x28 /usr/lib/gcc/arm-none-eabi/13.2.1/../../../arm-none-eabi/lib/thumb/v7e-m/nofp/libg.a(libc_a-sysopen.o)
                0x08006f70                open
 .text          0x08006f98       0x1c /usr/lib/gcc/arm-none-eabi/13.2.1/../../../arm-none-eabi/lib/thumb/v7e-m/nofp/libg.a(libc_a-sysconf.o)
                0x08006f98                sysconf
 .text          0x08006fb4       0x50 /usr/lib/gcc/arm-none-eabi/13.2.1/../../../arm-none-eabi/lib/thumb/v7e-m/nofp/libg.a(libc_a-init.o)
                0x08006fb4                __libc_init_array
 .text          0x08007004       0x18 /usr/lib/gcc/arm-none-eabi/13.2.1/../../../arm-none-eabi/lib/thumb/v7e-m/nofp/libg.a(libc_a-sysread.o)
                0x08007004                read
 .text          0x0800701c        0x8 /usr/lib/gcc/arm-none-eabi/13.2.1/../../../arm-none-eabi/lib/thumb/v7e-m/nofp/libg.a(libc_a-mlock.o)
                0x0800701c                __malloc_lock
                0x08007020                __malloc_unlock
 .text          0x08007024      0x224 /usr/lib/gcc/arm-none-eabi/13.2.1/../../../arm-none-eabi/lib/thumb/v7e-m/nofp/libg.a(libc_a-findfp.o)
                0x08007154                __sfp
                0x080071f8                __sinit
                0x08007218                __sfp_lock_acquire
                0x0800721c                __sfp_lock_release
                0x08007220                __fp_lock_all
                0x08007234                __fp_unlock_all
 .text          0x08007248       0x18 /usr/lib/gcc/arm-none-eabi/13.2.1/../../../arm-none-eabi/lib/thumb/v7e-m/nofp/libg.a(libc_a-sysfstat.o)
                0x08007248                fstat
 .text          0x08007260       0x24 /usr/lib/gcc/arm-none-eabi/13.2.1/../../../arm-none-eabi/lib/thumb/v7e-m/nofp/libg.a(libc_a-sbrkr.o)
                0x08007260                _sbrk_r
 .text          0x08007284       0x24 /usr/lib/gcc/arm-none-eabi/13.2.1/../../../arm-none-eabi/lib/thumb/v7e-m/nofp/libg.a(libc_a-closer.o)
                0x08007284                _close_r
 .text          0x080072a8      0x280 /usr/lib/gcc/arm-none-eabi/13.2.1/../../../arm-none-eabi/lib/thumb/v7e-m/nofp/libg.a(libc_a-signal.o)
                0x080072a8                _init_signal_r
                0x080072d8                _signal_r
                0x08007328                _raise_r
                0x0800737c                __sigtramp_r
                0x080073e0                raise
                0x08007438                signal
                0x08007488                _init_signal
                0x080074c0                __sigtramp
 .text          0x08007528       0x2c /usr/lib/gcc/arm-none-eabi/13.2.1/../../../arm-none-eabi/lib/thumb/v7e-m/nofp/libg.a(libc_a-openr.o)
                0x08007528                _open_r
 .text          0x08007554        0x8 /usr/lib/gcc/arm-none-eabi/13.2.1/../../../arm-none-eabi/lib/thumb/v7e-m/nofp/libg.a(libc_a-bzero.o)
                0x08007554                bzero
 .text          0x0800755c       0x44 /usr/lib/gcc/arm-none-eabi/13.2.1/../../../arm-none-eabi/lib/thumb/v7e-m/nofp/libg.a(libc_a-fwalk.o)
                0x0800755c                _fwalk_sglue
 .text          0x080075a0       0x30 /usr/lib/gcc/arm-none-eabi/13.2.1/../../../arm-none-eabi/lib/thumb/v7e-m/nofp/libg.a(libc_a-signalr.o)
                0x080075a0                _kill_r
                0x080075cc                _getpid_r
 .text          0x080075d0      0xb40 /usr/lib/gcc/arm-none-eabi/13.2.1/../../../arm-none-eabi/lib/thumb/v7e-m/nofp/libg.a(libc_a-vfiprintf.o)
                0x080075d0                _vfiprintf_r
                0x0800808c                vfiprintf
 .text          0x08008110       0x2c /usr/lib/gcc/arm-none-eabi/13.2.1/../../../arm-none-eabi/lib/thumb/v7e-m/nofp/libg.a(libc_a-readr.o)
                0x08008110                _read_r
 .text          0x0800813c       0xc4 /usr/lib/gcc/arm-none-eabi/13.2.1/../../../arm-none-eabi/lib/thumb/v7e-m/nofp/libg.a(libc_a-wsetup.o)
                0x0800813c                __swsetup_r
 .text          0x08008200       0x90 /usr/lib/gcc/arm-none-eabi/13.2.1/../../../arm-none-eabi/lib/thumb/v7e-m/nofp/libg.a(libc_a-fclose.o)
                0x08008200                _fclose_r
                0x08008280                fclose
 .text          0x08008290       0x94 /usr/lib/gcc/arm-none-eabi/13.2.1/../../../arm-none-eabi/lib/thumb/v7e-m/nofp/libg.a(libc_a-stdio.o)
                0x08008290                __sread
                0x080082b4                __seofread
                0x080082b8                __swrite
                0x080082f8                __sseek
                0x0800831c                __sclose
 .text          0x08008324       0x6c /usr/lib/gcc/arm-none-eabi/13.2.1/../../../arm-none-eabi/lib/thumb/v7e-m/nofp/libg.a(libc_a-reent.o)
                0x08008324                _reclaim_reent
 .text          0x08008390       0x2c /usr/lib/gcc/arm-none-eabi/13.2.1/../../../arm-none-eabi/lib/thumb/v7e-m/nofp/libg.a(libc_a-writer.o)
                0x08008390                _write_r
 .text          0x080083bc       0x2c /usr/lib/gcc/arm-none-eabi/13.2.1/../../../arm-none-eabi/lib/thumb/v7e-m/nofp/libg.a(libc_a-fstatr.o)
                0x080083bc                _fstat_r
 .text          0x080083e8       0x20 /usr/lib/gcc/arm-none-eabi/13.2.1/../../../arm-none-eabi/lib/thumb/v7e-m/nofp/libg.a(libc_a-sprint_r.o)
                0x080083e8                __sprint_r
 .text          0x08008408      0x13c /usr/lib/gcc/arm-none-eabi/13.2.1/../../../arm-none-eabi/lib/thumb/v7e-m/nofp/libg.a(libc_a-makebuf.o)
                0x08008408                __smakebuf_r
                0x080084e4                __swhatbuf_r
 *fill*         0x08008544        0xc 
 .text          0x08008550       0xa0 /usr/lib/gcc/arm-none-eabi/13.2.1/../../../arm-none-eabi/lib/thumb/v7e-m/nofp/libg.a(libc_a-memchr.o)
                0x08008550                memchr
 .text          0x080085f0      0x19c /usr/lib/gcc/arm-none-eabi/13.2.1/../../../arm-none-eabi/lib/thumb/v7e-m/nofp/libg.a(libc_a-fflush.o)
                0x080085f0                __sflush_r
                0x08008718                _fflush_r
                0x08008744                fflush
 .text          0x0800878c       0x2c /usr/lib/gcc/arm-none-eabi/13.2.1/../../../arm-none-eabi/lib/thumb/v7e-m/nofp/libg.a(libc_a-lseekr.o)
                0x0800878c                _lseek_r
 .text          0x080087b8       0x24 /usr/lib/gcc/arm-none-eabi/13.2.1/../../../arm-none-eabi/lib/thumb/v7e-m/nofp/libg.a(libc_a-isattyr.o)
                0x080087b8                _isatty_r
 .text          0x080087dc      0x2f8 /usr/lib/gcc/arm-none-eabi/13.2.1/../../../arm-none-eabi/lib/thumb/v7e-m/nofp/libg.a(libc_a-fvwrite.o)
                0x080087dc                __sfvwrite_r
 .text          0x08008ad4      0x344 /usr/lib/gcc/arm-none-eabi/13.2.1/../../../arm-none-eabi/lib/thumb/v7e-m/nofp/libg.a(libc_a-reallocr.o)
                0x08008ad4                _realloc_r
 .text          0x08008e18       0x10 /usr/lib/gcc/arm-none-eabi/13.2.1/../../../arm-none-eabi/lib/thumb/v7e-m/nofp/libnosys.a(close.o)
                0x08008e18                _close
 .text          0x08008e28       0x10 /usr/lib/gcc/arm-none-eabi/13.2.1/../../../arm-none-eabi/lib/thumb/v7e-m/nofp/libnosys.a(fstat.o)
                0x08008e28                _fstat
 .text          0x08008e38       0x10 /usr/lib/gcc/arm-none-eabi/13.2.1/../../../arm-none-eabi/lib/thumb/v7e-m/nofp/libnosys.a(getpid.o)
                0x08008e38                _getpid
 .text          0x08008e48       0x10 /usr/lib/gcc/arm-none-eabi/13.2.1/../../../arm-none-eabi/lib/thumb/v7e-m/nofp/libnosys.a(isatty.o)
                0x08008e48                _isatty
 .text          0x08008e58       0x10 /usr/lib/gcc/arm-none-eabi/13.2.1/../../../arm-none-eabi/lib/thumb/v7e-m/nofp/libnosys.a(kill.o)
                0x08008e58                _kill
 .text          0x08008e68       0x10 /usr/lib/gcc/arm-none-eabi/13.2.1/../../../arm-none-eabi/lib/thumb/v7e-m/nofp/libnosys.a(lseek.o)
                0x08008e68                _lseek
 .text          0x08008e78       0x10 /usr/lib/gcc/arm-none-eabi/13.2.1/../../../arm-none-eabi/lib/thumb/v7e-m/nofp/libnosys.a(open.o)
                0x08008e78                _open
 .text          0x08008e88       0x10 /usr/lib/gcc/arm-none-eabi/13.2.1/../../../arm-none-eabi/lib/thumb/v7e-m/nofp/libnosys.a(read.o)
                0x08008e88                _read
 .text          0x08008e98       0x10 /usr/lib/gcc/arm-none-eabi/13.2.1/../../../arm-none-eabi/lib/thumb/v7e-m/nofp/libnosys.a(write.o)
                0x08008e98                _write
 .text          0x08008ea8        0x4 /usr/lib/gcc/arm-none-eabi/13.2.1/../../../arm-none-eabi/lib/thumb/v7e-m/nofp/libnosys.a(_exit.o)
                0x08008ea8                _exit
 *(.init)
 *(.fini)
 *crtbegin.o(.ctors)
 *crtbegin?.o(.ctors)
 *(EXCLUDE_FILE(*crtend.o *crtend?.o) .ctors)
 *(SORT_BY_NAME(.ctors.*))
 *(.ctors)
 *crtbegin.o(.dtors)
 *crtbegin?.o(.dtors)
 *(EXCLUDE_FILE(*crtend.o *crtend?.o) .dtors)
 *(SORT_BY_NAME(.dtors.*))
 *(.dtors)
 *(.rodata .rodata.*)
 .rodata        0x08008eac        0xc build/clockSetup.o
 .rodata        0x08008eb8       0xda build/Descriptors.o
                0x08008eb8                DeviceDescriptor
                0x08008ecc                ConfigurationDescriptor
                0x08008f0c                LanguageString
                0x08008f14                ProductString
                0x08008f38                ManufacturerString
 *fill*         0x08008f92        0x2 
 .rodata        0x08008f94      0x140 build/base64url.o
 .rodata        0x080090d4        0x4 build/stack_protector.o
                0x080090d4                __stack_chk_guard
 .rodata        0x080090d8       0x40 lib_build/xmc_usbd.o
                0x080090d8                Driver_USBD0
 .rodata        0x08009118        0x8 lib_build/CDCClassDevice.o
 .rodata        0x08009120       0x18 ../sodium/sodium-1.0.15/lib/libsodium.a(libsodium_la-randombytes.o)
 .rodata.str1.1
                0x08009138       0xa4 ../sodium/sodium-1.0.15/lib/libsodium.a(libsodium_la-randombytes.o)
                                 0x2e (size before relaxing)
 .rodata        0x080091dc        0xa ../sodium/sodium-1.0.15/lib/libsodium.a(libsodium_la-randombytes_sysrandom.o)
 .rodata.str1.1
                0x080091e6       0x76 ../sodium/sodium-1.0.15/lib/libsodium.a(libsodium_la-randombytes_sysrandom.o)
 *fill*         0x080091e6        0x2 
 .rodata.str1.4
                0x080091e8       0x6f /usr/lib/gcc/arm-none-eabi/13.2.1/../../../arm-none-eabi/lib/thumb/v7e-m/nofp/libg.a(libc_a-assert.o)
                                 0x43 (size before relaxing)
 .rodata.str1.4
                0x08009257       0x2f /usr/lib/gcc/arm-none-eabi/13.2.1/../../../arm-none-eabi/lib/thumb/v7e-m/nofp/libg.a(libc_a-vfiprintf.o)
 *fill*         0x08009257        0x1 
 .rodata        0x08009258       0x20 /usr/lib/gcc/arm-none-eabi/13.2.1/../../../arm-none-eabi/lib/thumb/v7e-m/nofp/libg.a(libc_a-vfiprintf.o)
 *(.gnu.linkonce.r*)