Archive member included to satisfy reference by file (symbol)

/Applications/ArmGNUToolchain/14.2.rel1/arm-none-eabi/bin/../lib/gcc/arm-none-eabi/14.2.1/../../../../arm-none-eabi/lib/thumb/v7e-m/nofp/libg.a(libc_a-memcmp.o)
                              lib_build/HIDClassDevice.o (memcmp)
/Applications/ArmGNUToolchain/14.2.rel1/arm-none-eabi/bin/../lib/gcc/arm-none-eabi/14.2.1/../../../../arm-none-eabi/lib/thumb/v7e-m/nofp/libg.a(libc_a-memset.o)
                              lib_build/HIDClassDevice.o (memset)
/Applications/ArmGNUToolchain/14.2.rel1/arm-none-eabi/bin/../lib/gcc/arm-none-eabi/14.2.1/../../../../arm-none-eabi/lib/thumb/v7e-m/nofp/libg.a(libc_a-errno.o)
                              lib_build/syscalls.o (__errno)
/Applications/ArmGNUToolchain/14.2.rel1/arm-none-eabi/bin/../lib/gcc/arm-none-eabi/14.2.1/../../../../arm-none-eabi/lib/thumb/v7e-m/nofp/libg.a(libc_a-init.o)
                              lib_build/startup_XMC4500.o (__libc_init_array)
/Applications/ArmGNUToolchain/14.2.rel1/arm-none-eabi/bin/../lib/gcc/arm-none-eabi/14.2.1/../../../../arm-none-eabi/lib/thumb/v7e-m/nofp/libg.a(libc_a-memcpy.o)
                              lib_build/xmc_usbd.o (memcpy)
/Applications/ArmGNUToolchain/14.2.rel1/arm-none-eabi/bin/../lib/gcc/arm-none-eabi/14.2.1/../../../../arm-none-eabi/lib/thumb/v7e-m/nofp/libg.a(libc_a-impure.o)
                              /Applications/ArmGNUToolchain/14.2.rel1/arm-none-eabi/bin/../lib/gcc/arm-none-eabi/14.2.1/../../../../arm-none-eabi/lib/thumb/v7e-m/nofp/libg.a(libc_a-errno.o) (_impure_ptr)
/Applications/ArmGNUToolchain/14.2.rel1/arm-none-eabi/bin/../lib/gcc/arm-none-eabi/14.2.1/../../../../arm-none-eabi/lib/thumb/v7e-m/nofp/libg.a(libc_a-findfp.o)
                              /Applications/ArmGNUToolchain/14.2.rel1/arm-none-eabi/bin/../lib/gcc/arm-none-eabi/14.2.1/../../../../arm-none-eabi/lib/thumb/v7e-m/nofp/libg.a(libc_a-impure.o) (__sf)
/Applications/ArmGNUToolchain/14.2.rel1/arm-none-eabi/bin/../lib/gcc/arm-none-eabi/14.2.1/../../../../arm-none-eabi/lib/thumb/v7e-m/nofp/libg.a(libc_a-lock.o)
                              /Applications/ArmGNUToolchain/14.2.rel1/arm-none-eabi/bin/../lib/gcc/arm-none-eabi/14.2.1/../../../../arm-none-eabi/lib/thumb/v7e-m/nofp/libg.a(libc_a-findfp.o) (__retarget_lock_init_recursive)
/Applications/ArmGNUToolchain/14.2.rel1/arm-none-eabi/bin/../lib/gcc/arm-none-eabi/14.2.1/../../../../arm-none-eabi/lib/thumb/v7e-m/nofp/libg.a(libc_a-mallocr.o)
                              /Applications/ArmGNUToolchain/14.2.rel1/arm-none-eabi/bin/../lib/gcc/arm-none-eabi/14.2.1/../../../../arm-none-eabi/lib/thumb/v7e-m/nofp/libg.a(libc_a-findfp.o) (_malloc_r)
/Applications/ArmGNUToolchain/14.2.rel1/arm-none-eabi/bin/../lib/gcc/arm-none-eabi/14.2.1/../../../../arm-none-eabi/lib/thumb/v7e-m/nofp/libg.a(libc_a-mlock.o)
                              /Applications/ArmGNUToolchain/14.2.rel1/arm-none-eabi/bin/../lib/gcc/arm-none-eabi/14.2.1/../../../../arm-none-eabi/lib/thumb/v7e-m/nofp/libg.a(libc_a-mallocr.o) (__malloc_lock)
/Applications/ArmGNUToolchain/14.2.rel1/arm-none-eabi/bin/../lib/gcc/arm-none-eabi/14.2.1/../../../../arm-none-eabi/lib/thumb/v7e-m/nofp/libg.a(libc_a-fwalk.o)
                              /Applications/ArmGNUToolchain/14.2.rel1/arm-none-eabi/bin/../lib/gcc/arm-none-eabi/14.2.1/../../../../arm-none-eabi/lib/thumb/v7e-m/nofp/libg.a(libc_a-findfp.o) (_fwalk_sglue)
/Applications/ArmGNUToolchain/14.2.rel1/arm-none-eabi/bin/../lib/gcc/arm-none-eabi/14.2.1/../../../../arm-none-eabi/lib/thumb/v7e-m/nofp/libg.a(libc_a-fclose.o)
                              /Applications/ArmGNUToolchain/14.2.rel1/arm-none-eabi/bin/../lib/gcc/arm-none-eabi/14.2.1/../../../../arm-none-eabi/lib/thumb/v7e-m/nofp/libg.a(libc_a-findfp.o) (_fclose_r)
/Applications/ArmGNUToolchain/14.2.rel1/arm-none-eabi/bin/../lib/gcc/arm-none-eabi/14.2.1/../../../../arm-none-eabi/lib/thumb/v7e-m/nofp/libg.a(libc_a-fflush.o)
                              /Applications/ArmGNUToolchain/14.2.rel1/arm-none-eabi/bin/../lib/gcc/arm-none-eabi/14.2.1/../../../../arm-none-eabi/lib/thumb/v7e-m/nofp/libg.a(libc_a-fclose.o) (__sflush_r)
/Applications/ArmGNUToolchain/14.2.rel1/arm-none-eabi/bin/../lib/gcc/arm-none-eabi/14.2.1/../../../../arm-none-eabi/lib/thumb/v7e-m/nofp/libg.a(libc_a-stdio.o)
                              /Applications/ArmGNUToolchain/14.2.rel1/arm-none-eabi/bin/../lib/gcc/arm-none-eabi/14.2.1/../../../../arm-none-eabi/lib/thumb/v7e-m/nofp/libg.a(libc_a-findfp.o) (__sread)
/Applications/ArmGNUToolchain/14.2.rel1/arm-none-eabi/bin/../lib/gcc/arm-none-eabi/14.2.1/../../../../arm-none-eabi/lib/thumb/v7e-m/nofp/libg.a(libc_a-closer.o)
                              /Applications/ArmGNUToolchain/14.2.rel1/arm-none-eabi/bin/../lib/gcc/arm-none-eabi/14.2.1/../../../../arm-none-eabi/lib/thumb/v7e-m/nofp/libg.a(libc_a-stdio.o) (_close_r)
[...]
Memory Configuration

Name             Origin             Length             Attributes
FLASH_1_cached   0x08000000         0x00100000         xr
FLASH_1_uncached 0x0c000000         0x00100000         xr
PSRAM_1          0x10000000         0x00010000         !xr
DSRAM_1_system   0x20000000         0x00010000         !xr
DSRAM_2_comm     0x30000000         0x00008000         !xr
*default*        0x00000000         0xffffffff

Linker script and memory map

LOAD build/main.o
LOAD build/KeyboardHID.o
LOAD build/Descriptors.o
LOAD lib_build/xmc4_scu.o
LOAD lib_build/xmc_gpio.o
LOAD lib_build/HIDClassDevice.o
LOAD lib_build/memcpy.o
LOAD lib_build/Endpoint_XMC4000.o
LOAD lib_build/EndpointStream_XMC4000.o
LOAD lib_build/USBController_XMC4000.o
LOAD lib_build/xmc_usbd.o
LOAD lib_build/ConfigDescriptors.o
LOAD lib_build/HostStandardReq.o
LOAD lib_build/USBTask.o
LOAD lib_build/Events.o
LOAD lib_build/startup_XMC4500.o
LOAD lib_build/system_XMC4500.o
LOAD lib_build/syscalls.o
START GROUP
LOAD /Applications/ArmGNUToolchain/14.2.rel1/arm-none-eabi/bin/../lib/gcc/arm-none-eabi/14.2.1/thumb/v7e-m/nofp/libgcc.a
LOAD /Applications/ArmGNUToolchain/14.2.rel1/arm-none-eabi/bin/../lib/gcc/arm-none-eabi/14.2.1/../../../../arm-none-eabi/lib/thumb/v7e-m/nofp/libg.a
LOAD /Applications/ArmGNUToolchain/14.2.rel1/arm-none-eabi/bin/../lib/gcc/arm-none-eabi/14.2.1/../../../../arm-none-eabi/lib/thumb/v7e-m/nofp/libc.a
END GROUP
START GROUP
LOAD /Applications/ArmGNUToolchain/14.2.rel1/arm-none-eabi/bin/../lib/gcc/arm-none-eabi/14.2.1/thumb/v7e-m/nofp/libgcc.a
LOAD /Applications/ArmGNUToolchain/14.2.rel1/arm-none-eabi/bin/../lib/gcc/arm-none-eabi/14.2.1/../../../../arm-none-eabi/lib/thumb/v7e-m/nofp/libc.a
LOAD /Applications/ArmGNUToolchain/14.2.rel1/arm-none-eabi/bin/../lib/gcc/arm-none-eabi/14.2.1/../../../../arm-none-eabi/lib/thumb/v7e-m/nofp/libnosys.a
END GROUP
                0x00000800                        stack_size = DEFINED (stack_size)?stack_size:0x800
                0x00000040                        no_init_size = 0x40

.text           0x08000000     0x7628 load address 0x0c000000
                0x08000000                        sText = .
 *(.reset)
 .reset         0x08000000      0x2b2 lib_build/startup_XMC4500.o
                0x08000000                __Vectors
                0x08000200                Reset_Handler
                0x080002b0                DebugMon_Handler
                0x080002b0                VADC0_C0_0_IRQHandler
                0x080002b0                CAN0_4_IRQHandler
                0x080002b0                VADC0_G2_0_IRQHandler
                0x080002b0                USIC0_5_IRQHandler
                0x080002b0                POSIF0_0_IRQHandler
                0x080002b0                POSIF1_0_IRQHandler
                0x080002b0                HardFault_Handler
                0x080002b0                VADC0_G1_1_IRQHandler
                0x080002b0                SysTick_Handler
                0x080002b0                PendSV_Handler
                0x080002b0                NMI_Handler
                0x080002b0                USIC1_3_IRQHandler
                0x080002b0                CCU40_2_IRQHandler
                0x080002b0                SCU_0_IRQHandler
                0x080002b0                ERU0_0_IRQHandler
                0x080002b0                CCU41_0_IRQHandler
                0x080002b0                USIC1_5_IRQHandler
                0x080002b0                DSD0_4_IRQHandler
                0x080002b0                CCU80_1_IRQHandler
                0x080002b0                CCU81_0_IRQHandler
                0x080002b0                UsageFault_Handler
                0x080002b0                USIC0_0_IRQHandler
                0x080002b0                POSIF1_1_IRQHandler
                0x080002b0                ERU0_2_IRQHandler
                0x080002b0                CCU81_1_IRQHandler
                0x080002b0                ERU1_1_IRQHandler
                0x080002b0                VADC0_G2_3_IRQHandler
                0x080002b0                VADC0_G2_2_IRQHandler
                0x080002b0                CCU42_3_IRQHandler
                0x080002b0                ERU0_3_IRQHandler
                0x080002b0                DSD0_5_IRQHandler
                0x080002b0                CAN0_6_IRQHandler
                0x080002b0                CCU43_0_IRQHandler
                0x080002b0                VADC0_G0_1_IRQHandler
                0x080002b0                CCU81_2_IRQHandler
                0x080002b0                USIC2_4_IRQHandler
                0x080002b0                CCU81_3_IRQHandler
                0x080002b0                CCU42_1_IRQHandler
                0x080002b0                USIC1_1_IRQHandler
                0x080002b0                USIC2_5_IRQHandler
                0x080002b0                CCU40_0_IRQHandler
                0x080002b0                CAN0_0_IRQHandler
                0x080002b0                ERU1_0_IRQHandler
                0x080002b0                CCU42_2_IRQHandler
                0x080002b0                Default_Handler
                0x080002b0                USIC1_4_IRQHandler
                0x080002b0                ERU1_3_IRQHandler
                0x080002b0                USIC1_0_IRQHandler
                0x080002b0                POSIF0_1_IRQHandler
                0x080002b0                VADC0_G0_0_IRQHandler
                0x080002b0                DSD0_2_IRQHandler
                0x080002b0                CCU80_3_IRQHandler
                0x080002b0                CCU41_3_IRQHandler
                0x080002b0                CCU80_2_IRQHandler
                0x080002b0                VADC0_G1_3_IRQHandler
                0x080002b0                VADC0_G0_3_IRQHandler
                0x080002b0                GPDMA0_0_IRQHandler
                0x080002b0                PMU0_0_IRQHandler
                0x080002b0                CAN0_7_IRQHandler
                0x080002b0                DSD0_1_IRQHandler
                0x080002b0                CCU41_2_IRQHandler
                0x080002b0                VADC0_C0_1_IRQHandler
                0x080002b0                CCU43_2_IRQHandler
                0x080002b0                USIC2_2_IRQHandler
                0x080002b0                MemManage_Handler
                0x080002b0                VADC0_G3_1_IRQHandler
                0x080002b0                DAC0_0_IRQHandler
                0x080002b0                SVC_Handler
                0x080002b0                VADC0_G3_3_IRQHandler
                0x080002b0                ERU1_2_IRQHandler
                0x080002b0                CCU41_1_IRQHandler
                0x080002b0                DSD0_6_IRQHandler
                0x080002b0                CCU43_1_IRQHandler
                0x080002b0                VADC0_G1_2_IRQHandler
                0x080002b0                USIC2_3_IRQHandler
                0x080002b0                CAN0_2_IRQHandler
                0x080002b0                USIC2_0_IRQHandler
                0x080002b0                VADC0_G0_2_IRQHandler
                0x080002b0                VADC0_G2_1_IRQHandler
                0x080002b0                CAN0_3_IRQHandler
                0x080002b0                ETH0_0_IRQHandler
                0x080002b0                USIC0_3_IRQHandler
                0x080002b0                DSD0_0_IRQHandler
                0x080002b0                VADC0_C0_2_IRQHandler
                0x080002b0                CCU42_0_IRQHandler
                0x080002b0                FCE0_0_IRQHandler
                0x080002b0                VADC0_G1_0_IRQHandler
                0x080002b0                CAN0_5_IRQHandler
                0x080002b0                CCU80_0_IRQHandler
                0x080002b0                CCU40_1_IRQHandler
                0x080002b0                USIC2_1_IRQHandler
                0x080002b0                USIC0_1_IRQHandler
                0x080002b0                VADC0_G3_2_IRQHandler
                0x080002b0                CCU40_3_IRQHandler
                0x080002b0                BusFault_Handler
                0x080002b0                LEDTS0_0_IRQHandler
                0x080002b0                USIC0_4_IRQHandler
                0x080002b0                CCU43_3_IRQHandler
                0x080002b0                ERU0_1_IRQHandler
                0x080002b0                VADC0_G3_0_IRQHandler
                0x080002b0                USIC1_2_IRQHandler
                0x080002b0                DSD0_3_IRQHandler
                0x080002b0                SDMMC0_0_IRQHandler
                0x080002b0                CAN0_1_IRQHandler
                0x080002b0                USIC0_2_IRQHandler
                0x080002b0                DAC0_1_IRQHandler
                0x080002b0                VADC0_C0_3_IRQHandler
                0x080002b0                GPDMA1_0_IRQHandler
                0x080002b0                DSD0_7_IRQHandler
 *(.text .text.* .gnu.linkonce.t.*)
 .text          0x080002b2        0x0 build/main.o
 .text.XMC_GPIO_SetOutputHigh
                0x080002b2       0x22 build/main.o
 .text.XMC_GPIO_SetOutputLow
                0x080002d4       0x24 build/main.o
 .text.main     0x080002f8       0x48 build/main.o
                0x080002f8                main
 .text.CALLBACK_HID_Device_CreateHIDReport
                0x08000340       0x8c build/main.o
                0x08000340                CALLBACK_HID_Device_CreateHIDReport
 .text.CALLBACK_HID_Device_ProcessHIDReport
                0x080003cc       0x60 build/main.o
                0x080003cc                CALLBACK_HID_Device_ProcessHIDReport
 .text.SystemCoreClockSetup
                0x0800042c       0x34 build/main.o
                0x0800042c                SystemCoreClockSetup
 .text          0x08000460        0x0 build/KeyboardHID.o
 .text.__NVIC_GetPriorityGrouping
                0x08000460       0x1c build/KeyboardHID.o
 .text.__NVIC_EnableIRQ
                0x0800047c       0x3c build/KeyboardHID.o
 .text.__NVIC_ClearPendingIRQ
                0x080004b8       0x3c build/KeyboardHID.o
 .text.__NVIC_SetPriority
                0x080004f4       0x54 build/KeyboardHID.o
 .text.NVIC_EncodePriority
                0x08000548       0x66 build/KeyboardHID.o
 *fill*         0x080005ae        0x2 
 .text.USB0_0_IRQHandler
                0x080005b0       0x14 build/KeyboardHID.o
                0x080005b0                USB0_0_IRQHandler
 .text.USB_Init
                0x080005c4       0x48 build/KeyboardHID.o
                0x080005c4                USB_Init
 .text.EVENT_USB_Device_
                0x0800060c        0xe build/KeyboardHID.o
                0x0800060c                EVENT_USB_Device_
 .text.EVENT_USB_Device_Connect
                0x0800061a        0xe build/KeyboardHID.o
                0x0800061a                EVENT_USB_Device_Connect
 .text.EVENT_USB_Device_Reset
                0x08000628       0x30 build/KeyboardHID.o
                0x08000628                EVENT_USB_Device_Reset
 .text.EVENT_USB_Device_ConfigurationChanged
                0x08000658       0x50 build/KeyboardHID.o
                0x08000658                EVENT_USB_Device_ConfigurationChanged
 .text.EVENT_USB_Device_ControlRequest
                0x080006a8       0x14 build/KeyboardHID.o
                0x080006a8                EVENT_USB_Device_ControlRequest
 .text.CALLBACK_HIDParser_FilterHIDReportItem
                0x080006bc       0x16 build/KeyboardHID.o
                0x080006bc                CALLBACK_HIDParser_FilterHIDReportItem
 .text          0x080006d2        0x0 build/Descriptors.o
 *fill*         0x080006d2        0x2 
 .text.CALLBACK_USB_GetDescriptor
                0x080006d4      0x14c build/Descriptors.o
                0x080006d4                CALLBACK_USB_GetDescriptor
 .text          0x08000820        0x0 lib_build/xmc4_scu.o
 .text.XMC_SCU_CLOCK_GetUsbClockSource
                0x08000820       0x1c lib_build/xmc4_scu.o
 .text.XMC_SCU_CLOCK_GetWdtClockSource
                0x0800083c       0x1c lib_build/xmc4_scu.o
 .text.XMC_SCU_CLOCK_GetExternalOutputClockSource
                0x08000858       0x20 lib_build/xmc4_scu.o
 .text.XMC_SCU_CLOCK_GetSystemClockFrequency
                0x08000878       0x28 lib_build/xmc4_scu.o
 .text.XMC_SCU_CLOCK_GetCpuClockFrequency
                0x080008a0       0x18 lib_build/xmc4_scu.o
 .text.XMC_SCU_GetMirrorStatus
                0x080008b8       0x18 lib_build/xmc4_scu.o
 .text.XMC_SCU_lDelay
                0x080008d0       0x48 lib_build/xmc4_scu.o
 .text.XMC_SCU_INTERRUPT_EnableEvent
                0x08000918       0x24 lib_build/xmc4_scu.o
                0x08000918                XMC_SCU_INTERRUPT_EnableEvent
 .text.XMC_SCU_INTERRUPT_DisableEvent
                0x0800093c       0x28 lib_build/xmc4_scu.o
                0x0800093c                XMC_SCU_INTERRUPT_DisableEvent
 .text.XMC_SCU_INTERRUPT_TriggerEvent
                0x08000964       0x24 lib_build/xmc4_scu.o
                0x08000964                XMC_SCU_INTERRUPT_TriggerEvent
 .text.XMC_SCU_INTERUPT_GetEventStatus
                0x08000988       0x18 lib_build/xmc4_scu.o
                0x08000988                XMC_SCU_INTERUPT_GetEventStatus
 .text.XMC_SCU_INTERRUPT_ClearEventStatus
                0x080009a0       0x20 lib_build/xmc4_scu.o
                0x080009a0                XMC_SCU_INTERRUPT_ClearEventStatus
 .text.XMC_SCU_GetBootMode
                0x080009c0       0x1c lib_build/xmc4_scu.o
                0x080009c0                XMC_SCU_GetBootMode
 .text.XMC_SCU_SetBootMode
                0x080009dc       0x20 lib_build/xmc4_scu.o
                0x080009dc                XMC_SCU_SetBootMode
 .text.XMC_SCU_ReadGPR
                0x080009fc       0x24 lib_build/xmc4_scu.o
                0x080009fc                XMC_SCU_ReadGPR
 .text.XMC_SCU_WriteGPR
                0x08000a20       0x28 lib_build/xmc4_scu.o
                0x08000a20                XMC_SCU_WriteGPR
 .text.XMC_SCU_EnableOutOfRangeComparator
                0x08000a48       0x38 lib_build/xmc4_scu.o
                0x08000a48                XMC_SCU_EnableOutOfRangeComparator
 .text.XMC_SCU_DisableOutOfRangeComparator
                0x08000a80       0x3c lib_build/xmc4_scu.o
                0x08000a80                XMC_SCU_DisableOutOfRangeComparator
 .text.XMC_SCU_CalibrateTemperatureSensor
                0x08000abc       0x30 lib_build/xmc4_scu.o
                0x08000abc                XMC_SCU_CalibrateTemperatureSensor
 .text.XMC_SCU_EnableTemperatureSensor
                0x08000aec       0x24 lib_build/xmc4_scu.o
                0x08000aec                XMC_SCU_EnableTemperatureSensor
 .text.XMC_SCU_DisableTemperatureSensor
                0x08000b10       0x24 lib_build/xmc4_scu.o
                0x08000b10                XMC_SCU_DisableTemperatureSensor
 .text.XMC_SCU_IsTemperatureSensorEnabled
                0x08000b34       0x28 lib_build/xmc4_scu.o
                0x08000b34                XMC_SCU_IsTemperatureSensorEnabled
 .text.XMC_SCU_IsTemperatureSensorReady
                0x08000b5c       0x28 lib_build/xmc4_scu.o
                0x08000b5c                XMC_SCU_IsTemperatureSensorReady
 .text.XMC_SCU_StartTemperatureMeasurement
                0x08000b84       0x4c lib_build/xmc4_scu.o
                0x08000b84                XMC_SCU_StartTemperatureMeasurement
 .text.XMC_SCU_GetTemperatureMeasurement
                0x08000bd0       0x38 lib_build/xmc4_scu.o
                0x08000bd0                XMC_SCU_GetTemperatureMeasurement
 .text.XMC_SCU_IsTemperatureSensorBusy
                0x08000c08       0x28 lib_build/xmc4_scu.o
                0x08000c08                XMC_SCU_IsTemperatureSensorBusy
 .text.XMC_SCU_WriteToRetentionMemory
                0x08000c30       0x50 lib_build/xmc4_scu.o
                0x08000c30                XMC_SCU_WriteToRetentionMemory
 .text.XMC_SCU_ReadFromRetentionMemory
                0x08000c80       0x48 lib_build/xmc4_scu.o
                0x08000c80                XMC_SCU_ReadFromRetentionMemory
 .text.XMC_SCU_CLOCK_Init
                0x08000cc8       0xe6 lib_build/xmc4_scu.o
                0x08000cc8                XMC_SCU_CLOCK_Init
 *fill*         0x08000dae        0x2 
 .text.XMC_SCU_TRAP_Enable
                0x08000db0       0x28 lib_build/xmc4_scu.o
                0x08000db0                XMC_SCU_TRAP_Enable
 .text.XMC_SCU_TRAP_Disable
                0x08000dd8       0x24 lib_build/xmc4_scu.o
                0x08000dd8                XMC_SCU_TRAP_Disable
 .text.XMC_SCU_TRAP_GetStatus
                0x08000dfc       0x18 lib_build/xmc4_scu.o
                0x08000dfc                XMC_SCU_TRAP_GetStatus
 .text.XMC_SCU_TRAP_Trigger
                0x08000e14       0x20 lib_build/xmc4_scu.o
                0x08000e14                XMC_SCU_TRAP_Trigger
 .text.XMC_SCU_TRAP_ClearStatus
                0x08000e34       0x20 lib_build/xmc4_scu.o
                0x08000e34                XMC_SCU_TRAP_ClearStatus
 .text.XMC_SCU_PARITY_ClearStatus
                0x08000e54       0x24 lib_build/xmc4_scu.o
                0x08000e54                XMC_SCU_PARITY_ClearStatus
 .text.XMC_SCU_PARITY_GetStatus
                0x08000e78       0x18 lib_build/xmc4_scu.o
                0x08000e78                XMC_SCU_PARITY_GetStatus
 .text.XMC_SCU_PARITY_Enable
                0x08000e90       0x24 lib_build/xmc4_scu.o
                0x08000e90                XMC_SCU_PARITY_Enable
 .text.XMC_SCU_PARITY_Disable
                0x08000eb4       0x28 lib_build/xmc4_scu.o
                0x08000eb4                XMC_SCU_PARITY_Disable
 .text.XMC_SCU_PARITY_EnableTrapGeneration
                0x08000edc       0x24 lib_build/xmc4_scu.o
                0x08000edc                XMC_SCU_PARITY_EnableTrapGeneration
 .text.XMC_SCU_PARITY_DisableTrapGeneration
                0x08000f00       0x28 lib_build/xmc4_scu.o
                0x08000f00                XMC_SCU_PARITY_DisableTrapGeneration
 .text.XMC_SCU_INTERRUPT_EnableNmiRequest
                0x08000f28       0x24 lib_build/xmc4_scu.o
                0x08000f28                XMC_SCU_INTERRUPT_EnableNmiRequest
 .text.XMC_SCU_INTERRUPT_DisableNmiRequest
                0x08000f4c       0x28 lib_build/xmc4_scu.o
                0x08000f4c                XMC_SCU_INTERRUPT_DisableNmiRequest
 .text.XMC_SCU_RESET_AssertPeripheralReset
                0x08000f74       0x3c lib_build/xmc4_scu.o
                0x08000f74                XMC_SCU_RESET_AssertPeripheralReset
 .text.XMC_SCU_RESET_DeassertPeripheralReset
                0x08000fb0       0x3c lib_build/xmc4_scu.o
                0x08000fb0                XMC_SCU_RESET_DeassertPeripheralReset
 .text.XMC_SCU_RESET_IsPeripheralResetAsserted
                0x08000fec       0x48 lib_build/xmc4_scu.o
                0x08000fec                XMC_SCU_RESET_IsPeripheralResetAsserted
 .text.XMC_SCU_CLOCK_GetSystemPllClockFrequency
                0x08001034       0x7c lib_build/xmc4_scu.o
                0x08001034                XMC_SCU_CLOCK_GetSystemPllClockFrequency
 .text.XMC_SCU_CLOCK_GetSystemPllClockSourceFrequency
                0x080010b0       0x30 lib_build/xmc4_scu.o
                0x080010b0                XMC_SCU_CLOCK_GetSystemPllClockSourceFrequency
 .text.XMC_SCU_CLOCK_GetUsbPllClockFrequency
                0x080010e0       0x54 lib_build/xmc4_scu.o
                0x080010e0                XMC_SCU_CLOCK_GetUsbPllClockFrequency
 .text.XMC_SCU_CLOCK_GetCcuClockFrequency
                0x08001134       0x2c lib_build/xmc4_scu.o
                0x08001134                XMC_SCU_CLOCK_GetCcuClockFrequency
 .text.XMC_SCU_CLOCK_GetUsbClockFrequency
                0x08001160       0x48 lib_build/xmc4_scu.o
                0x08001160                XMC_SCU_CLOCK_GetUsbClockFrequency
 .text.XMC_SCU_CLOCK_GetEbuClockFrequency
                0x080011a8       0x28 lib_build/xmc4_scu.o
                0x080011a8                XMC_SCU_CLOCK_GetEbuClockFrequency
 .text.XMC_SCU_CLOCK_GetWdtClockFrequency
                0x080011d0       0x58 lib_build/xmc4_scu.o
                0x080011d0                XMC_SCU_CLOCK_GetWdtClockFrequency
 .text.XMC_SCU_CLOCK_GetExternalOutputClockFrequency
                0x08001228       0x70 lib_build/xmc4_scu.o
                0x08001228                XMC_SCU_CLOCK_GetExternalOutputClockFrequency
 .text.XMC_SCU_CLOCK_GetPeripheralClockFrequency
                0x08001298       0x20 lib_build/xmc4_scu.o
                0x08001298                XMC_SCU_CLOCK_GetPeripheralClockFrequency
 .text.XMC_SCU_CLOCK_SetSystemClockSource
                0x080012b8       0x28 lib_build/xmc4_scu.o
                0x080012b8                XMC_SCU_CLOCK_SetSystemClockSource
 .text.XMC_SCU_CLOCK_SetUsbClockSource
                0x080012e0       0x28 lib_build/xmc4_scu.o
                0x080012e0                XMC_SCU_CLOCK_SetUsbClockSource
 .text.XMC_SCU_CLOCK_SetWdtClockSource
                0x08001308       0x28 lib_build/xmc4_scu.o
                0x08001308                XMC_SCU_CLOCK_SetWdtClockSource
 .text.XMC_SCU_CLOCK_SetExternalOutputClockSource
                0x08001330       0x2c lib_build/xmc4_scu.o
                0x08001330                XMC_SCU_CLOCK_SetExternalOutputClockSource
 .text.XMC_SCU_CLOCK_SetSystemPllClockSource
                0x0800135c       0x44 lib_build/xmc4_scu.o
                0x0800135c                XMC_SCU_CLOCK_SetSystemPllClockSource
 .text.XMC_SCU_HIB_SetRtcClockSource
                0x080013a0       0x40 lib_build/xmc4_scu.o
                0x080013a0                XMC_SCU_HIB_SetRtcClockSource
 .text.XMC_SCU_HIB_SetStandbyClockSource
                0x080013e0       0x40 lib_build/xmc4_scu.o
                0x080013e0                XMC_SCU_HIB_SetStandbyClockSource
 .text.XMC_SCU_CLOCK_SetSystemClockDivider
                0x08001420       0x2c lib_build/xmc4_scu.o
                0x08001420                XMC_SCU_CLOCK_SetSystemClockDivider
 .text.XMC_SCU_CLOCK_SetCcuClockDivider
                0x0800144c       0x2c lib_build/xmc4_scu.o
                0x0800144c                XMC_SCU_CLOCK_SetCcuClockDivider
 .text.XMC_SCU_CLOCK_SetCpuClockDivider
                0x08001478       0x2c lib_build/xmc4_scu.o
                0x08001478                XMC_SCU_CLOCK_SetCpuClockDivider
 .text.XMC_SCU_CLOCK_SetPeripheralClockDivider
                0x080014a4       0x2c lib_build/xmc4_scu.o
                0x080014a4                XMC_SCU_CLOCK_SetPeripheralClockDivider
 .text.XMC_SCU_CLOCK_SetUsbClockDivider
                0x080014d0       0x2c lib_build/xmc4_scu.o
                0x080014d0                XMC_SCU_CLOCK_SetUsbClockDivider
 .text.XMC_SCU_CLOCK_SetEbuClockDivider
                0x080014fc       0x2c lib_build/xmc4_scu.o
                0x080014fc                XMC_SCU_CLOCK_SetEbuClockDivider
 .text.XMC_SCU_CLOCK_SetWdtClockDivider
                0x08001528       0x2c lib_build/xmc4_scu.o
                0x08001528                XMC_SCU_CLOCK_SetWdtClockDivider
 .text.XMC_SCU_CLOCK_SetExternalOutputClockDivider
                0x08001554       0x30 lib_build/xmc4_scu.o
                0x08001554                XMC_SCU_CLOCK_SetExternalOutputClockDivider
 .text.XMC_SCU_CLOCK_EnableClock
                0x08001584       0x20 lib_build/xmc4_scu.o
                0x08001584                XMC_SCU_CLOCK_EnableClock
 .text.XMC_SCU_CLOCK_DisableClock
                0x080015a4       0x20 lib_build/xmc4_scu.o
                0x080015a4                XMC_SCU_CLOCK_DisableClock
 .text.XMC_SCU_CLOCK_IsClockEnabled
                0x080015c4       0x2c lib_build/xmc4_scu.o
                0x080015c4                XMC_SCU_CLOCK_IsClockEnabled
 .text.XMC_SCU_POWER_GetEVR13Voltage
                0x080015f0       0x30 lib_build/xmc4_scu.o
                0x080015f0                XMC_SCU_POWER_GetEVR13Voltage
 .text.XMC_SCU_POWER_GetEVR33Voltage
                0x08001620       0x34 lib_build/xmc4_scu.o
                0x08001620                XMC_SCU_POWER_GetEVR33Voltage
 .text.XMC_SCU_CLOCK_EnableUsbPll
                0x08001654       0x24 lib_build/xmc4_scu.o
                0x08001654                XMC_SCU_CLOCK_EnableUsbPll
 .text.XMC_SCU_CLOCK_DisableUsbPll
                0x08001678       0x24 lib_build/xmc4_scu.o
                0x08001678                XMC_SCU_CLOCK_DisableUsbPll
 .text.XMC_SCU_CLOCK_StartUsbPll
                0x0800169c       0x78 lib_build/xmc4_scu.o
                0x0800169c                XMC_SCU_CLOCK_StartUsbPll
 .text.XMC_SCU_CLOCK_StopUsbPll
                0x08001714       0x1c lib_build/xmc4_scu.o
                0x08001714                XMC_SCU_CLOCK_StopUsbPll
 .text.XMC_SCU_CLOCK_SetBackupClockCalibrationMode
                0x08001730       0x4c lib_build/xmc4_scu.o
                0x08001730                XMC_SCU_CLOCK_SetBackupClockCalibrationMode
 .text.XMC_SCU_POWER_EnableUsb
                0x0800177c       0x1c lib_build/xmc4_scu.o
                0x0800177c                XMC_SCU_POWER_EnableUsb
 .text.XMC_SCU_POWER_DisableUsb
                0x08001798       0x1c lib_build/xmc4_scu.o
                0x08001798                XMC_SCU_POWER_DisableUsb
 .text.XMC_SCU_CLOCK_IsUsbPllLocked
                0x080017b4       0x24 lib_build/xmc4_scu.o
                0x080017b4                XMC_SCU_CLOCK_IsUsbPllLocked
 .text.XMC_SCU_HIB_EnableHibernateDomain
                0x080017d8       0x58 lib_build/xmc4_scu.o
                0x080017d8                XMC_SCU_HIB_EnableHibernateDomain
 .text.XMC_SCU_HIB_DisableHibernateDomain
                0x08001830       0x24 lib_build/xmc4_scu.o
                0x08001830                XMC_SCU_HIB_DisableHibernateDomain
 .text.XMC_SCU_HIB_IsHibernateDomainEnabled
                0x08001854       0x3c lib_build/xmc4_scu.o
                0x08001854                XMC_SCU_HIB_IsHibernateDomainEnabled
 .text.XMC_SCU_HIB_EnableInternalSlowClock
                0x08001890       0x34 lib_build/xmc4_scu.o
                0x08001890                XMC_SCU_HIB_EnableInternalSlowClock
 .text.XMC_SCU_HIB_DisableInternalSlowClock
                0x080018c4       0x34 lib_build/xmc4_scu.o
                0x080018c4                XMC_SCU_HIB_DisableInternalSlowClock
 .text.XMC_SCU_HIB_ClearEventStatus
                0x080018f8       0x34 lib_build/xmc4_scu.o
                0x080018f8                XMC_SCU_HIB_ClearEventStatus
 .text.XMC_SCU_HIB_TriggerEvent
                0x0800192c       0x34 lib_build/xmc4_scu.o
                0x0800192c                XMC_SCU_HIB_TriggerEvent
 .text.XMC_SCU_HIB_EnableEvent
                0x08001960       0x38 lib_build/xmc4_scu.o
                0x08001960                XMC_SCU_HIB_EnableEvent
 .text.XMC_SCU_HIB_DisableEvent
                0x08001998       0x3c lib_build/xmc4_scu.o
                0x08001998                XMC_SCU_HIB_DisableEvent
 .text.XMC_SCU_HIB_EnterHibernateState
                0x080019d4       0x34 lib_build/xmc4_scu.o
                0x080019d4                XMC_SCU_HIB_EnterHibernateState
 .text.XMC_SCU_HIB_EnterHibernateStateEx
                0x08001a08       0x1c lib_build/xmc4_scu.o
                0x08001a08                XMC_SCU_HIB_EnterHibernateStateEx
 .text.XMC_SCU_HIB_SetWakeupTriggerInput
                0x08001a24       0x50 lib_build/xmc4_scu.o
                0x08001a24                XMC_SCU_HIB_SetWakeupTriggerInput
 .text.XMC_SCU_HIB_SetPinMode
                0x08001a74       0x54 lib_build/xmc4_scu.o
                0x08001a74                XMC_SCU_HIB_SetPinMode
 .text.XMC_SCU_HIB_SetPinOutputLevel
                0x08001ac8       0x58 lib_build/xmc4_scu.o
                0x08001ac8                XMC_SCU_HIB_SetPinOutputLevel
 .text.XMC_SCU_HIB_SetInput0
                0x08001b20       0x50 lib_build/xmc4_scu.o
                0x08001b20                XMC_SCU_HIB_SetInput0
 .text.XMC_SCU_HIB_SetSR0Input
                0x08001b70       0x40 lib_build/xmc4_scu.o
                0x08001b70                XMC_SCU_HIB_SetSR0Input
 .text.XMC_SCU_CLOCK_IsLowPowerOscillatorStable
                0x08001bb0       0x24 lib_build/xmc4_scu.o
                0x08001bb0                XMC_SCU_CLOCK_IsLowPowerOscillatorStable
 .text.XMC_SCU_CLOCK_EnableLowPowerOscillator
                0x08001bd4       0x6c lib_build/xmc4_scu.o
                0x08001bd4                XMC_SCU_CLOCK_EnableLowPowerOscillator
 .text.XMC_SCU_CLOCK_DisableLowPowerOscillator
                0x08001c40       0x34 lib_build/xmc4_scu.o
                0x08001c40                XMC_SCU_CLOCK_DisableLowPowerOscillator
 .text.XMC_SCU_CLOCK_EnableLowPowerOscillatorGeneralPurposeInput
                0x08001c74       0x34 lib_build/xmc4_scu.o
                0x08001c74                XMC_SCU_CLOCK_EnableLowPowerOscillatorGeneralPurposeInput
 .text.XMC_SCU_CLOCK_DisableLowPowerOscillatorGeneralPurposeInput
                0x08001ca8       0x38 lib_build/xmc4_scu.o
                0x08001ca8                XMC_SCU_CLOCK_DisableLowPowerOscillatorGeneralPurposeInput
 .text.XMC_SCU_CLOCK_GetLowPowerOscillatorGeneralPurposeInputStatus
                0x08001ce0       0x1c lib_build/xmc4_scu.o
                0x08001ce0                XMC_SCU_CLOCK_GetLowPowerOscillatorGeneralPurposeInputStatus
 .text.XMC_SCU_CLOCK_EnableHighPerformanceOscillator
                0x08001cfc       0x50 lib_build/xmc4_scu.o
                0x08001cfc                XMC_SCU_CLOCK_EnableHighPerformanceOscillator
 .text.XMC_SCU_CLOCK_IsHighPerformanceOscillatorStable
                0x08001d4c       0x28 lib_build/xmc4_scu.o
                0x08001d4c                XMC_SCU_CLOCK_IsHighPerformanceOscillatorStable
 .text.XMC_SCU_CLOCK_DisableHighPerformanceOscillator
                0x08001d74       0x20 lib_build/xmc4_scu.o
                0x08001d74                XMC_SCU_CLOCK_DisableHighPerformanceOscillator
 .text.XMC_SCU_CLOCK_EnableHighPerformanceOscillatorGeneralPurposeInput
                0x08001d94       0x20 lib_build/xmc4_scu.o
                0x08001d94                XMC_SCU_CLOCK_EnableHighPerformanceOscillatorGeneralPurposeInput
 .text.XMC_SCU_CLOCK_DisableHighPerformanceOscillatorGeneralPurposeInput
                0x08001db4       0x20 lib_build/xmc4_scu.o
                0x08001db4                XMC_SCU_CLOCK_DisableHighPerformanceOscillatorGeneralPurposeInput
 .text.XMC_SCU_CLOCK_GetHighPerformanceOscillatorGeneralPurposeInputStatus
                0x08001dd4       0x1c lib_build/xmc4_scu.o
                0x08001dd4                XMC_SCU_CLOCK_GetHighPerformanceOscillatorGeneralPurposeInputStatus
 .text.XMC_SCU_CLOCK_EnableSystemPll
                0x08001df0       0x24 lib_build/xmc4_scu.o
                0x08001df0                XMC_SCU_CLOCK_EnableSystemPll
 .text.XMC_SCU_CLOCK_DisableSystemPll
                0x08001e14       0x24 lib_build/xmc4_scu.o
                0x08001e14                XMC_SCU_CLOCK_DisableSystemPll
 .text.XMC_SCU_CLOCK_StartSystemPll
                0x08001e38      0x178 lib_build/xmc4_scu.o
                0x08001e38                XMC_SCU_CLOCK_StartSystemPll
 .text.XMC_SCU_CLOCK_StopSystemPll
                0x08001fb0       0x20 lib_build/xmc4_scu.o
                0x08001fb0                XMC_SCU_CLOCK_StopSystemPll
 .text.XMC_SCU_CLOCK_StepSystemPllFrequency
                0x08001fd0       0x30 lib_build/xmc4_scu.o
                0x08001fd0                XMC_SCU_CLOCK_StepSystemPllFrequency
 .text.XMC_SCU_CLOCK_IsSystemPllLocked
                0x08002000       0x24 lib_build/xmc4_scu.o
                0x08002000                XMC_SCU_CLOCK_IsSystemPllLocked
 .text.XMC_SCU_INTERRUPT_SetEventHandler
                0x08002024       0x58 lib_build/xmc4_scu.o
                0x08002024                XMC_SCU_INTERRUPT_SetEventHandler
 .text.XMC_SCU_IRQHandler
                0x0800207c       0x64 lib_build/xmc4_scu.o
                0x0800207c                XMC_SCU_IRQHandler
 .text          0x080020e0        0x0 lib_build/xmc_gpio.o
 .text.XMC_GPIO_SetMode
                0x080020e0       0x82 lib_build/xmc_gpio.o
                0x080020e0                XMC_GPIO_SetMode
 .text.XMC_GPIO_SetHardwareControl
                0x08002162       0x46 lib_build/xmc_gpio.o
                0x08002162                XMC_GPIO_SetHardwareControl
 .text          0x080021a8        0x0 lib_build/HIDClassDevice.o
 .text.HID_Device_ProcessControlRequest
                0x080021a8      0x3e8 lib_build/HIDClassDevice.o
                0x080021a8                HID_Device_ProcessControlRequest
 .text.HID_Device_ConfigureEndpoints
                0x08002590       0x50 lib_build/HIDClassDevice.o
                0x08002590                HID_Device_ConfigureEndpoints
 .text.HID_Device_USBTask
                0x080025e0      0x1bc lib_build/HIDClassDevice.o
                0x080025e0                HID_Device_USBTask
 .text          0x0800279c        0x0 lib_build/memcpy.o
 .text.thumb2_memcpy
                0x0800279c       0x3e lib_build/memcpy.o
                0x0800279c                thumb2_memcpy
 .text          0x080027da        0x0 lib_build/Endpoint_XMC4000.o
 *fill*         0x080027da        0x2 
 .text.__NVIC_EnableIRQ
                0x080027dc       0x3c lib_build/Endpoint_XMC4000.o
 .text.__NVIC_DisableIRQ
                0x08002818       0x48 lib_build/Endpoint_XMC4000.o
 .text.Endpoint_WaitUntilReady
                0x08002860      0x124 lib_build/Endpoint_XMC4000.o
                0x08002860                Endpoint_WaitUntilReady
 .text.Endpoint_ClearOUT
                0x08002984       0x98 lib_build/Endpoint_XMC4000.o
                0x08002984                Endpoint_ClearOUT
 .text.Endpoint_ClearIN
                0x08002a1c       0xf0 lib_build/Endpoint_XMC4000.o
                0x08002a1c                Endpoint_ClearIN
 .text.Endpoint_IsReadWriteAllowed
                0x08002b0c       0x64 lib_build/Endpoint_XMC4000.o
                0x08002b0c                Endpoint_IsReadWriteAllowed
 .text.Endpoint_Write_8
                0x08002b70       0x6c lib_build/Endpoint_XMC4000.o
                0x08002b70                Endpoint_Write_8
 .text.Endpoint_Read_8
                0x08002bdc       0x70 lib_build/Endpoint_XMC4000.o
                0x08002bdc                Endpoint_Read_8
 .text.Endpoint_Write_32_LE
                0x08002c4c       0x6c lib_build/Endpoint_XMC4000.o
                0x08002c4c                Endpoint_Write_32_LE
 .text.Endpoint_Read_32_LE
                0x08002cb8       0x70 lib_build/Endpoint_XMC4000.o
                0x08002cb8                Endpoint_Read_32_LE
 .text.Endpoint_ConfigureEndpointTable
                0x08002d28      0x150 lib_build/Endpoint_XMC4000.o
                0x08002d28                Endpoint_ConfigureEndpointTable
 .text          0x08002e78        0x0 lib_build/EndpointStream_XMC4000.o
 .text.Endpoint_Write_Stream_LE
                0x08002e78      0x114 lib_build/EndpointStream_XMC4000.o
                0x08002e78                Endpoint_Write_Stream_LE
 .text.SwapCopy
                0x08002f8c       0x46 lib_build/EndpointStream_XMC4000.o
                0x08002f8c                SwapCopy
 *fill*         0x08002fd2        0x2 
 .text.Endpoint_Write_Stream_BE
                0x08002fd4       0xe8 lib_build/EndpointStream_XMC4000.o
                0x08002fd4                Endpoint_Write_Stream_BE
 .text.Endpoint_Read_Stream_LE
                0x080030bc       0xf0 lib_build/EndpointStream_XMC4000.o
                0x080030bc                Endpoint_Read_Stream_LE
 .text.Endpoint_Read_Stream_BE
                0x080031ac       0xf0 lib_build/EndpointStream_XMC4000.o
                0x080031ac                Endpoint_Read_Stream_BE
 .text.Endpoint_Write_Control_Stream_LE
                0x0800329c       0x70 lib_build/EndpointStream_XMC4000.o
                0x0800329c                Endpoint_Write_Control_Stream_LE
 .text.Endpoint_Write_Control_Stream_BE
                0x0800330c       0x20 lib_build/EndpointStream_XMC4000.o
                0x0800330c                Endpoint_Write_Control_Stream_BE
 .text.Endpoint_Read_Control_Stream_LE
                0x0800332c       0x68 lib_build/EndpointStream_XMC4000.o
                0x0800332c                Endpoint_Read_Control_Stream_LE
 .text.Endpoint_Read_Control_Stream_BE
                0x08003394       0x20 lib_build/EndpointStream_XMC4000.o
                0x08003394                Endpoint_Read_Control_Stream_BE
 .text.Endpoint_Null_Stream
                0x080033b4       0xdc lib_build/EndpointStream_XMC4000.o
                0x080033b4                Endpoint_Null_Stream
 .text          0x08003490        0x0 lib_build/USBController_XMC4000.o
 .text.USBD_HandleEP0_Stall
                0x08003490       0x2c lib_build/USBController_XMC4000.o
                0x08003490                USBD_HandleEP0_Stall
 .text.USB_Device_ProcessControlRequest
                0x080034bc      0x43c lib_build/USBController_XMC4000.o
                0x080034bc                USB_Device_ProcessControlRequest
 .text.USBD_HandleEP0_IN
                0x080038f8       0x4c lib_build/USBController_XMC4000.o
                0x080038f8                USBD_HandleEP0_IN
 .text.USBD_HandleEP0_OUT
                0x08003944       0x54 lib_build/USBController_XMC4000.o
                0x08003944                USBD_HandleEP0_OUT
 .text.USBD_HandleEP0_SETUP
                0x08003998       0x94 lib_build/USBController_XMC4000.o
                0x08003998                USBD_HandleEP0_SETUP
 .text.USBD_SignalDeviceEventHandler
                0x08003a2c      0x228 lib_build/USBController_XMC4000.o
                0x08003a2c                USBD_SignalDeviceEventHandler
 .text.USBD_SignalEndpointEvent_Handler
                0x08003c54      0x1a0 lib_build/USBController_XMC4000.o
                0x08003c54                USBD_SignalEndpointEvent_Handler
 .text.USBD_Initialize
                0x08003df4       0xcc lib_build/USBController_XMC4000.o
                0x08003df4                USBD_Initialize
 .text.USB_IsEnumDone
                0x08003ec0       0x20 lib_build/USBController_XMC4000.o
                0x08003ec0                USB_IsEnumDone
 .text.USBD_SetEndpointBuffer
                0x08003ee0       0x7c lib_build/USBController_XMC4000.o
                0x08003ee0                USBD_SetEndpointBuffer
 .text          0x08003f5c        0x0 lib_build/xmc_usbd.o
 .text.XMC_USBD_lDeviceActive
                0x08003f5c       0x68 lib_build/xmc_usbd.o
                0x08003f5c                XMC_USBD_lDeviceActive
 .text.XMC_USBD_lReadFifo
                0x08003fc4       0xe8 lib_build/xmc_usbd.o
 .text.XMC_USBD_lWriteFifo
                0x080040ac       0xa4 lib_build/xmc_usbd.o
 .text.XMC_USBD_lFlushTXFifo
                0x08004150       0x80 lib_build/xmc_usbd.o
 .text.XMC_USBD_lFlushRXFifo
                0x080041d0       0x6c lib_build/xmc_usbd.o
 .text.XMC_USBD_lAssignTXFifo
                0x0800423c       0x70 lib_build/xmc_usbd.o
 .text.XMC_USBD_lUnassignFifo
                0x080042ac       0x38 lib_build/xmc_usbd.o
 .text.XMC_USBD_lStartReadXfer
                0x080042e4      0x178 lib_build/xmc_usbd.o
 .text.XMC_USBD_lStartWriteXfer
                0x0800445c      0x198 lib_build/xmc_usbd.o
 .text.XMC_USBD_lHandleUSBReset
                0x080045f4      0x150 lib_build/xmc_usbd.o
 .text.XMC_USBD_lHandleOTGInt
                0x08004744       0x48 lib_build/xmc_usbd.o
 .text.XMC_USBD_lHandleEnumDone
                0x0800478c       0x78 lib_build/xmc_usbd.o
 .text.XMC_USBD_lHandleOEPInt
                0x08004804      0x1b4 lib_build/xmc_usbd.o
 .text.XMC_USBD_lHandleIEPInt
                0x080049b8      0x1bc lib_build/xmc_usbd.o
 .text.XMC_USBD_lHandleRxFLvl
                0x08004b74       0x84 lib_build/xmc_usbd.o
 .text.XMC_USBD_IRQHandler
                0x08004bf8      0x150 lib_build/xmc_usbd.o
                0x08004bf8                XMC_USBD_IRQHandler
 .text.XMC_USBD_Enable
                0x08004d48       0x18 lib_build/xmc_usbd.o
                0x08004d48                XMC_USBD_Enable
 .text.XMC_USBD_Disable
                0x08004d60       0x18 lib_build/xmc_usbd.o
                0x08004d60                XMC_USBD_Disable
 .text.XMC_USBD_ClearEvent
                0x08004d78       0xcc lib_build/xmc_usbd.o
                0x08004d78                XMC_USBD_ClearEvent
 .text.XMC_USBD_lClearEventOTG
                0x08004e44       0x2c lib_build/xmc_usbd.o
 .text.XMC_USBD_ClearEventINEP
                0x08004e70       0x30 lib_build/xmc_usbd.o
                0x08004e70                XMC_USBD_ClearEventINEP
 .text.XMC_USBD_ClearEventOUTEP
                0x08004ea0       0x30 lib_build/xmc_usbd.o
                0x08004ea0                XMC_USBD_ClearEventOUTEP
 .text.XMC_USBD_EnableEventOUTEP
                0x08004ed0       0x30 lib_build/xmc_usbd.o
                0x08004ed0                XMC_USBD_EnableEventOUTEP
 .text.XMC_USBD_EnableEventINEP
                0x08004f00       0x30 lib_build/xmc_usbd.o
                0x08004f00                XMC_USBD_EnableEventINEP
 .text.XMC_USBD_GetCapabilities
                0x08004f30       0x68 lib_build/xmc_usbd.o
                0x08004f30                XMC_USBD_GetCapabilities
 .text.XMC_USBD_Init
                0x08004f98      0x23c lib_build/xmc_usbd.o
                0x08004f98                XMC_USBD_Init
 .text.XMC_USBD_Uninitialize
                0x080051d4       0x3c lib_build/xmc_usbd.o
                0x080051d4                XMC_USBD_Uninitialize
 .text.XMC_USBD_DeviceConnect
                0x08005210       0x34 lib_build/xmc_usbd.o
                0x08005210                XMC_USBD_DeviceConnect
 .text.XMC_USBD_DeviceDisconnect
                0x08005244       0x34 lib_build/xmc_usbd.o
                0x08005244                XMC_USBD_DeviceDisconnect
 .text.XMC_USBD_DeviceGetState
                0x08005278       0x64 lib_build/xmc_usbd.o
                0x08005278                XMC_USBD_DeviceGetState
 .text.XMC_USBD_EndpointReadStart
                0x080052dc       0x88 lib_build/xmc_usbd.o
                0x080052dc                XMC_USBD_EndpointReadStart
 .text.XMC_USBD_EndpointRead
                0x08005364       0x78 lib_build/xmc_usbd.o
                0x08005364                XMC_USBD_EndpointRead
 .text.XMC_USBD_EndpointWrite
                0x080053dc       0xa4 lib_build/xmc_usbd.o
                0x080053dc                XMC_USBD_EndpointWrite
 .text.XMC_USBD_DeviceSetAddress
                0x08005480       0x4c lib_build/xmc_usbd.o
                0x08005480                XMC_USBD_DeviceSetAddress
 .text.XMC_USBD_EndpointStall
                0x080054cc      0x14c lib_build/xmc_usbd.o
                0x080054cc                XMC_USBD_EndpointStall
 .text.XMC_USBD_EndpointAbort
                0x08005618       0x88 lib_build/xmc_usbd.o
                0x08005618                XMC_USBD_EndpointAbort
 .text.XMC_USBD_EndpointConfigure
                0x080056a0      0x2f8 lib_build/xmc_usbd.o
                0x080056a0                XMC_USBD_EndpointConfigure
 .text.XMC_USBD_EndpointUnconfigure
                0x08005998      0x170 lib_build/xmc_usbd.o
                0x08005998                XMC_USBD_EndpointUnconfigure
 .text.XMC_USBD_GetFrameNumber
                0x08005b08       0x2c lib_build/xmc_usbd.o
                0x08005b08                XMC_USBD_GetFrameNumber
 .text.XMC_USBD_IsEnumDone
                0x08005b34       0x38 lib_build/xmc_usbd.o
                0x08005b34                XMC_USBD_IsEnumDone
 .text          0x08005b6c        0x0 lib_build/ConfigDescriptors.o
 .text.USB_GetNextDescriptor
                0x08005b6c       0x4c lib_build/ConfigDescriptors.o
 .text.USB_GetNextDescriptorOfType
                0x08005bb8       0x36 lib_build/ConfigDescriptors.o
                0x08005bb8                USB_GetNextDescriptorOfType
 .text.USB_GetNextDescriptorOfTypeBefore
                0x08005bee       0x52 lib_build/ConfigDescriptors.o
                0x08005bee                USB_GetNextDescriptorOfTypeBefore
 .text.USB_GetNextDescriptorOfTypeAfter
                0x08005c40       0x3e lib_build/ConfigDescriptors.o
                0x08005c40                USB_GetNextDescriptorOfTypeAfter
 .text.USB_GetNextDescriptorComp
                0x08005c7e       0x5e lib_build/ConfigDescriptors.o
                0x08005c7e                USB_GetNextDescriptorComp
 .text          0x08005cdc        0x0 lib_build/HostStandardReq.o
 .text          0x08005cdc        0x0 lib_build/USBTask.o
 .text.USB_USBTask
                0x08005cdc        0xc lib_build/USBTask.o
                0x08005cdc                USB_USBTask
 .text.USB_DeviceTask
                0x08005ce8       0x84 lib_build/USBTask.o
 .text          0x08005d6c        0x0 lib_build/Events.o
 .text.USB_Event_Stub
                0x08005d6c        0xe lib_build/Events.o
                0x08005d6c                EVENT_USB_Device_WakeUp
                0x08005d6c                USB_Event_Stub
                0x08005d6c                EVENT_USB_Device_Suspend
                0x08005d6c                EVENT_USB_Device_StartOfFrame
                0x08005d6c                EVENT_USB_Device_Disconnect
 .text          0x08005d7a        0x0 lib_build/startup_XMC4500.o
 .text          0x08005d7a        0x0 lib_build/system_XMC4500.o
 .text.delay    0x08005d7a       0x2c lib_build/system_XMC4500.o
 *fill*         0x08005da6        0x2 
 .text.SystemInit
                0x08005da8       0x24 lib_build/system_XMC4500.o
                0x08005da8                SystemInit
 .text.SystemCoreSetup
                0x08005dcc       0x74 lib_build/system_XMC4500.o
                0x08005dcc                SystemCoreSetup
 .text.SystemCoreClockSetup
                0x08005e40      0x208 lib_build/system_XMC4500.o
 .text.SystemCoreClockUpdate
                0x08006048       0xd4 lib_build/system_XMC4500.o
                0x08006048                SystemCoreClockUpdate
 .text.OSCHP_GetFrequency
                0x0800611c       0x14 lib_build/system_XMC4500.o
                0x0800611c                OSCHP_GetFrequency
 .text          0x08006130        0x0 lib_build/syscalls.o
 .text._sbrk    0x08006130       0x68 lib_build/syscalls.o
                0x08006130                _sbrk
 .text._init    0x08006198        0xe lib_build/syscalls.o
                0x08006198                _init
 .text          0x080061a6        0x0 /Applications/ArmGNUToolchain/14.2.rel1/arm-none-eabi/bin/../lib/gcc/arm-none-eabi/14.2.1/../../../../arm-none-eabi/lib/thumb/v7e-m/nofp/libg.a(libc_a-memcmp.o)
 *fill*         0x080061a6        0x2 
 .text.memcmp   0x080061a8       0x5c /Applications/ArmGNUToolchain/14.2.rel1/arm-none-eabi/bin/../lib/gcc/arm-none-eabi/14.2.1/../../../../arm-none-eabi/lib/thumb/v7e-m/nofp/libg.a(libc_a-memcmp.o)
                0x080061a8                memcmp
 .text          0x08006204        0x0 /Applications/ArmGNUToolchain/14.2.rel1/arm-none-eabi/bin/../lib/gcc/arm-none-eabi/14.2.1/../../../../arm-none-eabi/lib/thumb/v7e-m/nofp/libg.a(libc_a-memset.o)
 .text.memset   0x08006204       0x9c /Applications/ArmGNUToolchain/14.2.rel1/arm-none-eabi/bin/../lib/gcc/arm-none-eabi/14.2.1/../../../../arm-none-eabi/lib/thumb/v7e-m/nofp/libg.a(libc_a-memset.o)
                0x08006204                memset
 .text          0x080062a0        0x0 /Applications/ArmGNUToolchain/14.2.rel1/arm-none-eabi/bin/../lib/gcc/arm-none-eabi/14.2.1/../../../../arm-none-eabi/lib/thumb/v7e-m/nofp/libg.a(libc_a-errno.o)
 .text.__errno  0x080062a0        0xc /Applications/ArmGNUToolchain/14.2.rel1/arm-none-eabi/bin/../lib/gcc/arm-none-eabi/14.2.1/../../../../arm-none-eabi/lib/thumb/v7e-m/nofp/libg.a(libc_a-errno.o)
                0x080062a0                __errno
 .text          0x080062ac        0x0 /Applications/ArmGNUToolchain/14.2.rel1/arm-none-eabi/bin/../lib/gcc/arm-none-eabi/14.2.1/../../../../arm-none-eabi/lib/thumb/v7e-m/nofp/libg.a(libc_a-init.o)
 .text.__libc_init_array
                0x080062ac       0x50 /Applications/ArmGNUToolchain/14.2.rel1/arm-none-eabi/bin/../lib/gcc/arm-none-eabi/14.2.1/../../../../arm-none-eabi/lib/thumb/v7e-m/nofp/libg.a(libc_a-init.o)
                0x080062ac                __libc_init_array
 .text          0x080062fc      0x134 /Applications/ArmGNUToolchain/14.2.rel1/arm-none-eabi/bin/../lib/gcc/arm-none-eabi/14.2.1/../../../../arm-none-eabi/lib/thumb/v7e-m/nofp/libg.a(libc_a-memcpy.o)
                0x080062fc                memcpy
 .text          0x08006430        0x0 /Applications/ArmGNUToolchain/14.2.rel1/arm-none-eabi/bin/../lib/gcc/arm-none-eabi/14.2.1/../../../../arm-none-eabi/lib/thumb/v7e-m/nofp/libg.a(libc_a-impure.o)
 .text          0x08006430        0x0 /Applications/ArmGNUToolchain/14.2.rel1/arm-none-eabi/bin/../lib/gcc/arm-none-eabi/14.2.1/../../../../arm-none-eabi/lib/thumb/v7e-m/nofp/libg.a(libc_a-findfp.o)
 .text.stdio_exit_handler
                0x08006430       0x18 /Applications/ArmGNUToolchain/14.2.rel1/arm-none-eabi/bin/../lib/gcc/arm-none-eabi/14.2.1/../../../../arm-none-eabi/lib/thumb/v7e-m/nofp/libg.a(libc_a-findfp.o)
 .text.cleanup_stdio
                0x08006448       0x40 /Applications/ArmGNUToolchain/14.2.rel1/arm-none-eabi/bin/../lib/gcc/arm-none-eabi/14.2.1/../../../../arm-none-eabi/lib/thumb/v7e-m/nofp/libg.a(libc_a-findfp.o)
 .text.__fp_lock
                0x08006488       0x1c /Applications/ArmGNUToolchain/14.2.rel1/arm-none-eabi/bin/../lib/gcc/arm-none-eabi/14.2.1/../../../../arm-none-eabi/lib/thumb/v7e-m/nofp/libg.a(libc_a-findfp.o)
 .text.__fp_unlock
                0x080064a4       0x1c /Applications/ArmGNUToolchain/14.2.rel1/arm-none-eabi/bin/../lib/gcc/arm-none-eabi/14.2.1/../../../../arm-none-eabi/lib/thumb/v7e-m/nofp/libg.a(libc_a-findfp.o)
 .text.global_stdio_init.part.0
                0x080064c0       0xf0 /Applications/ArmGNUToolchain/14.2.rel1/arm-none-eabi/bin/../lib/gcc/arm-none-eabi/14.2.1/../../../../arm-none-eabi/lib/thumb/v7e-m/nofp/libg.a(libc_a-findfp.o)
 .text.__sfp    0x080065b0       0xc0 /Applications/ArmGNUToolchain/14.2.rel1/arm-none-eabi/bin/../lib/gcc/arm-none-eabi/14.2.1/../../../../arm-none-eabi/lib/thumb/v7e-m/nofp/libg.a(libc_a-findfp.o)
                0x080065b0                __sfp
 .text.__sinit  0x08006670       0x3c /Applications/ArmGNUToolchain/14.2.rel1/arm-none-eabi/bin/../lib/gcc/arm-none-eabi/14.2.1/../../../../arm-none-eabi/lib/thumb/v7e-m/nofp/libg.a(libc_a-findfp.o)
                0x08006670                __sinit
 .text.__sfp_lock_acquire
                0x080066ac        0xc /Applications/ArmGNUToolchain/14.2.rel1/arm-none-eabi/bin/../lib/gcc/arm-none-eabi/14.2.1/../../../../arm-none-eabi/lib/thumb/v7e-m/nofp/libg.a(libc_a-findfp.o)
                0x080066ac                __sfp_lock_acquire
 .text.__sfp_lock_release
                0x080066b8        0xc /Applications/ArmGNUToolchain/14.2.rel1/arm-none-eabi/bin/../lib/gcc/arm-none-eabi/14.2.1/../../../../arm-none-eabi/lib/thumb/v7e-m/nofp/libg.a(libc_a-findfp.o)
                0x080066b8                __sfp_lock_release
 .text.__fp_lock_all
                0x080066c4       0x24 /Applications/ArmGNUToolchain/14.2.rel1/arm-none-eabi/bin/../lib/gcc/arm-none-eabi/14.2.1/../../../../arm-none-eabi/lib/thumb/v7e-m/nofp/libg.a(libc_a-findfp.o)
                0x080066c4                __fp_lock_all
 .text.__fp_unlock_all
                0x080066e8       0x24 /Applications/ArmGNUToolchain/14.2.rel1/arm-none-eabi/bin/../lib/gcc/arm-none-eabi/14.2.1/../../../../arm-none-eabi/lib/thumb/v7e-m/nofp/libg.a(libc_a-findfp.o)
                0x080066e8                __fp_unlock_all
 .text          0x0800670c        0x0 /Applications/ArmGNUToolchain/14.2.rel1/arm-none-eabi/bin/../lib/gcc/arm-none-eabi/14.2.1/../../../../arm-none-eabi/lib/thumb/v7e-m/nofp/libg.a(libc_a-lock.o)
 .text.__retarget_lock_init
                0x0800670c        0x4 /Applications/ArmGNUToolchain/14.2.rel1/arm-none-eabi/bin/../lib/gcc/arm-none-eabi/14.2.1/../../../../arm-none-eabi/lib/thumb/v7e-m/nofp/libg.a(libc_a-lock.o)
                0x0800670c                __retarget_lock_init
 .text.__retarget_lock_init_recursive
                0x08006710        0x4 /Applications/ArmGNUToolchain/14.2.rel1/arm-none-eabi/bin/../lib/gcc/arm-none-eabi/14.2.1/../../../../arm-none-eabi/lib/thumb/v7e-m/nofp/libg.a(libc_a-lock.o)
                0x08006710                __retarget_lock_init_recursive
 .text.__retarget_lock_close
                0x08006714        0x4 /Applications/ArmGNUToolchain/14.2.rel1/arm-none-eabi/bin/../lib/gcc/arm-none-eabi/14.2.1/../../../../arm-none-eabi/lib/thumb/v7e-m/nofp/libg.a(libc_a-lock.o)
                0x08006714                __retarget_lock_close
 .text.__retarget_lock_close_recursive
                0x08006718        0x4 /Applications/ArmGNUToolchain/14.2.rel1/arm-none-eabi/bin/../lib/gcc/arm-none-eabi/14.2.1/../../../../arm-none-eabi/lib/thumb/v7e-m/nofp/libg.a(libc_a-lock.o)
                0x08006718                __retarget_lock_close_recursive
 .text.__retarget_lock_acquire
                0x0800671c        0x4 /Applications/ArmGNUToolchain/14.2.rel1/arm-none-eabi/bin/../lib/gcc/arm-none-eabi/14.2.1/../../../../arm-none-eabi/lib/thumb/v7e-m/nofp/libg.a(libc_a-lock.o)
                0x0800671c                __retarget_lock_acquire
 .text.__retarget_lock_acquire_recursive
                0x08006720        0x4 /Applications/ArmGNUToolchain/14.2.rel1/arm-none-eabi/bin/../lib/gcc/arm-none-eabi/14.2.1/../../../../arm-none-eabi/lib/thumb/v7e-m/nofp/libg.a(libc_a-lock.o)
                0x08006720                __retarget_lock_acquire_recursive
 .text.__retarget_lock_try_acquire
                0x08006724        0x4 /Applications/ArmGNUToolchain/14.2.rel1/arm-none-eabi/bin/../lib/gcc/arm-none-eabi/14.2.1/../../../../arm-none-eabi/lib/thumb/v7e-m/nofp/libg.a(libc_a-lock.o)
                0x08006724                __retarget_lock_try_acquire
 .text.__retarget_lock_try_acquire_recursive
                0x08006728        0x4 /Applications/ArmGNUToolchain/14.2.rel1/arm-none-eabi/bin/../lib/gcc/arm-none-eabi/14.2.1/../../../../arm-none-eabi/lib/thumb/v7e-m/nofp/libg.a(libc_a-lock.o)
                0x08006728                __retarget_lock_try_acquire_recursive
 .text.__retarget_lock_release
                0x0800672c        0x4 /Applications/ArmGNUToolchain/14.2.rel1/arm-none-eabi/bin/../lib/gcc/arm-none-eabi/14.2.1/../../../../arm-none-eabi/lib/thumb/v7e-m/nofp/libg.a(libc_a-lock.o)
                0x0800672c                __retarget_lock_release
 .text.__retarget_lock_release_recursive
                0x08006730        0x4 /Applications/ArmGNUToolchain/14.2.rel1/arm-none-eabi/bin/../lib/gcc/arm-none-eabi/14.2.1/../../../../arm-none-eabi/lib/thumb/v7e-m/nofp/libg.a(libc_a-lock.o)
                0x08006730                __retarget_lock_release_recursive
 .text          0x08006734        0x0 /Applications/ArmGNUToolchain/14.2.rel1/arm-none-eabi/bin/../lib/gcc/arm-none-eabi/14.2.1/../../../../arm-none-eabi/lib/thumb/v7e-m/nofp/libg.a(libc_a-mallocr.o)
 .text._malloc_r
                0x08006734      0x598 /Applications/ArmGNUToolchain/14.2.rel1/arm-none-eabi/bin/../lib/gcc/arm-none-eabi/14.2.1/../../../../arm-none-eabi/lib/thumb/v7e-m/nofp/libg.a(libc_a-mallocr.o)
                0x08006734                _malloc_r
 .text          0x08006ccc        0x0 /Applications/ArmGNUToolchain/14.2.rel1/arm-none-eabi/bin/../lib/gcc/arm-none-eabi/14.2.1/../../../../arm-none-eabi/lib/thumb/v7e-m/nofp/libg.a(libc_a-mlock.o)
 .text.__malloc_lock
                0x08006ccc        0xc /Applications/ArmGNUToolchain/14.2.rel1/arm-none-eabi/bin/../lib/gcc/arm-none-eabi/14.2.1/../../../../arm-none-eabi/lib/thumb/v7e-m/nofp/libg.a(libc_a-mlock.o)
                0x08006ccc                __malloc_lock
 .text.__malloc_unlock
                0x08006cd8        0xc /Applications/ArmGNUToolchain/14.2.rel1/arm-none-eabi/bin/../lib/gcc/arm-none-eabi/14.2.1/../../../../arm-none-eabi/lib/thumb/v7e-m/nofp/libg.a(libc_a-mlock.o)
                0x08006cd8                __malloc_unlock
 .text          0x08006ce4        0x0 /Applications/ArmGNUToolchain/14.2.rel1/arm-none-eabi/bin/../lib/gcc/arm-none-eabi/14.2.1/../../../../arm-none-eabi/lib/thumb/v7e-m/nofp/libg.a(libc_a-fwalk.o)
 .text._fwalk_sglue
                0x08006ce4       0x44 /Applications/ArmGNUToolchain/14.2.rel1/arm-none-eabi/bin/../lib/gcc/arm-none-eabi/14.2.1/../../../../arm-none-eabi/lib/thumb/v7e-m/nofp/libg.a(libc_a-fwalk.o)
                0x08006ce4                _fwalk_sglue
 .text          0x08006d28        0x0 /Applications/ArmGNUToolchain/14.2.rel1/arm-none-eabi/bin/../lib/gcc/arm-none-eabi/14.2.1/../../../../arm-none-eabi/lib/thumb/v7e-m/nofp/libg.a(libc_a-fclose.o)
 .text._fclose_r
                0x08006d28       0xc0 /Applications/ArmGNUToolchain/14.2.rel1/arm-none-eabi/bin/../lib/gcc/arm-none-eabi/14.2.1/../../../../arm-none-eabi/lib/thumb/v7e-m/nofp/libg.a(libc_a-fclose.o)
                0x08006d28                _fclose_r
 .text.fclose   0x08006de8       0x10 /Applications/ArmGNUToolchain/14.2.rel1/arm-none-eabi/bin/../lib/gcc/arm-none-eabi/14.2.1/../../../../arm-none-eabi/lib/thumb/v7e-m/nofp/libg.a(libc_a-fclose.o)
                0x08006de8                fclose
 .text          0x08006df8        0x0 /Applications/ArmGNUToolchain/14.2.rel1/arm-none-eabi/bin/../lib/gcc/arm-none-eabi/14.2.1/../../../../arm-none-eabi/lib/thumb/v7e-m/nofp/libg.a(libc_a-fflush.o)
 .text.__sflush_r
                0x08006df8      0x124 /Applications/ArmGNUToolchain/14.2.rel1/arm-none-eabi/bin/../lib/gcc/arm-none-eabi/14.2.1/../../../../arm-none-eabi/lib/thumb/v7e-m/nofp/libg.a(libc_a-fflush.o)
                0x08006df8                __sflush_r
 .text._fflush_r
                0x08006f1c       0x54 /Applications/ArmGNUToolchain/14.2.rel1/arm-none-eabi/bin/../lib/gcc/arm-none-eabi/14.2.1/../../../../arm-none-eabi/lib/thumb/v7e-m/nofp/libg.a(libc_a-fflush.o)
                0x08006f1c                _fflush_r
 .text.fflush   0x08006f70       0x74 /Applications/ArmGNUToolchain/14.2.rel1/arm-none-eabi/bin/../lib/gcc/arm-none-eabi/14.2.1/../../../../arm-none-eabi/lib/thumb/v7e-m/nofp/libg.a(libc_a-fflush.o)
                0x08006f70                fflush
 .text          0x08006fe4        0x0 /Applications/ArmGNUToolchain/14.2.rel1/arm-none-eabi/bin/../lib/gcc/arm-none-eabi/14.2.1/../../../../arm-none-eabi/lib/thumb/v7e-m/nofp/libg.a(libc_a-stdio.o)
 .text.__sread  0x08006fe4       0x24 /Applications/ArmGNUToolchain/14.2.rel1/arm-none-eabi/bin/../lib/gcc/arm-none-eabi/14.2.1/../../../../arm-none-eabi/lib/thumb/v7e-m/nofp/libg.a(libc_a-stdio.o)
                0x08006fe4                __sread
 .text.__seofread
                0x08007008        0x4 /Applications/ArmGNUToolchain/14.2.rel1/arm-none-eabi/bin/../lib/gcc/arm-none-eabi/14.2.1/../../../../arm-none-eabi/lib/thumb/v7e-m/nofp/libg.a(libc_a-stdio.o)
                0x08007008                __seofread
 .text.__swrite
                0x0800700c       0x40 /Applications/ArmGNUToolchain/14.2.rel1/arm-none-eabi/bin/../lib/gcc/arm-none-eabi/14.2.1/../../../../arm-none-eabi/lib/thumb/v7e-m/nofp/libg.a(libc_a-stdio.o)
                0x0800700c                __swrite
 .text.__sseek  0x0800704c       0x24 /Applications/ArmGNUToolchain/14.2.rel1/arm-none-eabi/bin/../lib/gcc/arm-none-eabi/14.2.1/../../../../arm-none-eabi/lib/thumb/v7e-m/nofp/libg.a(libc_a-stdio.o)
                0x0800704c                __sseek
 .text.__sclose
                0x08007070        0x8 /Applications/ArmGNUToolchain/14.2.rel1/arm-none-eabi/bin/../lib/gcc/arm-none-eabi/14.2.1/../../../../arm-none-eabi/lib/thumb/v7e-m/nofp/libg.a(libc_a-stdio.o)
                0x08007070                __sclose
 .text          0x08007078        0x0 /Applications/ArmGNUToolchain/14.2.rel1/arm-none-eabi/bin/../lib/gcc/arm-none-eabi/14.2.1/../../../../arm-none-eabi/lib/thumb/v7e-m/nofp/libg.a(libc_a-closer.o)
 .text._close_r
                0x08007078       0x24 /Applications/ArmGNUToolchain/14.2.rel1/arm-none-eabi/bin/../lib/gcc/arm-none-eabi/14.2.1/../../../../arm-none-eabi/lib/thumb/v7e-m/nofp/libg.a(libc_a-closer.o)
                0x08007078                _close_r
 .text          0x0800709c        0x0 /Applications/ArmGNUToolchain/14.2.rel1/arm-none-eabi/bin/../lib/gcc/arm-none-eabi/14.2.1/../../../../arm-none-eabi/lib/thumb/v7e-m/nofp/libg.a(libc_a-reent.o)
 .text._reclaim_reent
                0x0800709c       0x6c /Applications/ArmGNUToolchain/14.2.rel1/arm-none-eabi/bin/../lib/gcc/arm-none-eabi/14.2.1/../../../../arm-none-eabi/lib/thumb/v7e-m/nofp/libg.a(libc_a-reent.o)
                0x0800709c                _reclaim_reent
 .text          0x08007108        0x0 /Applications/ArmGNUToolchain/14.2.rel1/arm-none-eabi/bin/../lib/gcc/arm-none-eabi/14.2.1/../../../../arm-none-eabi/lib/thumb/v7e-m/nofp/libg.a(libc_a-lseekr.o)
 .text._lseek_r
                0x08007108       0x2c /Applications/ArmGNUToolchain/14.2.rel1/arm-none-eabi/bin/../lib/gcc/arm-none-eabi/14.2.1/../../../../arm-none-eabi/lib/thumb/v7e-m/nofp/libg.a(libc_a-lseekr.o)
                0x08007108                _lseek_r
 .text          0x08007134        0x0 /Applications/ArmGNUToolchain/14.2.rel1/arm-none-eabi/bin/../lib/gcc/arm-none-eabi/14.2.1/../../../../arm-none-eabi/lib/thumb/v7e-m/nofp/libg.a(libc_a-readr.o)
 .text._read_r  0x08007134       0x2c /Applications/ArmGNUToolchain/14.2.rel1/arm-none-eabi/bin/../lib/gcc/arm-none-eabi/14.2.1/../../../../arm-none-eabi/lib/thumb/v7e-m/nofp/libg.a(libc_a-readr.o)
                0x08007134                _read_r
 .text          0x08007160        0x0 /Applications/ArmGNUToolchain/14.2.rel1/arm-none-eabi/bin/../lib/gcc/arm-none-eabi/14.2.1/../../../../arm-none-eabi/lib/thumb/v7e-m/nofp/libg.a(libc_a-sbrkr.o)
 .text._sbrk_r  0x08007160       0x24 /Applications/ArmGNUToolchain/14.2.rel1/arm-none-eabi/bin/../lib/gcc/arm-none-eabi/14.2.1/../../../../arm-none-eabi/lib/thumb/v7e-m/nofp/libg.a(libc_a-sbrkr.o)
                0x08007160                _sbrk_r
 .text          0x08007184        0x0 /Applications/ArmGNUToolchain/14.2.rel1/arm-none-eabi/bin/../lib/gcc/arm-none-eabi/14.2.1/../../../../arm-none-eabi/lib/thumb/v7e-m/nofp/libg.a(libc_a-writer.o)
 .text._write_r
                0x08007184       0x2c /Applications/ArmGNUToolchain/14.2.rel1/arm-none-eabi/bin/../lib/gcc/arm-none-eabi/14.2.1/../../../../arm-none-eabi/lib/thumb/v7e-m/nofp/libg.a(libc_a-writer.o)
                0x08007184                _write_r
 .text          0x080071b0        0x0 /Applications/ArmGNUToolchain/14.2.rel1/arm-none-eabi/bin/../lib/gcc/arm-none-eabi/14.2.1/../../../../arm-none-eabi/lib/thumb/v7e-m/nofp/libg.a(libc_a-sysconf.o)
 .text.sysconf  0x080071b0       0x1c /Applications/ArmGNUToolchain/14.2.rel1/arm-none-eabi/bin/../lib/gcc/arm-none-eabi/14.2.1/../../../../arm-none-eabi/lib/thumb/v7e-m/nofp/libg.a(libc_a-sysconf.o)
                0x080071b0                sysconf
 .text          0x080071cc        0x0 /Applications/ArmGNUToolchain/14.2.rel1/arm-none-eabi/bin/../lib/gcc/arm-none-eabi/14.2.1/../../../../arm-none-eabi/lib/thumb/v7e-m/nofp/libg.a(libc_a-freer.o)
 .text._malloc_trim_r
                0x080071cc       0xb8 /Applications/ArmGNUToolchain/14.2.rel1/arm-none-eabi/bin/../lib/gcc/arm-none-eabi/14.2.1/../../../../arm-none-eabi/lib/thumb/v7e-m/nofp/libg.a(libc_a-freer.o)
                0x080071cc                _malloc_trim_r
 .text._free_r  0x08007284      0x1f0 /Applications/ArmGNUToolchain/14.2.rel1/arm-none-eabi/bin/../lib/gcc/arm-none-eabi/14.2.1/../../../../arm-none-eabi/lib/thumb/v7e-m/nofp/libg.a(libc_a-freer.o)
                0x08007284                _free_r
 .text          0x08007474        0x0 /Applications/ArmGNUToolchain/14.2.rel1/arm-none-eabi/bin/../lib/gcc/arm-none-eabi/14.2.1/../../../../arm-none-eabi/lib/thumb/v7e-m/nofp/libnosys.a(close.o)
 .text._close   0x08007474       0x10 /Applications/ArmGNUToolchain/14.2.rel1/arm-none-eabi/bin/../lib/gcc/arm-none-eabi/14.2.1/../../../../arm-none-eabi/lib/thumb/v7e-m/nofp/libnosys.a(close.o)
                0x08007474                _close
 .text          0x08007484        0x0 /Applications/ArmGNUToolchain/14.2.rel1/arm-none-eabi/bin/../lib/gcc/arm-none-eabi/14.2.1/../../../../arm-none-eabi/lib/thumb/v7e-m/nofp/libnosys.a(lseek.o)
 .text._lseek   0x08007484       0x10 /Applications/ArmGNUToolchain/14.2.rel1/arm-none-eabi/bin/../lib/gcc/arm-none-eabi/14.2.1/../../../../arm-none-eabi/lib/thumb/v7e-m/nofp/libnosys.a(lseek.o)
                0x08007484                _lseek
 .text          0x08007494        0x0 /Applications/ArmGNUToolchain/14.2.rel1/arm-none-eabi/bin/../lib/gcc/arm-none-eabi/14.2.1/../../../../arm-none-eabi/lib/thumb/v7e-m/nofp/libnosys.a(read.o)
 .text._read    0x08007494       0x10 /Applications/ArmGNUToolchain/14.2.rel1/arm-none-eabi/bin/../lib/gcc/arm-none-eabi/14.2.1/../../../../arm-none-eabi/lib/thumb/v7e-m/nofp/libnosys.a(read.o)
                0x08007494                _read
 .text          0x080074a4        0x0 /Applications/ArmGNUToolchain/14.2.rel1/arm-none-eabi/bin/../lib/gcc/arm-none-eabi/14.2.1/../../../../arm-none-eabi/lib/thumb/v7e-m/nofp/libnosys.a(write.o)
 .text._write   0x080074a4       0x10 /Applications/ArmGNUToolchain/14.2.rel1/arm-none-eabi/bin/../lib/gcc/arm-none-eabi/14.2.1/../../../../arm-none-eabi/lib/thumb/v7e-m/nofp/libnosys.a(write.o)
                0x080074a4                _write
 *(.init)
 *(.fini)
 *crtbegin.o(.ctors)
 *crtbegin?.o(.ctors)
 *(EXCLUDE_FILE(*crtend.o *crtend?.o) .ctors)
 *(SORT_BY_NAME(.ctors.*))
 *(.ctors)
 *crtbegin.o(.dtors)
 *crtbegin?.o(.dtors)
 *(EXCLUDE_FILE(*crtend.o *crtend?.o) .dtors)
 *(SORT_BY_NAME(.dtors.*))
 *(.dtors)
 *(.rodata .rodata.*)
 .rodata        0x080074b4       0x14 build/main.o
                0x080074b4                clock_config
 .rodata        0x080074c8      0x11e build/Descriptors.o
                0x080074c8                KeyboardReport
                0x08007508                DeviceDescriptor
                0x0800751c                ConfigurationDescriptor
                0x08007540                LanguageString
                0x08007548                ManufacturerString
                0x0800759c                ProductString
 *fill*         0x080075e6        0x2 
 .rodata        0x080075e8       0x40 lib_build/xmc_usbd.o
                0x080075e8                Driver_USBD0
 *(.gnu.linkonce.r*)
 *(vtable)
                0x08007628                        . = ALIGN (0x4)

.glue_7         0x08007628        0x0 load address 0x0c007628
 .glue_7        0x08007628        0x0 linker stubs

.glue_7t        0x08007628        0x0 load address 0x0c007628
 .glue_7t       0x08007628        0x0 linker stubs

.vfp11_veneer   0x08007628        0x0 load address 0x0c007628
 .vfp11_veneer  0x08007628        0x0 linker stubs

.v4_bx          0x08007628        0x0 load address 0x0c007628
 .v4_bx         0x08007628        0x0 linker stubs

.iplt           0x08007628        0x0 load address 0x0c007628
 .iplt          0x08007628        0x0 build/main.o

.eh_frame_hdr
 *(.eh_frame_hdr)

.eh_frame
 *(.eh_frame)

.ARM.extab      0x08007628        0x0 load address 0x0c007628
 *(.ARM.extab* .gnu.linkonce.armextab.*)
 .ARM.extab     0x08007628        0x0 /Applications/ArmGNUToolchain/14.2.rel1/arm-none-eabi/bin/../lib/gcc/arm-none-eabi/14.2.1/../../../../arm-none-eabi/lib/thumb/v7e-m/nofp/libg.a(libc_a-memcpy.o)
                0x08007628                        . = ALIGN (0x4)
                0x08007628                        __exidx_start = .

.ARM.exidx      0x08007628        0x8 load address 0x0c007628
 *(.ARM.exidx* .gnu.linkonce.armexidx.*)
 .ARM.exidx     0x08007628        0x8 /Applications/ArmGNUToolchain/14.2.rel1/arm-none-eabi/bin/../lib/gcc/arm-none-eabi/14.2.1/../../../../arm-none-eabi/lib/thumb/v7e-m/nofp/libg.a(libc_a-memcpy.o)
                0x08007630                        __exidx_end = .

.rel.dyn        0x08007630        0x0 load address 0x0c007630
 .rel.iplt      0x08007630        0x0 build/main.o
                0x08007630                        . = ALIGN (0x4)

Stack           0x10000000      0x800
                0x10000000                        __stack_start = .
                0x10000800                        . = (. + stack_size)
 *fill*         0x10000000      0x800 
                0x10000800                        __stack_end = .
                0x10000800                        __initial_sp = .

.ram_code       0x10000800        0x0 load address 0x0c007630
                0x10000800                        . = ALIGN (0x4)
                0x10000800                        __ram_code_start = .
 *(.ram_code)
                0x10000800                        . = ALIGN (0x4)
                0x10000800                        __ram_code_end = .
                0x0c007630                        __ram_code_load = LOADADDR (.ram_code)
                0x00000000                        __ram_code_size = (__ram_code_end - __ram_code_start)

PSRAM_DATA      0x10000800        0x0 load address 0x0c007630
                0x10000800                        . = ALIGN (0x4)
                0x10000800                        __data3_start = .
 *(PSRAM_DATA)
                0x10000800                        . = ALIGN (0x4)
                0x10000800                        __data3_end = .
                0x0c007630                        __data3_load = LOADADDR (PSRAM_DATA)
                0x00000000                        __data3_size = (__data3_end - __data3_start)

PSRAM_BSS       0x10000800        0x0 load address 0x0c007630
                0x10000800                        . = ALIGN (0x4)
                0x10000800                        __bss3_start = .
 *(PSRAM_BSS)
                0x10000800                        . = ALIGN (0x4)
                0x10000800                        __bss3_end = .
                0x10000800                        . = ALIGN (0x8)
                0x10000800                        Heap_Bank3_Start = .
                0x00000000                        __bss3_size = (__bss3_end - __bss3_start)

.data           0x20000000      0x598 load address 0x0c007630
                0x20000000                        . = ALIGN (0x4)
                0x20000000                        __data_start = .
 *(.data)
 .data          0x20000000        0xc build/main.o
 .data          0x2000000c       0x28 build/KeyboardHID.o
                0x2000000c                Keyboard_HID_Interface
                0x20000024                USB_runtime
 .data          0x20000034        0x0 build/Descriptors.o
 .data          0x20000034        0x0 lib_build/xmc4_scu.o
 .data          0x20000034        0x0 lib_build/xmc_gpio.o
 .data          0x20000034        0x0 lib_build/HIDClassDevice.o
 .data          0x20000034        0x0 lib_build/memcpy.o
 .data          0x20000034        0x0 lib_build/Endpoint_XMC4000.o
 .data          0x20000034        0x0 lib_build/EndpointStream_XMC4000.o
 .data          0x20000034        0x0 lib_build/USBController_XMC4000.o
 .data          0x20000034        0x0 lib_build/xmc_usbd.o
 .data          0x20000034        0x0 lib_build/ConfigDescriptors.o
 .data          0x20000034        0x0 lib_build/HostStandardReq.o
 .data          0x20000034        0x0 lib_build/USBTask.o
 .data          0x20000034        0x0 lib_build/Events.o
 .data          0x20000034        0x0 lib_build/startup_XMC4500.o
 .data          0x20000034        0x0 lib_build/system_XMC4500.o
 .data          0x20000034        0x0 lib_build/syscalls.o
 .data          0x20000034        0x0 /Applications/ArmGNUToolchain/14.2.rel1/arm-none-eabi/bin/../lib/gcc/arm-none-eabi/14.2.1/../../../../arm-none-eabi/lib/thumb/v7e-m/nofp/libg.a(libc_a-memcmp.o)
 .data          0x20000034        0x0 /Applications/ArmGNUToolchain/14.2.rel1/arm-none-eabi/bin/../lib/gcc/arm-none-eabi/14.2.1/../../../../arm-none-eabi/lib/thumb/v7e-m/nofp/libg.a(libc_a-memset.o)
 .data          0x20000034        0x0 /Applications/ArmGNUToolchain/14.2.rel1/arm-none-eabi/bin/../lib/gcc/arm-none-eabi/14.2.1/../../../../arm-none-eabi/lib/thumb/v7e-m/nofp/libg.a(libc_a-errno.o)
 .data          0x20000034        0x0 /Applications/ArmGNUToolchain/14.2.rel1/arm-none-eabi/bin/../lib/gcc/arm-none-eabi/14.2.1/../../../../arm-none-eabi/lib/thumb/v7e-m/nofp/libg.a(libc_a-init.o)
 .data          0x20000034        0x0 /Applications/ArmGNUToolchain/14.2.rel1/arm-none-eabi/bin/../lib/gcc/arm-none-eabi/14.2.1/../../../../arm-none-eabi/lib/thumb/v7e-m/nofp/libg.a(libc_a-memcpy.o)
 .data          0x20000034        0x0 /Applications/ArmGNUToolchain/14.2.rel1/arm-none-eabi/bin/../lib/gcc/arm-none-eabi/14.2.1/../../../../arm-none-eabi/lib/thumb/v7e-m/nofp/libg.a(libc_a-impure.o)
 .data          0x20000034        0x0 /Applications/ArmGNUToolchain/14.2.rel1/arm-none-eabi/bin/../lib/gcc/arm-none-eabi/14.2.1/../../../../arm-none-eabi/lib/thumb/v7e-m/nofp/libg.a(libc_a-findfp.o)
 .data          0x20000034        0x0 /Applications/ArmGNUToolchain/14.2.rel1/arm-none-eabi/bin/../lib/gcc/arm-none-eabi/14.2.1/../../../../arm-none-eabi/lib/thumb/v7e-m/nofp/libg.a(libc_a-lock.o)
 .data          0x20000034        0x0 /Applications/ArmGNUToolchain/14.2.rel1/arm-none-eabi/bin/../lib/gcc/arm-none-eabi/14.2.1/../../../../arm-none-eabi/lib/thumb/v7e-m/nofp/libg.a(libc_a-mallocr.o)
 .data          0x20000034        0x0 /Applications/ArmGNUToolchain/14.2.rel1/arm-none-eabi/bin/../lib/gcc/arm-none-eabi/14.2.1/../../../../arm-none-eabi/lib/thumb/v7e-m/nofp/libg.a(libc_a-mlock.o)
 .data          0x20000034        0x0 /Applications/ArmGNUToolchain/14.2.rel1/arm-none-eabi/bin/../lib/gcc/arm-none-eabi/14.2.1/../../../../arm-none-eabi/lib/thumb/v7e-m/nofp/libg.a(libc_a-fwalk.o)
 .data          0x20000034        0x0 /Applications/ArmGNUToolchain/14.2.rel1/arm-none-eabi/bin/../lib/gcc/arm-none-eabi/14.2.1/../../../../arm-none-eabi/lib/thumb/v7e-m/nofp/libg.a(libc_a-fclose.o)
 .data          0x20000034        0x0 /Applications/ArmGNUToolchain/14.2.rel1/arm-none-eabi/bin/../lib/gcc/arm-none-eabi/14.2.1/../../../../arm-none-eabi/lib/thumb/v7e-m/nofp/libg.a(libc_a-fflush.o)
 .data          0x20000034        0x0 /Applications/ArmGNUToolchain/14.2.rel1/arm-none-eabi/bin/../lib/gcc/arm-none-eabi/14.2.1/../../../../arm-none-eabi/lib/thumb/v7e-m/nofp/libg.a(libc_a-stdio.o)
 .data          0x20000034        0x0 /Applications/ArmGNUToolchain/14.2.rel1/arm-none-eabi/bin/../lib/gcc/arm-none-eabi/14.2.1/../../../../arm-none-eabi/lib/thumb/v7e-m/nofp/libg.a(libc_a-closer.o)
 .data          0x20000034        0x0 /Applications/ArmGNUToolchain/14.2.rel1/arm-none-eabi/bin/../lib/gcc/arm-none-eabi/14.2.1/../../../../arm-none-eabi/lib/thumb/v7e-m/nofp/libg.a(libc_a-reent.o)
 .data          0x20000034        0x0 /Applications/ArmGNUToolchain/14.2.rel1/arm-none-eabi/bin/../lib/gcc/arm-none-eabi/14.2.1/../../../../arm-none-eabi/lib/thumb/v7e-m/nofp/libg.a(libc_a-lseekr.o)
 .data          0x20000034        0x0 /Applications/ArmGNUToolchain/14.2.rel1/arm-none-eabi/bin/../lib/gcc/arm-none-eabi/14.2.1/../../../../arm-none-eabi/lib/thumb/v7e-m/nofp/libg.a(libc_a-readr.o)
 .data          0x20000034        0x0 /Applications/ArmGNUToolchain/14.2.rel1/arm-none-eabi/bin/../lib/gcc/arm-none-eabi/14.2.1/../../../../arm-none-eabi/lib/thumb/v7e-m/nofp/libg.a(libc_a-sbrkr.o)
 .data          0x20000034        0x0 /Applications/ArmGNUToolchain/14.2.rel1/arm-none-eabi/bin/../lib/gcc/arm-none-eabi/14.2.1/../../../../arm-none-eabi/lib/thumb/v7e-m/nofp/libg.a(libc_a-writer.o)
 .data          0x20000034        0x0 /Applications/ArmGNUToolchain/14.2.rel1/arm-none-eabi/bin/../lib/gcc/arm-none-eabi/14.2.1/../../../../arm-none-eabi/lib/thumb/v7e-m/nofp/libg.a(libc_a-sysconf.o)
 .data          0x20000034        0x0 /Applications/ArmGNUToolchain/14.2.rel1/arm-none-eabi/bin/../lib/gcc/arm-none-eabi/14.2.1/../../../../arm-none-eabi/lib/thumb/v7e-m/nofp/libg.a(libc_a-freer.o)
 .data          0x20000034        0x0 /Applications/ArmGNUToolchain/14.2.rel1/arm-none-eabi/bin/../lib/gcc/arm-none-eabi/14.2.1/../../../../arm-none-eabi/lib/thumb/v7e-m/nofp/libnosys.a(close.o)
 .data          0x20000034        0x0 /Applications/ArmGNUToolchain/14.2.rel1/arm-none-eabi/bin/../lib/gcc/arm-none-eabi/14.2.1/../../../../arm-none-eabi/lib/thumb/v7e-m/nofp/libnosys.a(lseek.o)
 .data          0x20000034        0x0 /Applications/ArmGNUToolchain/14.2.rel1/arm-none-eabi/bin/../lib/gcc/arm-none-eabi/14.2.1/../../../../arm-none-eabi/lib/thumb/v7e-m/nofp/libnosys.a(read.o)
 .data          0x20000034        0x0 /Applications/ArmGNUToolchain/14.2.rel1/arm-none-eabi/bin/../lib/gcc/arm-none-eabi/14.2.1/../../../../arm-none-eabi/lib/thumb/v7e-m/nofp/libnosys.a(write.o)
 *(.data*)
 .data._impure_ptr
                0x20000034        0x4 /Applications/ArmGNUToolchain/14.2.rel1/arm-none-eabi/bin/../lib/gcc/arm-none-eabi/14.2.1/../../../../arm-none-eabi/lib/thumb/v7e-m/nofp/libg.a(libc_a-impure.o)
                0x20000034                _impure_ptr
 .data._impure_data
                0x20000038      0x140 /Applications/ArmGNUToolchain/14.2.rel1/arm-none-eabi/bin/../lib/gcc/arm-none-eabi/14.2.1/../../../../arm-none-eabi/lib/thumb/v7e-m/nofp/libg.a(libc_a-impure.o)
                0x20000038                _impure_data
 .data.__sglue  0x20000178        0xc /Applications/ArmGNUToolchain/14.2.rel1/arm-none-eabi/bin/../lib/gcc/arm-none-eabi/14.2.1/../../../../arm-none-eabi/lib/thumb/v7e-m/nofp/libg.a(libc_a-findfp.o)
                0x20000178                __sglue
 .data.__malloc_sbrk_base
                0x20000184        0x4 /Applications/ArmGNUToolchain/14.2.rel1/arm-none-eabi/bin/../lib/gcc/arm-none-eabi/14.2.1/../../../../arm-none-eabi/lib/thumb/v7e-m/nofp/libg.a(libc_a-mallocr.o)
                0x20000184                __malloc_sbrk_base
 .data.__malloc_trim_threshold
                0x20000188        0x4 /Applications/ArmGNUToolchain/14.2.rel1/arm-none-eabi/bin/../lib/gcc/arm-none-eabi/14.2.1/../../../../arm-none-eabi/lib/thumb/v7e-m/nofp/libg.a(libc_a-mallocr.o)
                0x20000188                __malloc_trim_threshold
 *fill*         0x2000018c        0x4 
 .data.__malloc_av_
                0x20000190      0x408 /Applications/ArmGNUToolchain/14.2.rel1/arm-none-eabi/bin/../lib/gcc/arm-none-eabi/14.2.1/../../../../arm-none-eabi/lib/thumb/v7e-m/nofp/libg.a(libc_a-mallocr.o)
                0x20000190                __malloc_av_
 *(*.data)
 *(.gnu.linkonce.d*)
                0x20000598                        . = ALIGN (0x4)
                0x20000598                        PROVIDE (__preinit_array_start = .)
 *(.preinit_array)
                0x20000598                        PROVIDE (__preinit_array_end = .)
                0x20000598                        . = ALIGN (0x4)
                0x20000598                        PROVIDE (__init_array_start = .)
 *(SORT_BY_NAME(.init_array.*))
 *(.init_array)
                0x20000598                        PROVIDE (__init_array_end = .)
                0x20000598                        . = ALIGN (0x4)
                [!provide]                        PROVIDE (__fini_array_start = .)
 *(SORT_BY_NAME(.fini_array.*))
 *(.fini_array)
                [!provide]                        PROVIDE (__fini_array_end = .)
                0x20000598                        . = ALIGN (0x4)
                0x20000598                        __data_end = .
                0x0c007630                        __data_load = LOADADDR (.data)
                0x00000598                        __data_size = (__data_end - __data_start)

.igot.plt       0x20000598        0x0 load address 0x0c007bc8
 .igot.plt      0x20000598        0x0 build/main.o

.bss            0x20000598      0x7c8 load address 0x0c007bc8
                0x20000598                        . = ALIGN (0x4)
                0x20000598                        __bss_start = .
 *(.bss)
 .bss           0x20000598        0x2 build/main.o
 *fill*         0x2000059a        0x2 
 .bss           0x2000059c       0x10 build/KeyboardHID.o
                0x200005a4                buffer
 .bss           0x200005ac        0x0 build/Descriptors.o
 .bss           0x200005ac       0x80 lib_build/xmc4_scu.o
                0x200005ac                event_handler_list
 .bss           0x2000062c        0x0 lib_build/xmc_gpio.o
 .bss           0x2000062c        0x0 lib_build/HIDClassDevice.o
 .bss           0x2000062c        0x0 lib_build/memcpy.o
 .bss           0x2000062c        0x0 lib_build/Endpoint_XMC4000.o
 .bss           0x2000062c        0x1 lib_build/EndpointStream_XMC4000.o
                0x2000062c                zlp_flag
 *fill*         0x2000062d        0x3 
 .bss           0x20000630      0x340 lib_build/USBController_XMC4000.o
                0x20000630                device
                0x20000770                endpoint0_in_buffer
                0x20000870                endpoint0_out_buffer
 .bss           0x20000970      0x244 lib_build/xmc_usbd.o
                0x20000970                XMC_USBD_EP_OUT_BUFFERSIZE
                0x2000098c                XMC_USBD_EP_IN_BUFFERSIZE
                0x200009a8                xmc_device
                0x20000bb0                usbd_init
 .bss           0x20000bb4        0x0 lib_build/ConfigDescriptors.o
 .bss           0x20000bb4        0x0 lib_build/HostStandardReq.o
 .bss           0x20000bb4        0xd lib_build/USBTask.o
                0x20000bb4                USB_IsInitialized
                0x20000bb8                USB_ControlRequest
                0x20000bc0                USB_DeviceState
 .bss           0x20000bc1        0x0 lib_build/Events.o
 .bss           0x20000bc1        0x0 lib_build/startup_XMC4500.o
 .bss           0x20000bc1        0x0 lib_build/system_XMC4500.o
 *fill*         0x20000bc1        0x3 
 .bss           0x20000bc4        0x8 lib_build/syscalls.o
                0x20000bc4                __dso_handle
 .bss           0x20000bcc        0x0 /Applications/ArmGNUToolchain/14.2.rel1/arm-none-eabi/bin/../lib/gcc/arm-none-eabi/14.2.1/../../../../arm-none-eabi/lib/thumb/v7e-m/nofp/libg.a(libc_a-memcmp.o)
 .bss           0x20000bcc        0x0 /Applications/ArmGNUToolchain/14.2.rel1/arm-none-eabi/bin/../lib/gcc/arm-none-eabi/14.2.1/../../../../arm-none-eabi/lib/thumb/v7e-m/nofp/libg.a(libc_a-memset.o)
 .bss           0x20000bcc        0x0 /Applications/ArmGNUToolchain/14.2.rel1/arm-none-eabi/bin/../lib/gcc/arm-none-eabi/14.2.1/../../../../arm-none-eabi/lib/thumb/v7e-m/nofp/libg.a(libc_a-errno.o)
 .bss           0x20000bcc        0x0 /Applications/ArmGNUToolchain/14.2.rel1/arm-none-eabi/bin/../lib/gcc/arm-none-eabi/14.2.1/../../../../arm-none-eabi/lib/thumb/v7e-m/nofp/libg.a(libc_a-init.o)
 .bss           0x20000bcc        0x0 /Applications/ArmGNUToolchain/14.2.rel1/arm-none-eabi/bin/../lib/gcc/arm-none-eabi/14.2.1/../../../../arm-none-eabi/lib/thumb/v7e-m/nofp/libg.a(libc_a-memcpy.o)
 .bss           0x20000bcc        0x0 /Applications/ArmGNUToolchain/14.2.rel1/arm-none-eabi/bin/../lib/gcc/arm-none-eabi/14.2.1/../../../../arm-none-eabi/lib/thumb/v7e-m/nofp/libg.a(libc_a-impure.o)
 .bss           0x20000bcc        0x0 /Applications/ArmGNUToolchain/14.2.rel1/arm-none-eabi/bin/../lib/gcc/arm-none-eabi/14.2.1/../../../../arm-none-eabi/lib/thumb/v7e-m/nofp/libg.a(libc_a-findfp.o)
 .bss           0x20000bcc        0x0 /Applications/ArmGNUToolchain/14.2.rel1/arm-none-eabi/bin/../lib/gcc/arm-none-eabi/14.2.1/../../../../arm-none-eabi/lib/thumb/v7e-m/nofp/libg.a(libc_a-lock.o)
 .bss           0x20000bcc        0x0 /Applications/ArmGNUToolchain/14.2.rel1/arm-none-eabi/bin/../lib/gcc/arm-none-eabi/14.2.1/../../../../arm-none-eabi/lib/thumb/v7e-m/nofp/libg.a(libc_a-mallocr.o)
 .bss           0x20000bcc        0x0 /Applications/ArmGNUToolchain/14.2.rel1/arm-none-eabi/bin/../lib/gcc/arm-none-eabi/14.2.1/../../../../arm-none-eabi/lib/thumb/v7e-m/nofp/libg.a(libc_a-mlock.o)
 .bss           0x20000bcc        0x0 /Applications/ArmGNUToolchain/14.2.rel1/arm-none-eabi/bin/../lib/gcc/arm-none-eabi/14.2.1/../../../../arm-none-eabi/lib/thumb/v7e-m/nofp/libg.a(libc_a-fwalk.o)
 .bss           0x20000bcc        0x0 /Applications/ArmGNUToolchain/14.2.rel1/arm-none-eabi/bin/../lib/gcc/arm-none-eabi/14.2.1/../../../../arm-none-eabi/lib/thumb/v7e-m/nofp/libg.a(libc_a-fclose.o)
 .bss           0x20000bcc        0x0 /Applications/ArmGNUToolchain/14.2.rel1/arm-none-eabi/bin/../lib/gcc/arm-none-eabi/14.2.1/../../../../arm-none-eabi/lib/thumb/v7e-m/nofp/libg.a(libc_a-fflush.o)
 .bss           0x20000bcc        0x0 /Applications/ArmGNUToolchain/14.2.rel1/arm-none-eabi/bin/../lib/gcc/arm-none-eabi/14.2.1/../../../../arm-none-eabi/lib/thumb/v7e-m/nofp/libg.a(libc_a-stdio.o)
 .bss           0x20000bcc        0x0 /Applications/ArmGNUToolchain/14.2.rel1/arm-none-eabi/bin/../lib/gcc/arm-none-eabi/14.2.1/../../../../arm-none-eabi/lib/thumb/v7e-m/nofp/libg.a(libc_a-closer.o)
 .bss           0x20000bcc        0x0 /Applications/ArmGNUToolchain/14.2.rel1/arm-none-eabi/bin/../lib/gcc/arm-none-eabi/14.2.1/../../../../arm-none-eabi/lib/thumb/v7e-m/nofp/libg.a(libc_a-reent.o)
 .bss           0x20000bcc        0x0 /Applications/ArmGNUToolchain/14.2.rel1/arm-none-eabi/bin/../lib/gcc/arm-none-eabi/14.2.1/../../../../arm-none-eabi/lib/thumb/v7e-m/nofp/libg.a(libc_a-lseekr.o)
 .bss           0x20000bcc        0x0 /Applications/ArmGNUToolchain/14.2.rel1/arm-none-eabi/bin/../lib/gcc/arm-none-eabi/14.2.1/../../../../arm-none-eabi/lib/thumb/v7e-m/nofp/libg.a(libc_a-readr.o)
 .bss           0x20000bcc        0x0 /Applications/ArmGNUToolchain/14.2.rel1/arm-none-eabi/bin/../lib/gcc/arm-none-eabi/14.2.1/../../../../arm-none-eabi/lib/thumb/v7e-m/nofp/libg.a(libc_a-sbrkr.o)
 .bss           0x20000bcc        0x0 /Applications/ArmGNUToolchain/14.2.rel1/arm-none-eabi/bin/../lib/gcc/arm-none-eabi/14.2.1/../../../../arm-none-eabi/lib/thumb/v7e-m/nofp/libg.a(libc_a-writer.o)
 .bss           0x20000bcc        0x0 /Applications/ArmGNUToolchain/14.2.rel1/arm-none-eabi/bin/../lib/gcc/arm-none-eabi/14.2.1/../../../../arm-none-eabi/lib/thumb/v7e-m/nofp/libg.a(libc_a-sysconf.o)
 .bss           0x20000bcc        0x0 /Applications/ArmGNUToolchain/14.2.rel1/arm-none-eabi/bin/../lib/gcc/arm-none-eabi/14.2.1/../../../../arm-none-eabi/lib/thumb/v7e-m/nofp/libg.a(libc_a-freer.o)
 .bss           0x20000bcc        0x0 /Applications/ArmGNUToolchain/14.2.rel1/arm-none-eabi/bin/../lib/gcc/arm-none-eabi/14.2.1/../../../../arm-none-eabi/lib/thumb/v7e-m/nofp/libnosys.a(close.o)
 .bss           0x20000bcc        0x0 /Applications/ArmGNUToolchain/14.2.rel1/arm-none-eabi/bin/../lib/gcc/arm-none-eabi/14.2.1/../../../../arm-none-eabi/lib/thumb/v7e-m/nofp/libnosys.a(lseek.o)
 .bss           0x20000bcc        0x0 /Applications/ArmGNUToolchain/14.2.rel1/arm-none-eabi/bin/../lib/gcc/arm-none-eabi/14.2.1/../../../../arm-none-eabi/lib/thumb/v7e-m/nofp/libnosys.a(read.o)
 .bss           0x20000bcc        0x0 /Applications/ArmGNUToolchain/14.2.rel1/arm-none-eabi/bin/../lib/gcc/arm-none-eabi/14.2.1/../../../../arm-none-eabi/lib/thumb/v7e-m/nofp/libnosys.a(write.o)
 *(.bss*)
 .bss.__sf      0x20000bcc      0x138 /Applications/ArmGNUToolchain/14.2.rel1/arm-none-eabi/bin/../lib/gcc/arm-none-eabi/14.2.1/../../../../arm-none-eabi/lib/thumb/v7e-m/nofp/libg.a(libc_a-findfp.o)
                0x20000bcc                __sf
 .bss.__stdio_exit_handler
                0x20000d04        0x4 /Applications/ArmGNUToolchain/14.2.rel1/arm-none-eabi/bin/../lib/gcc/arm-none-eabi/14.2.1/../../../../arm-none-eabi/lib/thumb/v7e-m/nofp/libg.a(libc_a-findfp.o)
                0x20000d04                __stdio_exit_handler
 .bss.__lock___arc4random_mutex
                0x20000d08        0x1 /Applications/ArmGNUToolchain/14.2.rel1/arm-none-eabi/bin/../lib/gcc/arm-none-eabi/14.2.1/../../../../arm-none-eabi/lib/thumb/v7e-m/nofp/libg.a(libc_a-lock.o)
                0x20000d08                __lock___arc4random_mutex
 *fill*         0x20000d09        0x3 
 .bss.__lock___dd_hash_mutex
                0x20000d0c        0x1 /Applications/ArmGNUToolchain/14.2.rel1/arm-none-eabi/bin/../lib/gcc/arm-none-eabi/14.2.1/../../../../arm-none-eabi/lib/thumb/v7e-m/nofp/libg.a(libc_a-lock.o)
                0x20000d0c                __lock___dd_hash_mutex
 *fill*         0x20000d0d        0x3 
 .bss.__lock___tz_mutex
                0x20000d10        0x1 /Applications/ArmGNUToolchain/14.2.rel1/arm-none-eabi/bin/../lib/gcc/arm-none-eabi/14.2.1/../../../../arm-none-eabi/lib/thumb/v7e-m/nofp/libg.a(libc_a-lock.o)
                0x20000d10                __lock___tz_mutex
 *fill*         0x20000d11        0x3 
 .bss.__lock___env_recursive_mutex
                0x20000d14        0x1 /Applications/ArmGNUToolchain/14.2.rel1/arm-none-eabi/bin/../lib/gcc/arm-none-eabi/14.2.1/../../../../arm-none-eabi/lib/thumb/v7e-m/nofp/libg.a(libc_a-lock.o)
                0x20000d14                __lock___env_recursive_mutex
 *fill*         0x20000d15        0x3 
 .bss.__lock___malloc_recursive_mutex
                0x20000d18        0x1 /Applications/ArmGNUToolchain/14.2.rel1/arm-none-eabi/bin/../lib/gcc/arm-none-eabi/14.2.1/../../../../arm-none-eabi/lib/thumb/v7e-m/nofp/libg.a(libc_a-lock.o)
                0x20000d18                __lock___malloc_recursive_mutex
 *fill*         0x20000d19        0x3 
 .bss.__lock___at_quick_exit_mutex
                0x20000d1c        0x1 /Applications/ArmGNUToolchain/14.2.rel1/arm-none-eabi/bin/../lib/gcc/arm-none-eabi/14.2.1/../../../../arm-none-eabi/lib/thumb/v7e-m/nofp/libg.a(libc_a-lock.o)
                0x20000d1c                __lock___at_quick_exit_mutex
 *fill*         0x20000d1d        0x3 
 .bss.__lock___atexit_recursive_mutex
                0x20000d20        0x1 /Applications/ArmGNUToolchain/14.2.rel1/arm-none-eabi/bin/../lib/gcc/arm-none-eabi/14.2.1/../../../../arm-none-eabi/lib/thumb/v7e-m/nofp/libg.a(libc_a-lock.o)
                0x20000d20                __lock___atexit_recursive_mutex
 *fill*         0x20000d21        0x3 
 .bss.__lock___sfp_recursive_mutex
                0x20000d24        0x1 /Applications/ArmGNUToolchain/14.2.rel1/arm-none-eabi/bin/../lib/gcc/arm-none-eabi/14.2.1/../../../../arm-none-eabi/lib/thumb/v7e-m/nofp/libg.a(libc_a-lock.o)
                0x20000d24                __lock___sfp_recursive_mutex
 *fill*         0x20000d25        0x3 
 .bss.__malloc_current_mallinfo
                0x20000d28       0x28 /Applications/ArmGNUToolchain/14.2.rel1/arm-none-eabi/bin/../lib/gcc/arm-none-eabi/14.2.1/../../../../arm-none-eabi/lib/thumb/v7e-m/nofp/libg.a(libc_a-mallocr.o)
                0x20000d28                __malloc_current_mallinfo
 .bss.__malloc_max_total_mem
                0x20000d50        0x4 /Applications/ArmGNUToolchain/14.2.rel1/arm-none-eabi/bin/../lib/gcc/arm-none-eabi/14.2.1/../../../../arm-none-eabi/lib/thumb/v7e-m/nofp/libg.a(libc_a-mallocr.o)
                0x20000d50                __malloc_max_total_mem
 .bss.__malloc_max_sbrked_mem
                0x20000d54        0x4 /Applications/ArmGNUToolchain/14.2.rel1/arm-none-eabi/bin/../lib/gcc/arm-none-eabi/14.2.1/../../../../arm-none-eabi/lib/thumb/v7e-m/nofp/libg.a(libc_a-mallocr.o)
                0x20000d54                __malloc_max_sbrked_mem
 .bss.__malloc_top_pad
                0x20000d58        0x4 /Applications/ArmGNUToolchain/14.2.rel1/arm-none-eabi/bin/../lib/gcc/arm-none-eabi/14.2.1/../../../../arm-none-eabi/lib/thumb/v7e-m/nofp/libg.a(libc_a-mallocr.o)
                0x20000d58                __malloc_top_pad
 .bss.errno     0x20000d5c        0x4 /Applications/ArmGNUToolchain/14.2.rel1/arm-none-eabi/bin/../lib/gcc/arm-none-eabi/14.2.1/../../../../arm-none-eabi/lib/thumb/v7e-m/nofp/libg.a(libc_a-reent.o)
                0x20000d5c                errno
 *(COMMON)
 *(.gnu.linkonce.b*)
                0x20000d60                        . = ALIGN (0x4)
                0x20000d60                        __bss_end = .
                0x20000d60                        . = ALIGN (0x8)
                0x20000d60                        Heap_Bank1_Start = .
                0x000007c8                        __bss_size = (__bss_end - __bss_start)

.no_init        0x2000ffc0       0x14
                0x2000ffc0                        Heap_Bank1_End = .
 *(.no_init)
 .no_init       0x2000ffc0       0x14 lib_build/system_XMC4500.o
                0x2000ffc0                SystemCoreClock
                0x2000ffc4                g_chipid

DSRAM2_DATA     0x30000000        0x0 load address 0x0c007bc8
                0x30000000                        . = ALIGN (0x4)
                0x30000000                        __data2_start = .
 *(DSRAM2_DATA)
                0x30000000                        . = ALIGN (0x4)
                0x30000000                        __data2_end = .
                0x0c007bc8                        __data2_load = LOADADDR (DSRAM2_DATA)
                0x00000000                        __data2_size = (__data2_end - __data2_start)
                0x00007bc8                        __text_size = (((((__exidx_end - sText) + __data_size) + __ram_code_size) + __data2_size) + __data3_size)
                0x08007bc8                        eText = (sText + __text_size)

DSRAM2_BSS      0x30000000      0xe00 load address 0x0c007bc8
                0x30000000                        . = ALIGN (0x4)
                0x30000000                        __bss2_start = .
 *(ETH_RAM)
 *(USB_RAM)
 USB_RAM        0x30000000      0xe00 lib_build/xmc_usbd.o
 *(DSRAM2_BSS)
                0x30000e00                        . = ALIGN (0x4)
                0x30000e00                        __bss2_end = .
                0x30000e00                        . = ALIGN (0x8)
                0x30000e00                        Heap_Bank2_Start = .
                0x00000e00                        __bss2_size = (__bss2_end - __bss2_start)
                0x0000f260                        Heap_Bank1_Size = (Heap_Bank1_End - Heap_Bank1_Start)
                0x00007200                        Heap_Bank2_Size = (LENGTH (DSRAM_2_comm) - (Heap_Bank2_Start - ORIGIN (DSRAM_2_comm)))
                0x0000f800                        Heap_Bank3_Size = (LENGTH (PSRAM_1) - (Heap_Bank3_Start - ORIGIN (PSRAM_1)))
                0x00000001                        ASSERT ((Heap_Bank1_Start <= Heap_Bank1_End), region SRAM_combined overflowed no_init section)

/DISCARD/
 *(.comment)

.stab
 *(.stab)

.stabstr
 *(.stabstr)

.debug
 *(.debug)

.line
 *(.line)

.debug_srcinfo
 *(.debug_srcinfo)

.debug_sfnames
 *(.debug_sfnames)

.debug_aranges  0x00000000      0x8d0
 *(.debug_aranges)
 .debug_aranges
                0x00000000       0x48 build/main.o
 .debug_aranges