   1              		.cpu cortex-m4
   2              		.arch armv7e-m
   3              		.fpu fpv4-sp-d16
   4              		.eabi_attribute 27, 1
   5              		.eabi_attribute 20, 1
   6              		.eabi_attribute 21, 1
   7              		.eabi_attribute 23, 3
   8              		.eabi_attribute 24, 1
   9              		.eabi_attribute 25, 1
  10              		.eabi_attribute 26, 1
  11              		.eabi_attribute 30, 1
  12              		.eabi_attribute 34, 1
  13              		.eabi_attribute 18, 4
  14              		.file	"xmc_gpio.c"
  15              		.text
  16              	.Ltext0:
  17              		.cfi_sections	.debug_frame
  18              		.file 1 "/opt/XMClib/XMC_Peripheral_Library_v2.1.16/XMCLib/src/xmc_gpio.c"
  19              		.section	.text.XMC_GPIO_SetMode,"ax",%progbits
  20              		.align	1
  21              		.global	XMC_GPIO_SetMode
  22              		.syntax unified
  23              		.thumb
  24              		.thumb_func
  26              	XMC_GPIO_SetMode:
  27              	.LVL0:
  28              	.LFB138:
   1:/opt/XMClib/XMC_Peripheral_Library_v2.1.16/XMCLib/src/xmc_gpio.c **** /**
   2:/opt/XMClib/XMC_Peripheral_Library_v2.1.16/XMCLib/src/xmc_gpio.c ****  * @file xmc_gpio.c
   3:/opt/XMClib/XMC_Peripheral_Library_v2.1.16/XMCLib/src/xmc_gpio.c ****  * @date 2015-06-20
   4:/opt/XMClib/XMC_Peripheral_Library_v2.1.16/XMCLib/src/xmc_gpio.c ****  *
   5:/opt/XMClib/XMC_Peripheral_Library_v2.1.16/XMCLib/src/xmc_gpio.c ****  * @cond
   6:/opt/XMClib/XMC_Peripheral_Library_v2.1.16/XMCLib/src/xmc_gpio.c ****  **************************************************************************************************
   7:/opt/XMClib/XMC_Peripheral_Library_v2.1.16/XMCLib/src/xmc_gpio.c ****  * XMClib v2.1.16 - XMC Peripheral Driver Library 
   8:/opt/XMClib/XMC_Peripheral_Library_v2.1.16/XMCLib/src/xmc_gpio.c ****  *
   9:/opt/XMClib/XMC_Peripheral_Library_v2.1.16/XMCLib/src/xmc_gpio.c ****  * Copyright (c) 2015-2017, Infineon Technologies AG
  10:/opt/XMClib/XMC_Peripheral_Library_v2.1.16/XMCLib/src/xmc_gpio.c ****  * All rights reserved.                        
  11:/opt/XMClib/XMC_Peripheral_Library_v2.1.16/XMCLib/src/xmc_gpio.c ****  *                                             
  12:/opt/XMClib/XMC_Peripheral_Library_v2.1.16/XMCLib/src/xmc_gpio.c ****  * Redistribution and use in source and binary forms, with or without modification,are permitted pr
  13:/opt/XMClib/XMC_Peripheral_Library_v2.1.16/XMCLib/src/xmc_gpio.c ****  * following conditions are met:   
  14:/opt/XMClib/XMC_Peripheral_Library_v2.1.16/XMCLib/src/xmc_gpio.c ****  *                                                                              
  15:/opt/XMClib/XMC_Peripheral_Library_v2.1.16/XMCLib/src/xmc_gpio.c ****  * Redistributions of source code must retain the above copyright notice, this list of conditions a
  16:/opt/XMClib/XMC_Peripheral_Library_v2.1.16/XMCLib/src/xmc_gpio.c ****  * disclaimer.                        
  17:/opt/XMClib/XMC_Peripheral_Library_v2.1.16/XMCLib/src/xmc_gpio.c ****  * 
  18:/opt/XMClib/XMC_Peripheral_Library_v2.1.16/XMCLib/src/xmc_gpio.c ****  * Redistributions in binary form must reproduce the above copyright notice, this list of condition
  19:/opt/XMClib/XMC_Peripheral_Library_v2.1.16/XMCLib/src/xmc_gpio.c ****  * disclaimer in the documentation and/or other materials provided with the distribution.          
  20:/opt/XMClib/XMC_Peripheral_Library_v2.1.16/XMCLib/src/xmc_gpio.c ****  * 
  21:/opt/XMClib/XMC_Peripheral_Library_v2.1.16/XMCLib/src/xmc_gpio.c ****  * Neither the name of the copyright holders nor the names of its contributors may be used to endor
  22:/opt/XMClib/XMC_Peripheral_Library_v2.1.16/XMCLib/src/xmc_gpio.c ****  * products derived from this software without specific prior written permission.                  
  23:/opt/XMClib/XMC_Peripheral_Library_v2.1.16/XMCLib/src/xmc_gpio.c ****  *                                                                              
  24:/opt/XMClib/XMC_Peripheral_Library_v2.1.16/XMCLib/src/xmc_gpio.c ****  * THIS SOFTWARE IS PROVIDED BY THE COPYRIGHT HOLDERS AND CONTRIBUTORS "AS IS" AND ANY EXPRESS OR I
  25:/opt/XMClib/XMC_Peripheral_Library_v2.1.16/XMCLib/src/xmc_gpio.c ****  * INCLUDING, BUT NOT LIMITED TO, THE IMPLIED WARRANTIES OF MERCHANTABILITY AND FITNESS FOR A PARTI
  26:/opt/XMClib/XMC_Peripheral_Library_v2.1.16/XMCLib/src/xmc_gpio.c ****  * DISCLAIMED. IN NO EVENT SHALL THE COPYRIGHT HOLDER OR CONTRIBUTORS BE LIABLE  FOR ANY DIRECT, IN
  27:/opt/XMClib/XMC_Peripheral_Library_v2.1.16/XMCLib/src/xmc_gpio.c ****  * SPECIAL, EXEMPLARY, OR CONSEQUENTIAL DAMAGES (INCLUDING, BUT NOT LIMITED TO, PROCUREMENT OF SUBS
  28:/opt/XMClib/XMC_Peripheral_Library_v2.1.16/XMCLib/src/xmc_gpio.c ****  * SERVICES; LOSS OF USE, DATA, OR PROFITS; OR BUSINESS INTERRUPTION) HOWEVER CAUSED AND ON ANY THE
  29:/opt/XMClib/XMC_Peripheral_Library_v2.1.16/XMCLib/src/xmc_gpio.c ****  * WHETHER IN CONTRACT, STRICT LIABILITY,OR TORT (INCLUDING NEGLIGENCE OR OTHERWISE) ARISING IN ANY
  30:/opt/XMClib/XMC_Peripheral_Library_v2.1.16/XMCLib/src/xmc_gpio.c ****  * OF THIS SOFTWARE, EVEN IF ADVISED OF THE POSSIBILITY OF SUCH DAMAGE.                            
  31:/opt/XMClib/XMC_Peripheral_Library_v2.1.16/XMCLib/src/xmc_gpio.c ****  *                                                                              
  32:/opt/XMClib/XMC_Peripheral_Library_v2.1.16/XMCLib/src/xmc_gpio.c ****  * To improve the quality of the software, users are encouraged to share modifications, enhancement
  33:/opt/XMClib/XMC_Peripheral_Library_v2.1.16/XMCLib/src/xmc_gpio.c ****  * Infineon Technologies AG dave@infineon.com).                                                    
  34:/opt/XMClib/XMC_Peripheral_Library_v2.1.16/XMCLib/src/xmc_gpio.c ****  **************************************************************************************************
  35:/opt/XMClib/XMC_Peripheral_Library_v2.1.16/XMCLib/src/xmc_gpio.c ****  *
  36:/opt/XMClib/XMC_Peripheral_Library_v2.1.16/XMCLib/src/xmc_gpio.c ****  * Change History
  37:/opt/XMClib/XMC_Peripheral_Library_v2.1.16/XMCLib/src/xmc_gpio.c ****  * --------------
  38:/opt/XMClib/XMC_Peripheral_Library_v2.1.16/XMCLib/src/xmc_gpio.c ****  *
  39:/opt/XMClib/XMC_Peripheral_Library_v2.1.16/XMCLib/src/xmc_gpio.c ****  * 2015-02-20:
  40:/opt/XMClib/XMC_Peripheral_Library_v2.1.16/XMCLib/src/xmc_gpio.c ****  *     - Initial draft <br>
  41:/opt/XMClib/XMC_Peripheral_Library_v2.1.16/XMCLib/src/xmc_gpio.c ****  *      
  42:/opt/XMClib/XMC_Peripheral_Library_v2.1.16/XMCLib/src/xmc_gpio.c ****  * 2015-06-20:
  43:/opt/XMClib/XMC_Peripheral_Library_v2.1.16/XMCLib/src/xmc_gpio.c ****  *     - Removed version macros and declaration of GetDriverVersion API
  44:/opt/XMClib/XMC_Peripheral_Library_v2.1.16/XMCLib/src/xmc_gpio.c ****  *
  45:/opt/XMClib/XMC_Peripheral_Library_v2.1.16/XMCLib/src/xmc_gpio.c ****  * @endcond
  46:/opt/XMClib/XMC_Peripheral_Library_v2.1.16/XMCLib/src/xmc_gpio.c ****  *
  47:/opt/XMClib/XMC_Peripheral_Library_v2.1.16/XMCLib/src/xmc_gpio.c ****  */
  48:/opt/XMClib/XMC_Peripheral_Library_v2.1.16/XMCLib/src/xmc_gpio.c **** 
  49:/opt/XMClib/XMC_Peripheral_Library_v2.1.16/XMCLib/src/xmc_gpio.c **** /*******************************************************************************
  50:/opt/XMClib/XMC_Peripheral_Library_v2.1.16/XMCLib/src/xmc_gpio.c ****  * HEADER FILES
  51:/opt/XMClib/XMC_Peripheral_Library_v2.1.16/XMCLib/src/xmc_gpio.c ****  *******************************************************************************/
  52:/opt/XMClib/XMC_Peripheral_Library_v2.1.16/XMCLib/src/xmc_gpio.c **** 
  53:/opt/XMClib/XMC_Peripheral_Library_v2.1.16/XMCLib/src/xmc_gpio.c **** #include <xmc_gpio.h>
  54:/opt/XMClib/XMC_Peripheral_Library_v2.1.16/XMCLib/src/xmc_gpio.c **** 
  55:/opt/XMClib/XMC_Peripheral_Library_v2.1.16/XMCLib/src/xmc_gpio.c **** /*******************************************************************************
  56:/opt/XMClib/XMC_Peripheral_Library_v2.1.16/XMCLib/src/xmc_gpio.c ****  * MACROS
  57:/opt/XMClib/XMC_Peripheral_Library_v2.1.16/XMCLib/src/xmc_gpio.c ****  *******************************************************************************/
  58:/opt/XMClib/XMC_Peripheral_Library_v2.1.16/XMCLib/src/xmc_gpio.c **** 
  59:/opt/XMClib/XMC_Peripheral_Library_v2.1.16/XMCLib/src/xmc_gpio.c **** #define PORT_HWSEL_Msk PORT0_HWSEL_HW0_Msk
  60:/opt/XMClib/XMC_Peripheral_Library_v2.1.16/XMCLib/src/xmc_gpio.c **** 
  61:/opt/XMClib/XMC_Peripheral_Library_v2.1.16/XMCLib/src/xmc_gpio.c **** /*******************************************************************************
  62:/opt/XMClib/XMC_Peripheral_Library_v2.1.16/XMCLib/src/xmc_gpio.c ****  * API IMPLEMENTATION
  63:/opt/XMClib/XMC_Peripheral_Library_v2.1.16/XMCLib/src/xmc_gpio.c ****  *******************************************************************************/
  64:/opt/XMClib/XMC_Peripheral_Library_v2.1.16/XMCLib/src/xmc_gpio.c **** 
  65:/opt/XMClib/XMC_Peripheral_Library_v2.1.16/XMCLib/src/xmc_gpio.c **** void XMC_GPIO_SetMode(XMC_GPIO_PORT_t *const port, const uint8_t pin, const XMC_GPIO_MODE_t mode)
  66:/opt/XMClib/XMC_Peripheral_Library_v2.1.16/XMCLib/src/xmc_gpio.c **** {
  29              		.loc 1 66 1 view -0
  30              		.cfi_startproc
  31              		@ args = 0, pretend = 0, frame = 0
  32              		@ frame_needed = 0, uses_anonymous_args = 0
  33              		@ link register save eliminated.
  67:/opt/XMClib/XMC_Peripheral_Library_v2.1.16/XMCLib/src/xmc_gpio.c ****   XMC_ASSERT("XMC_GPIO_SetMode: Invalid port", XMC_GPIO_CHECK_PORT(port));
  34              		.loc 1 67 3 view .LVU1
  35              		.loc 1 67 74 view .LVU2
  68:/opt/XMClib/XMC_Peripheral_Library_v2.1.16/XMCLib/src/xmc_gpio.c ****   XMC_ASSERT("XMC_GPIO_SetMode: Invalid mode", XMC_GPIO_IsModeValid(mode));
  36              		.loc 1 68 3 view .LVU3
  37              		.loc 1 68 75 view .LVU4
  69:/opt/XMClib/XMC_Peripheral_Library_v2.1.16/XMCLib/src/xmc_gpio.c **** 
  70:/opt/XMClib/XMC_Peripheral_Library_v2.1.16/XMCLib/src/xmc_gpio.c ****   port->IOCR[(uint32_t)pin >> 2U] &= ~(uint32_t)((uint32_t)PORT_IOCR_PC_Msk << ((uint32_t)PORT_IOCR
  38              		.loc 1 70 3 view .LVU5
  39 0000 01F0FC03 		and	r3, r1, #252
  40 0004 1844     		add	r0, r0, r3
  41              	.LVL1:
  42              		.loc 1 70 13 is_stmt 0 view .LVU6
  43 0006 0369     		ldr	r3, [r0, #16]
  44              		.loc 1 70 126 view .LVU7
  45 0008 01F00301 		and	r1, r1, #3
  46              	.LVL2:
  47              		.loc 1 70 109 view .LVU8
  48 000c C900     		lsls	r1, r1, #3
  49              		.loc 1 70 39 view .LVU9
  50 000e 4FF0F80C 		mov	ip, #248
  51 0012 0CFA01FC 		lsl	ip, ip, r1
  52              		.loc 1 70 35 view .LVU10
  53 0016 23EA0C03 		bic	r3, r3, ip
  54 001a 0361     		str	r3, [r0, #16]
  71:/opt/XMClib/XMC_Peripheral_Library_v2.1.16/XMCLib/src/xmc_gpio.c ****   port->IOCR[(uint32_t)pin >> 2U] |= (uint32_t)mode << ((uint32_t)PORT_IOCR_PC_Size * ((uint32_t)pi
  55              		.loc 1 71 3 is_stmt 1 view .LVU11
  56              		.loc 1 71 13 is_stmt 0 view .LVU12
  57 001c 0369     		ldr	r3, [r0, #16]
  58              		.loc 1 71 53 view .LVU13
  59 001e 8A40     		lsls	r2, r2, r1
  60              	.LVL3:
  61              		.loc 1 71 35 view .LVU14
  62 0020 1A43     		orrs	r2, r2, r3
  63 0022 0261     		str	r2, [r0, #16]
  72:/opt/XMClib/XMC_Peripheral_Library_v2.1.16/XMCLib/src/xmc_gpio.c **** }
  64              		.loc 1 72 1 view .LVU15
  65 0024 7047     		bx	lr
  66              		.cfi_endproc
  67              	.LFE138:
  69              		.section	.text.XMC_GPIO_SetHardwareControl,"ax",%progbits
  70              		.align	1
  71              		.global	XMC_GPIO_SetHardwareControl
  72              		.syntax unified
  73              		.thumb
  74              		.thumb_func
  76              	XMC_GPIO_SetHardwareControl:
  77              	.LVL4:
  78              	.LFB139:
  73:/opt/XMClib/XMC_Peripheral_Library_v2.1.16/XMCLib/src/xmc_gpio.c **** 
  74:/opt/XMClib/XMC_Peripheral_Library_v2.1.16/XMCLib/src/xmc_gpio.c **** void XMC_GPIO_SetHardwareControl(XMC_GPIO_PORT_t *const port, const uint8_t pin, const XMC_GPIO_HWC
  75:/opt/XMClib/XMC_Peripheral_Library_v2.1.16/XMCLib/src/xmc_gpio.c **** {
  79              		.loc 1 75 1 is_stmt 1 view -0
  80              		.cfi_startproc
  81              		@ args = 0, pretend = 0, frame = 0
  82              		@ frame_needed = 0, uses_anonymous_args = 0
  83              		@ link register save eliminated.
  76:/opt/XMClib/XMC_Peripheral_Library_v2.1.16/XMCLib/src/xmc_gpio.c ****   XMC_ASSERT("XMC_GPIO_SetHardwareControl: Invalid port", XMC_GPIO_CHECK_PORT(port));
  84              		.loc 1 76 3 view .LVU17
  85              		.loc 1 76 85 view .LVU18
  77:/opt/XMClib/XMC_Peripheral_Library_v2.1.16/XMCLib/src/xmc_gpio.c ****   XMC_ASSERT("XMC_GPIO_SetHardwareControl: Invalid hwctrl", XMC_GPIO_CHECK_HWCTRL(hwctrl));
  86              		.loc 1 77 3 view .LVU19
  87              		.loc 1 77 91 view .LVU20
  78:/opt/XMClib/XMC_Peripheral_Library_v2.1.16/XMCLib/src/xmc_gpio.c **** 
  79:/opt/XMClib/XMC_Peripheral_Library_v2.1.16/XMCLib/src/xmc_gpio.c ****   port->HWSEL &= ~(uint32_t)((uint32_t)PORT_HWSEL_Msk << ((uint32_t)pin << 1U));
  88              		.loc 1 79 3 view .LVU21
  89              		.loc 1 79 7 is_stmt 0 view .LVU22
  90 0000 436F     		ldr	r3, [r0, #116]
  91              		.loc 1 79 73 view .LVU23
  92 0002 4900     		lsls	r1, r1, #1
  93              	.LVL5:
  94              		.loc 1 79 19 view .LVU24
  95 0004 4FF0030C 		mov	ip, #3
  96 0008 0CFA01FC 		lsl	ip, ip, r1
  97              		.loc 1 79 15 view .LVU25
  98 000c 23EA0C03 		bic	r3, r3, ip
  99 0010 4367     		str	r3, [r0, #116]
  80:/opt/XMClib/XMC_Peripheral_Library_v2.1.16/XMCLib/src/xmc_gpio.c ****   port->HWSEL |= (uint32_t)hwctrl << ((uint32_t)pin << 1U);
 100              		.loc 1 80 3 is_stmt 1 view .LVU26
 101              		.loc 1 80 7 is_stmt 0 view .LVU27
 102 0012 436F     		ldr	r3, [r0, #116]
 103              		.loc 1 80 35 view .LVU28
 104 0014 8A40     		lsls	r2, r2, r1
 105              	.LVL6:
 106              		.loc 1 80 15 view .LVU29
 107 0016 1A43     		orrs	r2, r2, r3
 108 0018 4267     		str	r2, [r0, #116]
  81:/opt/XMClib/XMC_Peripheral_Library_v2.1.16/XMCLib/src/xmc_gpio.c **** }
 109              		.loc 1 81 1 view .LVU30
 110 001a 7047     		bx	lr
 111              		.cfi_endproc
 112              	.LFE139:
 114              		.text
 115              	.Letext0:
 116              		.file 2 "/usr/lib/gcc/arm-none-eabi/13.2.1/include/stdint.h"
 117              		.file 3 "/opt/XMClib/XMC_Peripheral_Library_v2.1.16/XMCLib/inc/xmc_gpio.h"
 118              		.file 4 "/opt/XMClib/XMC_Peripheral_Library_v2.1.16/XMCLib/inc/xmc4_gpio.h"
DEFINED SYMBOLS
                            *ABS*:00000000 xmc_gpio.c
     /tmp/ccihy9jk.s:20     .text.XMC_GPIO_SetMode:00000000 $t
     /tmp/ccihy9jk.s:26     .text.XMC_GPIO_SetMode:00000000 XMC_GPIO_SetMode
     /tmp/ccihy9jk.s:70     .text.XMC_GPIO_SetHardwareControl:00000000 $t
     /tmp/ccihy9jk.s:76     .text.XMC_GPIO_SetHardwareControl:00000000 XMC_GPIO_SetHardwareControl
                           .group:00000000 wm4.0.4be6372613153b6292d63d4df696c1e1
                           .group:00000000 wm4.stddef.h.39.38eb7ec030421799c657b13be5aa21c7
                           .group:00000000 wm4.stdint.h.29.6d480f4ba0f60596e88234283d42444f
                           .group:00000000 wm4.stdbool.h.29.c08aa3eec75cf5b9b5003883f43253f0
                           .group:00000000 wm4._newlib_version.h.4.411db44ea2338a62eca2f0777f81481b
                           .group:00000000 wm4.newlib.h.27.07bf1b8b16da454ae07478107717878b
                           .group:00000000 wm4.ieeefp.h.77.5ad60f72ea25fc152400b550ac118212
                           .group:00000000 wm4.features.h.22.c11ecc6cb8b914ead0c0895c00b4b4d5
                           .group:00000000 wm4.config.h.224.10ee1ad185d877c6e334e6581faab44d
                           .group:00000000 wm4._ansi.h.31.de524f58584151836e90d8620a16f8e8
                           .group:00000000 wm4._default_types.h.6.959254cf5f09734ea7516c89e8bb21bd
                           .group:00000000 wm4.cdefs.h.49.a0dc0a4a6c7d01e2e5d0aade9399215f
                           .group:00000000 wm4._types.h.20.dd0d04dca3800a0d2a6129b87f3adbb2
                           .group:00000000 wm4.stddef.h.158.6f8e08a347b1cff664332fa350bfceb3
                           .group:00000000 wm4._types.h.127.3bdfe3ff8ea2d0985b03d9cbe93480e3
                           .group:00000000 wm4.reent.h.18.25503cdc8b7e55dd0d6ea7b3e5af7a03
                           .group:00000000 wm4.lock.h.2.c0958401bd0ce484d507ee19aacab817
                           .group:00000000 wm4.reent.h.78.7f0775353a33c852a1479c008f68cd03
                           .group:00000000 wm4.string.h.15.dab3980bf35408a4c507182805e2de3a
                           .group:00000000 wm4.stddef.h.158.eec8bf00b5213f43d095cb984c5f22e3
                           .group:00000000 wm4.xmc_device.h.61.ba2d082e12f51240746cffdd60d42b81
                           .group:00000000 wm4.XMC4500.h.55.9aa45b9b5790506b2dcb963e4e7adeaf
                           .group:00000000 wm4.core_cm4.h.32.6c6eb1c8daeca23ce7ba79c8e8120d52
                           .group:00000000 wm4.cmsis_gcc.h.26.91b63349961c35637933e4fba51b867b
                           .group:00000000 wm4.core_cm4.h.172.fdd5a388a160bb6ff767b7d7ee212268
                           .group:00000000 wm4.system_XMC4500.h.42.99124977c10ca8844a71949adbeabd70
                           .group:00000000 wm4.XMC4500.h.208.b340195df97f067735c4c769ba59985a
                           .group:00000000 wm4.xmc_device.h.1460.8860499b404961ffcfbb8d1fefcb2146
                           .group:00000000 wm4.xmc_common.h.92.3f4336a80569affab05a81145b87c2fc
                           .group:00000000 wm4.xmc_gpio.h.97.fa6a2e1be6030a75d960293cc3bbbd6b
                           .group:00000000 wm4.xmc4_gpio_map.h.74.66e9110cf801b78826ef5354da51c32f
                           .group:00000000 wm4.xmc4_gpio.h.79.ce6c49508b5a7769c66e7e3c21dcdfe4

NO UNDEFINED SYMBOLS
